TX PAI1,MODE,1*1f24
RX PNEU1,8929,225668,3946139
RX PNEU1,8930,225693,3946460
RX PNEU1,8931,225718,3946010
RX PNEU1,8932,225743,3946309
RX PNEU1,8933,225768,3946407
RX PNEU1,8934,225794,3946470
RX PNEU1,8935,225819,3946233
RX PNEU1,8936,225844,3945819
RX PNEU1,8937,225869,3945769
RX PNEU1,8938,225894,3946152
RX PNEU1,8939,225919,3946416
RX PNEU1,8940,225945,3946316
RX # PAI1,MODE,1
TX PAI1,INIT,1,12,32,1,1*9bc6
RX # PNEL1,UNKNOWN,225955
RX # PAI1,INIT,1,12,32,4
TX PAI1,TRAIN,2,3,be5d3d1a3d8bbd103e343e6bbe35bd2dbd8ebded3e643ed1*f3b6
RX # PAI1,TRAIN,2,1293
TX PAI1,TRAIN,3,3,be9c3f103e803eae3e453f263dc4bcb3be1bbd573ea53cea*f165
RX # PAI1,TRAIN,3,1291
TX PAI1,TRAIN,4,3,3e12bd4cbd6c3d30bd54be2c3eb1bcd7bdc23d213de43e61*cc29
RX # PAI1,TRAIN,4,1289
TX PAI1,TRAIN,5,2,be1d3ed1be1ebd883e5c3ed03f123e3b3f6e3f4ebf4dbf1c*4c21
RX # PAI1,TRAIN,5,1291
TX PAI1,TRAIN,6,3,3ca73e933dd33e1abd563e27be4c3e0f3d57bcea3dc2bdce*2497
RX # PAI1,TRAIN,6,1290
TX PAI1,TRAIN,7,3,3e11bd8c3e013dcebe2fbe363e293f063e893e993d393e9d*2e9c
RX # PAI1,TRAIN,7,1290
TX PAI1,TRAIN,8,3,3f203f183eb13ef0bf34be5dbda1bd89bd55bd6a3f253f01*83e1
RX # PAI1,TRAIN,8,1291
TX PAI1,TRAIN,9,3,3ef9beda3f0a3ecdbe89bf3cbeae3e88be14be503f2a3ef6*bbef
RX # PAI1,TRAIN,9,1287
TX PAI1,TRAIN,10,1,bf08bf1fbf3abf443f133de3bf1fbf13beb5beecbed2bdf0*a402
RX # PAI1,TRAIN,10,1291
TX PAI1,TRAIN,11,3,3e96bbd73e713e62be94be903d4d3eb03d993e1b3e203e13*6a0f
RX # PAI1,TRAIN,11,1291
TX PAI1,TRAIN,12,3,bdb63e803d4f3d01be113e7a3e383e14be39bd023d0dbcb5*9165
RX # PAI1,TRAIN,12,1290
TX PAI1,TRAIN,13,1,bf1abe95bf09bf113f233ec6bf2dbf33bf01bf21bde8bd11*824d
RX # PAI1,TRAIN,13,1291
TX PAI1,TRAIN,14,3,bdae3d46be7abe49bd5b3de53ed53e31bcd83e2abe2e3e49*e624
RX # PAI1,TRAIN,14,1290
TX PAI1,TRAIN,15,2,be953eb4be3abd773ea73f003f003e5b3f7f3f6ebf1abcca*a753
RX # PAI1,TRAIN,15,1292
TX PAI1,TRAIN,16,2,bf193e14be8bbe803f243f2a3f02bcb03e883eadbeeebe0d*3bf4
RX # PAI1,TRAIN,16,1291
TX PAI1,TRAIN,17,4,3e58bd9f3e343e35be90be80be25be93be3cbe853ceebf18*6fc3
RX # PAI1,TRAIN,17,1291
TX PAI1,TRAIN,18,3,3c333c453cd0bcfe3c9cbb343d19bee9be5ebe3e3e3c3e64*6d5a
RX # PAI1,TRAIN,18,1290
TX PAI1,TRAIN,19,3,3e4f3e4d3ea23e97be9ebd843eb4bb72bddc3d153ead3e86*ec74
RX # PAI1,TRAIN,19,1292
TX PAI1,TRAIN,20,4,3e9cbe283ebf3eb4be91beca3dc0bd9c3b323c3a3d52bf03*cdc8
RX # PAI1,TRAIN,20,1291
TX PAI1,TRAIN,21,3,bcac3e5c3dbe3da33df93e21bbd23ed93ed33e973deb3efd*7109
RX # PAI1,TRAIN,21,1289
TX PAI1,TRAIN,22,3,3e6abf6bbb3cbd81be02bf4ebecb3e483d8a3a22bdadbd94*593d
RX # PAI1,TRAIN,22,1290
TX PAI1,TRAIN,23,3,3e623e7e3ec93eb0bea5bd513de53e203e913e8e3e6c3e7e*e29b
RX # PAI1,TRAIN,23,1291
TX PAI1,TRAIN,24,1,bf2cbee3bf23bf313f203eb6be81bf87bf23bf33be89be7a*3549
RX # PAI1,TRAIN,24,1291
TX PAI1,TRAIN,25,3,bdb13d45bea8be773df03de73e9f3e4dbe0d3d5fbe283e13*43f2
RX # PAI1,TRAIN,25,1292
TX PAI1,TRAIN,26,3,3e77be43bb82bc5fbdb3beb33d3d3da9bd81bc8dbd8cbe19*a563
RX # PAI1,TRAIN,26,1292
TX PAI1,TRAIN,27,3,3db5be403d6abd18be36be50bee53d9dbd9ebe313cfabdb7*1a36
RX # PAI1,TRAIN,27,1292
TX PAI1,TRAIN,28,1,bf12bed8bf28bf353f1d3e8bbf11bf26becdbf05be853ce2*341d
RX # PAI1,TRAIN,28,1290
TX PAI1,TRAIN,29,4,3e9c3f023eaf3ebcbee93d09bde0be87bd71bddc3df9bf09*9069
RX # PAI1,TRAIN,29,1290
TX PAI1,TRAIN,30,3,3eaa3d823e913ea6be61be8dbed03e52be26be703f133ec2*5d91
RX # PAI1,TRAIN,30,1293
TX PAI1,TRAIN,31,3,be47be813d33bd433d9e3cc3bed73db8be80be9c3ea93ed8*5241
RX # PAI1,TRAIN,31,1292
TX PAI1,TRAIN,32,4,3eac3e793ead3edfbeb1be283ae83edabda0bcc73e37beda*ed20
RX # PAI1,TRAIN,32,1291
TX PAI1,TRAIN,33,4,3ea43ead3e513e7bbeabbdb63d98be01bdb8bd5cbd7dbf27*4ef9
RX # PAI1,TRAIN,33,1289
TX PAI1,TRAIN,34,3,3eb43e4b3eae3eb3bee6be55bdef3e9d3e563e373e9a3e87*c788
RX # PAI1,TRAIN,34,1291
TX PAI1,TRAIN,35,1,bf14befabf26bf333f123e76bf1cbf32bec8bf07be9abdaa*4f6a
RX # PAI1,TRAIN,35,1292
TX PAI1,TRAIN,36,3,be563e90befabea53e5a3ec23ed53e483da13e51beb63d79*0c10
RX # PAI1,TRAIN,36,1292
TX PAI1,TRAIN,37,3,bcfa3d31be20bd9e3dd53d683e973e653e093e47bde23e18*414e
RX # PAI1,TRAIN,37,1290
TX PAI1,TRAIN,38,4,3e67be6abeaabe82bc27beb83e063e36be86be35be4abe54*11a3
RX # PAI1,TRAIN,38,1290
TX PAI1,TRAIN,39,2,bcf2bf2dba58bdc8bd97bece3e133d1d3e9d3e69bec7bec6*c8b4
RX # PAI1,TRAIN,39,1292
TX PAI1,TRAIN,40,2,bec93d93bebfbeaf3ed43ed73f043e0c3f563f36bf47be35*a059
RX # PAI1,TRAIN,40,1291
TX PAI1,TRAIN,41,3,3ec1bdfb3eb63e81be8bbee0be843e4a3db2bcd43eaa3e7b*055b
RX # PAI1,TRAIN,41,1290
TX PAI1,TRAIN,42,3,be843d6f3dc43c913e1c3e913d673beb3c833b463e893f11*68e6
RX # PAI1,TRAIN,42,1291
TX PAI1,TRAIN,43,3,bcc93de03e273d643d033dbe3eae3e553d333e64bd883d26*9ad1
RX # PAI1,TRAIN,43,1291
TX PAI1,TRAIN,44,4,3ef43e9d3ef83f05beb0be833db0be8bbebabe813e94bf22*4068
RX # PAI1,TRAIN,44,1292
TX PAI1,TRAIN,45,3,be5d3d1a3d8bbd103e343e6bbe35bd2dbd8ebded3e643ed1*e2a7
RX # PAI1,TRAIN,45,1293
TX PAI1,TRAIN,46,2,bec93d93bebfbeaf3ed43ed73f043e0c3f563f36bf47be35*abf8
RX # PAI1,TRAIN,46,1291
TX PAI1,TRAIN,47,3,3ec1bdfb3eb63e81be8bbee0be843e4a3db2bcd43eaa3e7b*0efa
RX # PAI1,TRAIN,47,1292
TX PAI1,TRAIN,48,3,bdb13d45bea8be773df03de73e9f3e4dbe0d3d5fbe283e13*3f9b
RX # PAI1,TRAIN,48,1292
TX PAI1,TRAIN,49,3,3eb43e4b3eae3eb3bee6be55bdef3e9d3e563e373e9a3e87*341d
RX # PAI1,TRAIN,49,1292
TX PAI1,TRAIN,50,1,bf14befabf26bf333f123e76bf1cbf32bec8bf07be9abdaa*d960
RX # PAI1,TRAIN,50,1293
TX PAI1,TRAIN,51,4,3ea43ead3e513e7bbeabbdb63d98be01bdb8bd5cbd7dbf27*a812
RX # PAI1,TRAIN,51,1293
TX PAI1,TRAIN,52,3,bcac3e5c3dbe3da33df93e21bbd23ed93ed33e973deb3efd*635e
RX # PAI1,TRAIN,52,1292
TX PAI1,TRAIN,53,3,3e12bd4cbd6c3d30bd54be2c3eb1bcd7bdc23d213de43e61*52c4
RX # PAI1,TRAIN,53,1293
TX PAI1,TRAIN,54,3,3e6abf6bbb3cbd81be02bf4ebecb3e483d8a3a22bdadbd94*cd0b
RX # PAI1,TRAIN,54,1293
TX PAI1,TRAIN,55,3,be9c3f103e803eae3e453f263dc4bcb3be1bbd573ea53cea*14c8
RX # PAI1,TRAIN,55,1291
TX PAI1,TRAIN,56,1,bf12bed8bf28bf353f1d3e8bbf11bf26becdbf05be853ce2*4a48
RX # PAI1,TRAIN,56,1292
TX PAI1,TRAIN,57,2,bcf2bf2dba58bdc8bd97bece3e133d1d3e9d3e69bec7bec6*391d
RX # PAI1,TRAIN,57,1291
TX PAI1,TRAIN,58,3,3e96bbd73e713e62be94be903d4d3eb03d993e1b3e203e13*e49e
RX # PAI1,TRAIN,58,1292
TX PAI1,TRAIN,59,3,3db5be403d6abd18be36be50bee53d9dbd9ebe313cfabdb7*6463
RX # PAI1,TRAIN,59,1291
TX PAI1,TRAIN,60,3,bcc93de03e273d643d033dbe3eae3e553d333e64bd883d26*18c8
RX # PAI1,TRAIN,60,1293
TX PAI1,TRAIN,61,3,3e11bd8c3e013dcebe2fbe363e293f063e893e993d393e9d*4b14
RX # PAI1,TRAIN,61,1291
TX PAI1,TRAIN,62,2,bf193e14be8bbe803f243f2a3f02bcb03e883eadbeeebe0d*5942
RX # PAI1,TRAIN,62,1292
TX PAI1,TRAIN,63,3,3e77be43bb82bc5fbdb3beb33d3d3da9bd81bc8dbd8cbe19*3cb0
RX # PAI1,TRAIN,63,1293
TX PAI1,TRAIN,64,1,bf2cbee3bf23bf313f203eb6be81bf87bf23bf33be89be7a*2afb
RX # PAI1,TRAIN,64,1291
TX PAI1,TRAIN,65,4,3e9c3f023eaf3ebcbee93d09bde0be87bd71bddc3df9bf09*9899
RX # PAI1,TRAIN,65,1291
TX PAI1,TRAIN,66,3,3ca73e933dd33e1abd563e27be4c3e0f3d57bcea3dc2bdce*4abe
RX # PAI1,TRAIN,66,1291
TX PAI1,TRAIN,67,4,3e67be6abeaabe82bc27beb83e063e36be86be35be4abe54*1b6f
RX # PAI1,TRAIN,67,1292
TX PAI1,TRAIN,68,4,3e9cbe283ebf3eb4be91beca3dc0bd9c3b323c3a3d52bf03*3819
RX # PAI1,TRAIN,68,1292
TX PAI1,TRAIN,69,4,3e58bd9f3e343e35be90be80be25be93be3cbe853ceebf18*1196
RX # PAI1,TRAIN,69,1291
TX PAI1,TRAIN,70,1,bf1abe95bf09bf113f233ec6bf2dbf33bf01bf21bde8bd11*1fe6
RX # PAI1,TRAIN,70,1292
TX PAI1,TRAIN,71,3,bdb63e803d4f3d01be113e7a3e383e14be39bd023d0dbcb5*0cce
RX # PAI1,TRAIN,71,1293
TX PAI1,TRAIN,72,3,3e4f3e4d3ea23e97be9ebd843eb4bb72bddc3d153ead3e86*9bbc
RX # PAI1,TRAIN,72,1288
TX PAI1,TRAIN,73,3,bdae3d46be7abe49bd5b3de53ed53e31bcd83e2abe2e3e49*86ae
RX # PAI1,TRAIN,73,1292
TX PAI1,TRAIN,74,4,3ef43e9d3ef83f05beb0be833db0be8bbebabe813e94bf22*c04d
RX # PAI1,TRAIN,74,1291
TX PAI1,TRAIN,75,2,be1d3ed1be1ebd883e5c3ed03f123e3b3f6e3f4ebf4dbf1c*adf4
RX # PAI1,TRAIN,75,1293
TX PAI1,TRAIN,76,4,3eac3e793ead3edfbeb1be283ae83edabda0bcc73e37beda*0fb3
RX # PAI1,TRAIN,76,1291
TX PAI1,TRAIN,77,3,be563e90befabea53e5a3ec23ed53e483da13e51beb63d79*68e2
RX # PAI1,TRAIN,77,1292
TX PAI1,TRAIN,78,3,3e623e7e3ec93eb0bea5bd513de53e203e913e8e3e6c3e7e*1576
RX # PAI1,TRAIN,78,1291
TX PAI1,TRAIN,79,1,bf08bf1fbf3abf443f133de3bf1fbf13beb5beecbed2bdf0*254a
RX # PAI1,TRAIN,79,1292
TX PAI1,TRAIN,80,3,be843d6f3dc43c913e1c3e913d673beb3c833b463e893f11*beb0
RX # PAI1,TRAIN,80,1293
TX PAI1,TRAIN,81,3,be47be813d33bd433d9e3cc3bed73db8be80be9c3ea93ed8*ed00
RX # PAI1,TRAIN,81,1293
TX PAI1,TRAIN,82,3,3c333c453cd0bcfe3c9cbb343d19bee9be5ebe3e3e3c3e64*c121
RX # PAI1,TRAIN,82,1288
TX PAI1,TRAIN,83,2,be953eb4be3abd773ea73f003f003e5b3f7f3f6ebf1abcca*1c6a
RX # PAI1,TRAIN,83,1292
TX PAI1,TRAIN,84,3,bcfa3d31be20bd9e3dd53d683e973e653e093e47bde23e18*73cf
RX # PAI1,TRAIN,84,1292
TX PAI1,TRAIN,85,3,3f203f183eb13ef0bf34be5dbda1bd89bd55bd6a3f253f01*aec5
RX # PAI1,TRAIN,85,1292
TX PAI1,TRAIN,86,3,3eaa3d823e913ea6be61be8dbed03e52be26be703f133ec2*e971
RX # PAI1,TRAIN,86,1292
TX PAI1,TRAIN,87,3,3ef9beda3f0a3ecdbe89bf3cbeae3e88be14be503f2a3ef6*1b0b
RX # PAI1,TRAIN,87,1292
TX PAI1,TRAIN,88,4,3e67be6abeaabe82bc27beb83e063e36be86be35be4abe54*aee2
RX # PAI1,TRAIN,88,1290
TX PAI1,TRAIN,89,2,bec93d93bebfbeaf3ed43ed73f043e0c3f563f36bf47be35*11ac
RX # PAI1,TRAIN,89,1286
TX PAI1,TRAIN,90,3,bdb63e803d4f3d01be113e7a3e383e14be39bd023d0dbcb5*5881
RX # PAI1,TRAIN,90,1291
TX PAI1,TRAIN,91,3,3e77be43bb82bc5fbdb3beb33d3d3da9bd81bc8dbd8cbe19*6ac3
RX # PAI1,TRAIN,91,1292
TX PAI1,TRAIN,92,3,bdae3d46be7abe49bd5b3de53ed53e31bcd83e2abe2e3e49*d2e1
RX # PAI1,TRAIN,92,1292
TX PAI1,TRAIN,93,3,be843d6f3dc43c913e1c3e913d673beb3c833b463e893f11*bc8c
RX # PAI1,TRAIN,93,1291
TX PAI1,TRAIN,94,3,3ef9beda3f0a3ecdbe89bf3cbeae3e88be14be503f2a3ef6*1937
RX # PAI1,TRAIN,94,1292
TX PAI1,TRAIN,95,3,3ec1bdfb3eb63e81be8bbee0be843e4a3db2bcd43eaa3e7b*5750
RX # PAI1,TRAIN,95,1294
TX PAI1,TRAIN,96,3,3f203f183eb13ef0bf34be5dbda1bd89bd55bd6a3f253f01*acf9
RX # PAI1,TRAIN,96,1289
TX PAI1,TRAIN,97,4,3eac3e793ead3edfbeb1be283ae83edabda0bcc73e37beda*5bfc
RX # PAI1,TRAIN,97,1286
TX PAI1,TRAIN,98,3,bcac3e5c3dbe3da33df93e21bbd23ed93ed33e973deb3efd*5f6b
RX # PAI1,TRAIN,98,1293
TX PAI1,TRAIN,99,3,3db5be403d6abd18be36be50bee53d9dbd9ebe313cfabdb7*44b5
RX # PAI1,TRAIN,99,1291
TX PAI1,TRAIN,100,1,bf12bed8bf28bf353f1d3e8bbf11bf26becdbf05be853ce2*9099
RX # PAI1,TRAIN,100,1293
TX PAI1,TRAIN,101,3,3eb43e4b3eae3eb3bee6be55bdef3e9d3e563e373e9a3e87*80f2
RX # PAI1,TRAIN,101,1292
TX PAI1,TRAIN,102,1,bf1abe95bf09bf113f233ec6bf2dbf33bf01bf21bde8bd11*37cf
RX # PAI1,TRAIN,102,1292
TX PAI1,TRAIN,103,3,3eaa3d823e913ea6be61be8dbed03e52be26be703f133ec2*114a
RX # PAI1,TRAIN,103,1292
TX PAI1,TRAIN,104,4,3ef43e9d3ef83f05beb0be833db0be8bbebabe813e94bf22*1ee4
RX # PAI1,TRAIN,104,1293
TX PAI1,TRAIN,105,3,3e11bd8c3e013dcebe2fbe363e293f063e893e993d393e9d*e760
RX # PAI1,TRAIN,105,1293
TX PAI1,TRAIN,106,2,bf193e14be8bbe803f243f2a3f02bcb03e883eadbeeebe0d*f536
RX # PAI1,TRAIN,106,1292
TX PAI1,TRAIN,107,2,be1d3ed1be1ebd883e5c3ed03f123e3b3f6e3f4ebf4dbf1c*85dd
RX # PAI1,TRAIN,107,1292
TX PAI1,TRAIN,108,3,3e96bbd73e713e62be94be903d4d3eb03d993e1b3e203e13*35ee
RX # PAI1,TRAIN,108,1292
TX PAI1,TRAIN,109,1,bf2cbee3bf23bf313f203eb6be81bf87bf23bf33be89be7a*17ac
RX # PAI1,TRAIN,109,1292
TX PAI1,TRAIN,110,3,bdb13d45bea8be773df03de73e9f3e4dbe0d3d5fbe283e13*0488
RX # PAI1,TRAIN,110,1293
TX PAI1,TRAIN,111,4,3e9c3f023eaf3ebcbee93d09bde0be87bd71bddc3df9bf09*bb11
RX # PAI1,TRAIN,111,1291
TX PAI1,TRAIN,112,1,bf14befabf26bf333f123e76bf1cbf32bec8bf07be9abdaa*716c
RX # PAI1,TRAIN,112,1292
TX PAI1,TRAIN,113,3,bcc93de03e273d643d033dbe3eae3e553d333e64bd883d26*4ba1
RX # PAI1,TRAIN,113,1293
TX PAI1,TRAIN,114,3,bcfa3d31be20bd9e3dd53d683e973e653e093e47bde23e18*8269
RX # PAI1,TRAIN,114,1293
TX PAI1,TRAIN,115,2,be953eb4be3abd773ea73f003f003e5b3f7f3f6ebf1abcca*e66d
RX # PAI1,TRAIN,115,1292
TX PAI1,TRAIN,116,3,3e6abf6bbb3cbd81be02bf4ebecb3e483d8a3a22bdadbd94*6507
RX # PAI1,TRAIN,116,1286
TX PAI1,TRAIN,117,2,bcf2bf2dba58bdc8bd97bece3e133d1d3e9d3e69bec7bec6*6791
RX # PAI1,TRAIN,117,1293
TX PAI1,TRAIN,118,4,3e58bd9f3e343e35be90be80be25be93be3cbe853ceebf18*b47f
RX # PAI1,TRAIN,118,1293
TX PAI1,TRAIN,119,3,3ca73e933dd33e1abd563e27be4c3e0f3d57bcea3dc2bdce*0e95
RX # PAI1,TRAIN,119,1293
TX PAI1,TRAIN,120,3,3c333c453cd0bcfe3c9cbb343d19bee9be5ebe3e3e3c3e64*4622
RX # PAI1,TRAIN,120,1292
TX PAI1,TRAIN,121,4,3ea43ead3e513e7bbeabbdb63d98be01bdb8bd5cbd7dbf27*76bb
RX # PAI1,TRAIN,121,1293
TX PAI1,TRAIN,122,3,be5d3d1a3d8bbd103e343e6bbe35bd2dbd8ebded3e643ed1*c313
RX # PAI1,TRAIN,122,1292
TX PAI1,TRAIN,123,3,3e623e7e3ec93eb0bea5bd513de53e203e913e8e3e6c3e7e*a3a5
RX # PAI1,TRAIN,123,1294
TX PAI1,TRAIN,124,1,bf08bf1fbf3abf443f133de3bf1fbf13beb5beecbed2bdf0*9838
RX # PAI1,TRAIN,124,1292
TX PAI1,TRAIN,125,3,3e4f3e4d3ea23e97be9ebd843eb4bb72bddc3d153ead3e86*3a2d
RX # PAI1,TRAIN,125,1292
TX PAI1,TRAIN,126,4,3e9cbe283ebf3eb4be91beca3dc0bd9c3b323c3a3d52bf03*8757
RX # PAI1,TRAIN,126,1293
TX PAI1,TRAIN,127,3,be563e90befabea53e5a3ec23ed53e483da13e51beb63d79*b992
RX # PAI1,TRAIN,127,1292
TX PAI1,TRAIN,128,3,3e12bd4cbd6c3d30bd54be2c3eb1bcd7bdc23d213de43e61*ebce
RX # PAI1,TRAIN,128,1293
TX PAI1,TRAIN,129,3,be9c3f103e803eae3e453f263dc4bcb3be1bbd573ea53cea*dd23
RX # PAI1,TRAIN,129,1293
TX PAI1,TRAIN,130,3,be47be813d33bd433d9e3cc3bed73db8be80be9c3ea93ed8*683f
RX # PAI1,TRAIN,130,1293
TX PAI1,TRAIN,131,4,3eac3e793ead3edfbeb1be283ae83edabda0bcc73e37beda*21de
RX # PAI1,TRAIN,131,1292
TX PAI1,TRAIN,132,3,3e623e7e3ec93eb0bea5bd513de53e203e913e8e3e6c3e7e*5719
RX # PAI1,TRAIN,132,1292
TX PAI1,TRAIN,133,3,be47be813d33bd433d9e3cc3bed73db8be80be9c3ea93ed8*e5ff
RX # PAI1,TRAIN,133,1289
TX PAI1,TRAIN,134,3,3ca73e933dd33e1abd563e27be4c3e0f3d57bcea3dc2bdce*6d4e
RX # PAI1,TRAIN,134,1294
TX PAI1,TRAIN,135,3,3ef9beda3f0a3ecdbe89bf3cbeae3e88be14be503f2a3ef6*13f4
RX # PAI1,TRAIN,135,1288
TX PAI1,TRAIN,136,1,bf08bf1fbf3abf443f133de3bf1fbf13beb5beecbed2bdf0*e144
RX # PAI1,TRAIN,136,1294
TX PAI1,TRAIN,137,2,bcf2bf2dba58bdc8bd97bece3e133d1d3e9d3e69bec7bec6*6848
RX # PAI1,TRAIN,137,1292
TX PAI1,TRAIN,138,1,bf14befabf26bf333f123e76bf1cbf32bec8bf07be9abdaa*6256
RX # PAI1,TRAIN,138,1291
TX PAI1,TRAIN,139,4,3e67be6abeaabe82bc27beb83e063e36be86be35be4abe54*2bdd
RX # PAI1,TRAIN,139,1292
TX PAI1,TRAIN,140,3,bcac3e5c3dbe3da33df93e21bbd23ed93ed33e973deb3efd*5b1c
RX # PAI1,TRAIN,140,1293
TX PAI1,TRAIN,141,3,3e96bbd73e713e62be94be903d4d3eb03d993e1b3e203e13*bb7f
RX # PAI1,TRAIN,141,1287
TX PAI1,TRAIN,142,3,3e11bd8c3e013dcebe2fbe363e293f063e893e993d393e9d*8833
RX # PAI1,TRAIN,142,1287
TX PAI1,TRAIN,143,4,3ef43e9d3ef83f05beb0be833db0be8bbebabe813e94bf22*71b7
RX # PAI1,TRAIN,143,1287
TX PAI1,TRAIN,144,3,3ec1bdfb3eb63e81be8bbee0be843e4a3db2bcd43eaa3e7b*c204
RX # PAI1,TRAIN,144,1293
TX PAI1,TRAIN,145,3,3c333c453cd0bcfe3c9cbb343d19bee9be5ebe3e3e3c3e64*d028
RX # PAI1,TRAIN,145,1292
TX PAI1,TRAIN,146,3,3f203f183eb13ef0bf34be5dbda1bd89bd55bd6a3f253f01*42ed
RX # PAI1,TRAIN,146,1292
TX PAI1,TRAIN,147,4,3e58bd9f3e343e35be90be80be25be93be3cbe853ceebf18*beb3
RX # PAI1,TRAIN,147,1290
TX PAI1,TRAIN,148,2,bf193e14be8bbe803f243f2a3f02bcb03e883eadbeeebe0d*0b46
RX # PAI1,TRAIN,148,1289
TX PAI1,TRAIN,149,3,bdb63e803d4f3d01be113e7a3e383e14be39bd023d0dbcb5*27b6
RX # PAI1,TRAIN,149,1290
TX PAI1,TRAIN,150,3,3db5be403d6abd18be36be50bee53d9dbd9ebe313cfabdb7*b47e
RX # PAI1,TRAIN,150,1292
TX PAI1,TRAIN,151,2,bec93d93bebfbeaf3ed43ed73f043e0c3f563f36bf47be35*15db
RX # PAI1,TRAIN,151,1292
TX PAI1,TRAIN,152,2,be953eb4be3abd773ea73f003f003e5b3f7f3f6ebf1abcca*893e
RX # PAI1,TRAIN,152,1294
TX PAI1,TRAIN,153,3,bdb13d45bea8be773df03de73e9f3e4dbe0d3d5fbe283e13*96fa
RX # PAI1,TRAIN,153,1292
TX PAI1,TRAIN,154,3,3e12bd4cbd6c3d30bd54be2c3eb1bcd7bdc23d213de43e61*631b
RX # PAI1,TRAIN,154,1292
TX PAI1,TRAIN,155,4,3ea43ead3e513e7bbeabbdb63d98be01bdb8bd5cbd7dbf27*140d
RX # PAI1,TRAIN,155,1288
TX PAI1,TRAIN,156,3,be563e90befabea53e5a3ec23ed53e483da13e51beb63d79*5d45
RX # PAI1,TRAIN,156,1290
TX PAI1,TRAIN,157,3,3eaa3d823e913ea6be61be8dbed03e52be26be703f133ec2*7c25
RX # PAI1,TRAIN,157,1293
TX PAI1,TRAIN,158,1,bf12bed8bf28bf353f1d3e8bbf11bf26becdbf05be853ce2*eab4
RX # PAI1,TRAIN,158,1289
TX PAI1,TRAIN,159,3,3e6abf6bbb3cbd81be02bf4ebecb3e483d8a3a22bdadbd94*e037
RX # PAI1,TRAIN,159,1292
TX PAI1,TRAIN,160,4,3e9cbe283ebf3eb4be91beca3dc0bd9c3b323c3a3d52bf03*9344
RX # PAI1,TRAIN,160,1293
TX PAI1,TRAIN,161,1,bf1abe95bf09bf113f233ec6bf2dbf33bf01bf21bde8bd11*aa64
RX # PAI1,TRAIN,161,1292
TX PAI1,TRAIN,162,2,be1d3ed1be1ebd883e5c3ed03f123e3b3f6e3f4ebf4dbf1c*13d7
RX # PAI1,TRAIN,162,1288
TX PAI1,TRAIN,163,3,be843d6f3dc43c913e1c3e913d673beb3c833b463e893f11*5d41
RX # PAI1,TRAIN,163,1290
TX PAI1,TRAIN,164,3,be5d3d1a3d8bbd103e343e6bbe35bd2dbd8ebded3e643ed1*d700
RX # PAI1,TRAIN,164,1293
TX PAI1,TRAIN,165,3,3e4f3e4d3ea23e97be9ebd843eb4bb72bddc3d153ead3e86*259f
RX # PAI1,TRAIN,165,1292
TX PAI1,TRAIN,166,3,bdae3d46be7abe49bd5b3de53ed53e31bcd83e2abe2e3e49*ce0d
RX # PAI1,TRAIN,166,1292
TX PAI1,TRAIN,167,3,bcc93de03e273d643d033dbe3eae3e553d333e64bd883d26*2917
RX # PAI1,TRAIN,167,1292
TX PAI1,TRAIN,168,3,be9c3f103e803eae3e453f263dc4bcb3be1bbd573ea53cea*b9d1
RX # PAI1,TRAIN,168,1291
TX PAI1,TRAIN,169,3,3e77be43bb82bc5fbdb3beb33d3d3da9bd81bc8dbd8cbe19*616d
RX # PAI1,TRAIN,169,1288
TX PAI1,TRAIN,170,4,3e9c3f023eaf3ebcbee93d09bde0be87bd71bddc3df9bf09*d03a
RX # PAI1,TRAIN,170,1289
TX PAI1,TRAIN,171,3,3eb43e4b3eae3eb3bee6be55bdef3e9d3e563e373e9a3e87*1f65
RX # PAI1,TRAIN,171,1286
TX PAI1,TRAIN,172,3,bcfa3d31be20bd9e3dd53d683e973e653e093e47bde23e18*99a3
RX # PAI1,TRAIN,172,1286
TX PAI1,TRAIN,173,1,bf2cbee3bf23bf313f203eb6be81bf87bf23bf33be89be7a*94d8
RX # PAI1,TRAIN,173,1289
TX PAI1,PREDICT,174,bf1abe95bf09bf113f233ec6bf2dbf33bf01bf21bde8bd11*bbca
RX # PAI1,PREDICT,174,107,3f55,bd84,3e82,bc54
TX PAI1,PREDICT,175,bf2cbee3bf23bf313f203eb6be81bf87bf23bf33be89be7a*ee7c
RX # PAI1,PREDICT,175,107,3f60,3bd8,bd32,3e20
TX PAI1,PREDICT,176,bf14befabf26bf333f123e76bf1cbf32bec8bf07be9abdaa*5679
RX # PAI1,PREDICT,176,107,3f59,3cf3,3e3c,bd54
TX PAI1,PREDICT,177,bf08bf1fbf3abf443f133de3bf1fbf13beb5beecbed2bdf0*26df
RX # PAI1,PREDICT,177,106,3f52,3d50,3e4e,bd92
TX PAI1,PREDICT,178,bf12bed8bf28bf353f1d3e8bbf11bf26becdbf05be853ce2*3074
RX # PAI1,PREDICT,178,107,3f51,bc2d,3ea0,bde1
TX PAI1,PREDICT,179,bcf2bf2dba58bdc8bd97bece3e133d1d3e9d3e69bec7bec6*1c8d
RX # PAI1,PREDICT,179,108,3df7,3ee6,3e28,3e73
TX PAI1,PREDICT,180,bf193e14be8bbe803f243f2a3f02bcb03e883eadbeeebe0d*35f2
RX # PAI1,PREDICT,180,108,3e22,3f08,3e95,3c1c
TX PAI1,PREDICT,181,be953eb4be3abd773ea73f003f003e5b3f7f3f6ebf1abcca*36e3
RX # PAI1,PREDICT,181,107,bd7f,3f63,3ec2,be49
TX PAI1,PREDICT,182,bec93d93bebfbeaf3ed43ed73f043e0c3f563f36bf47be35*115c
RX # PAI1,PREDICT,182,106,3d8b,3f54,3e51,bdc9
TX PAI1,PREDICT,183,be1d3ed1be1ebd883e5c3ed03f123e3b3f6e3f4ebf4dbf1c*08c3
RX # PAI1,PREDICT,183,108,bdc2,3f68,be06,3e9d
TX PAI1,PREDICT,184,bcfa3d31be20bd9e3dd53d683e973e653e093e47bde23e18*607f
RX # PAI1,PREDICT,184,109,bc3c,3e26,3f5d,bc66
TX PAI1,PREDICT,185,bdb13d45bea8be773df03de73e9f3e4dbe0d3d5fbe283e13*09c9
RX # PAI1,PREDICT,185,105,3d8b,bc78,3f71,39c0
TX PAI1,PREDICT,186,be563e90befabea53e5a3ec23ed53e483da13e51beb63d79*728d
RX # PAI1,PREDICT,186,107,3da4,3e24,3f4e,bce1
TX PAI1,PREDICT,187,bcc93de03e273d643d033dbe3eae3e553d333e64bd883d26*efcc
RX # PAI1,PREDICT,187,107,bd9e,3e17,3f47,3e16
TX PAI1,PREDICT,188,3db5be403d6abd18be36be50bee53d9dbd9ebe313cfabdb7*6e93
RX # PAI1,PREDICT,188,108,3e64,bd42,3f23,3e48
TX PAI1,PREDICT,189,bdae3d46be7abe49bd5b3de53ed53e31bcd83e2abe2e3e49*8d12
RX # PAI1,PREDICT,189,107,3cee,3d2a,3f80,bd73
TX PAI1,PREDICT,190,be9c3f103e803eae3e453f263dc4bcb3be1bbd573ea53cea*deb9
RX # PAI1,PREDICT,190,108,3d91,3d10,3f30,3e44
TX PAI1,PREDICT,191,3e4f3e4d3ea23e97be9ebd843eb4bb72bddc3d153ead3e86*3c83
RX # PAI1,PREDICT,191,108,bdef,bd91,3f85,3e13
TX PAI1,PREDICT,192,be843d6f3dc43c913e1c3e913d673beb3c833b463e893f11*7966
RX # PAI1,PREDICT,192,105,3e09,3c88,3f90,be8c
TX PAI1,PREDICT,193,be5d3d1a3d8bbd103e343e6bbe35bd2dbd8ebded3e643ed1*91b0
RX # PAI1,PREDICT,193,106,3e5d,bcda,3f73,be21
TX PAI1,PREDICT,194,bdb63e803d4f3d01be113e7a3e383e14be39bd023d0dbcb5*7d9f
RX # PAI1,PREDICT,194,107,3d2f,bd90,3f4f,3e54
TX PAI1,PREDICT,195,3c333c453cd0bcfe3c9cbb343d19bee9be5ebe3e3e3c3e64*8f35
RX # PAI1,PREDICT,195,109,3e71,bd0e,3f3c,3d8d
TX PAI1,PREDICT,196,3f203f183eb13ef0bf34be5dbda1bd89bd55bd6a3f253f01*a6aa
RX # PAI1,PREDICT,196,107,be05,be9c,3fb1,3d85
TX PAI1,PREDICT,197,3ca73e933dd33e1abd563e27be4c3e0f3d57bcea3dc2bdce*f268
RX # PAI1,PREDICT,197,108,3da6,3d5e,3f21,3e6f
TX PAI1,PREDICT,198,bcac3e5c3dbe3da33df93e21bbd23ed93ed33e973deb3efd*4a7e
RX # PAI1,PREDICT,198,107,bd98,3e3d,3f94,be84
TX PAI1,PREDICT,199,3e11bd8c3e013dcebe2fbe363e293f063e893e993d393e9d*7da7
RX # PAI1,PREDICT,199,105,be1e,3ddf,3f91,bdc4
TX PAI1,PREDICT,200,3eb43e4b3eae3eb3bee6be55bdef3e9d3e563e373e9a3e87*acbb
RX # PAI1,PREDICT,200,106,be02,bbb2,3f8b,3d1e
TX PAI1,PREDICT,201,3e623e7e3ec93eb0bea5bd513de53e203e913e8e3e6c3e7e*64c3
RX # PAI1,PREDICT,201,106,be0e,3e0f,3f76,3d0a
TX PAI1,PREDICT,202,3e12bd4cbd6c3d30bd54be2c3eb1bcd7bdc23d213de43e61*7d91
RX # PAI1,PREDICT,202,107,bb1e,3c42,3f6f,3d62
TX PAI1,PREDICT,203,3e96bbd73e713e62be94be903d4d3eb03d993e1b3e203e13*be1e
RX # PAI1,PREDICT,203,108,be04,3ad0,3f82,3df4
TX PAI1,PREDICT,204,3e6abf6bbb3cbd81be02bf4ebecb3e483d8a3a22bdadbd94*ff8b
RX # PAI1,PREDICT,204,107,3e39,3e02,3f1a,3dab
TX PAI1,PREDICT,205,3eaa3d823e913ea6be61be8dbed03e52be26be703f133ec2*902d
RX # PAI1,PREDICT,205,107,3c00,be8a,3f99,3d6c
TX PAI1,PREDICT,206,3ec1bdfb3eb63e81be8bbee0be843e4a3db2bcd43eaa3e7b*1aaa
RX # PAI1,PREDICT,206,107,bd2a,bd43,3f79,3dd2
TX PAI1,PREDICT,207,3ef9beda3f0a3ecdbe89bf3cbeae3e88be14be503f2a3ef6*3dfb
RX # PAI1,PREDICT,207,108,bdb9,be7a,3fa5,3d3b
TX PAI1,PREDICT,208,3e77be43bb82bc5fbdb3beb33d3d3da9bd81bc8dbd8cbe19*249c
RX # PAI1,PREDICT,208,108,3d07,3d44,3f1b,3e9d
TX PAI1,PREDICT,209,be47be813d33bd433d9e3cc3bed73db8be80be9c3ea93ed8*3ed5
RX # PAI1,PREDICT,209,105,3e91,be53,3f8a,be2e
TX PAI1,PREDICT,210,3e67be6abeaabe82bc27beb83e063e36be86be35be4abe54*56e3
RX # PAI1,PREDICT,210,108,3d97,bdd1,3f2c,3eb2
TX PAI1,PREDICT,211,3e9c3f023eaf3ebcbee93d09bde0be87bd71bddc3df9bf09*31e3
RX # PAI1,PREDICT,211,105,3d57,3d36,3e56,3f31
TX PAI1,PREDICT,212,3ef43e9d3ef83f05beb0be833db0be8bbebabe813e94bf22*ab11
RX # PAI1,PREDICT,212,108,bd87,bd92,3e3d,3f71
TX PAI1,PREDICT,213,3eac3e793ead3edfbeb1be283ae83edabda0bcc73e37beda*8019
RX # PAI1,PREDICT,213,105,be3d,bd21,3f17,3f1e
TX PAI1,PREDICT,214,3e9cbe283ebf3eb4be91beca3dc0bd9c3b323c3a3d52bf03*a6cf
RX # PAI1,PREDICT,214,108,bd11,3e40,3e4e,3f21
TX PAI1,PREDICT,215,3e58bd9f3e343e35be90be80be25be93be3cbe853ceebf18*e676
RX # PAI1,PREDICT,215,105,3e38,3d3d,3db1,3f2d
TX PAI1,PREDICT,216,3ea43ead3e513e7bbeabbdb63d98be01bdb8bd5cbd7dbf27*032e
RX # PAI1,PREDICT,216,109,baa8,3dab,3e15,3f44
TX PAI1,PREDICT,217,3e9dbfeabdc6be23beaabfbabf75beb1be87bef5bdf0bf17*66c9
RX # PAI1,PREDICT,217,105,3f08,3d9c,3ddc,3e88
TX PAI1,PREDICT,218,3e52bfe5be2cbe8dbe2ebfabbf6fbf4ebee2bf28be2fbf3c*9831
RX # PAI1,PREDICT,218,107,3f2d,3dac,be26,3eb8
TX PAI1,PREDICT,219,be4fbff9bf5fbf813ea7bf86bf84bf0dbf20bf51befabe9d*52b9
RX # PAI1,PREDICT,219,105,3f5b,bd5b,3e8e,be05
TX PAI1,PREDICT,220,bd9ac009bf4abf693dedbfa5bf87bf4abf36bf69bec9becb*30eb
RX # PAI1,PREDICT,220,104,3f5c,bd54,3e44,bd83
TX PAI1,PREDICT,221,be38bff9bf5dbf7b3e8fbf89bebb3ea13cc4bdf8bf7ebf14*18be
RX # PAI1,PREDICT,221,104,3eea,3e9d,3e45,bcc1
TX PAI1,PREDICT,222,be9abffcbf81bf923edebf78bf073bcbbe7bbebbbf6abedd*91c4
RX # PAI1,PREDICT,222,108,3f26,3e18,3e87,be0a
TX PAI1,MODE,0*0f05
RX # PAI1,MODE,0
