TX PAI1,MODE,1*1f24
RX PNEU1,4205,161395,3944188
RX PNEU1,4206,161420,3944526
RX PNEU1,4207,161445,3944548
RX PNEU1,4208,161470,3944271
RX PNEU1,4209,161495,3944348
RX PNEU1,4210,161521,3944613
RX PNEU1,4211,161546,3944914
RX PNEU1,4212,161571,3944579
RX PNEU1,4213,161596,3944124
RX PNEU1,4214,161621,3944350
RX PNEU1,4215,161646,3944435
RX PNEU1,4216,161672,3944352
RX PNEU1,4217,161697,3944293
RX PNEU1,4218,161722,3944036
RX PNEU1,4219,161747,3943939
RX PNEU1,4220,161772,3943796
RX PNEU1,4221,161798,3944315
RX PNEU1,4222,161823,3944606
RX PNEU1,4223,161848,3944780
RX # PAI1,MODE,1
TX PAI1,INIT,1,12,32,1,1*9bc6
RX # PAI1,INIT,1,12,32,4
TX PAI1,TRAIN,2,1,3f8000000000000000000000000000000000000000000000*4976
RX # PAI1,TRAIN,2,1287
TX PAI1,TRAIN,3,2,00003f800000000000000000000000000000000000000000*f93b
RX # PAI1,TRAIN,3,1287
TX PAI1,TRAIN,4,3,000000003f80000000000000000000000000000000000000*6203
RX # PAI1,TRAIN,4,1290
TX PAI1,TRAIN,5,4,0000000000003f8000000000000000000000000000000000*727a
RX # PAI1,TRAIN,5,1285
TX PAI1,PREDICT,6,3f8000000000000000000000000000000000000000000000*36fe
RX # PAI1,PREDICT,6,105,3e6b,3e70,3e64,3e65
TX PAI1,PREDICT,7,00003f800000000000000000000000000000000000000000*d91f
RX # PAI1,PREDICT,7,104,3e6c,3e70,3e68,3e68
TX PAI1,PREDICT,8,000000003f80000000000000000000000000000000000000*cc42
RX # PAI1,PREDICT,8,105,3e60,3e69,3e5f,3e5a
TX PAI1,PREDICT,9,0000000000003f8000000000000000000000000000000000*ca4f
RX # PAI1,PREDICT,9,105,3e5e,3e67,3e5b,3e5b
TX PAI1,TRAIN,10,1,3f8000000000000000000000000000000000000000000000*4e48
RX # PAI1,TRAIN,10,1283
TX PAI1,TRAIN,11,2,00003f800000000000000000000000000000000000000000*fe05
RX # PAI1,TRAIN,11,1288
TX PAI1,TRAIN,12,3,000000003f80000000000000000000000000000000000000*981c
RX # PAI1,TRAIN,12,1286
TX PAI1,TRAIN,13,4,0000000000003f8000000000000000000000000000000000*8865
RX # PAI1,TRAIN,13,1285
TX PAI1,TRAIN,14,1,3f8000000000000000000000000000000000000000000000*b369
RX # PAI1,TRAIN,14,1289
TX PAI1,TRAIN,15,2,00003f800000000000000000000000000000000000000000*0324
RX # PAI1,TRAIN,15,1287
TX PAI1,TRAIN,16,3,000000003f80000000000000000000000000000000000000*653d
RX # PAI1,TRAIN,16,1286
TX PAI1,TRAIN,17,4,0000000000003f8000000000000000000000000000000000*7544
RX # PAI1,TRAIN,17,1290
TX PAI1,TRAIN,18,1,3f8000000000000000000000000000000000000000000000*a42b
RX # PAI1,TRAIN,18,1288
TX PAI1,TRAIN,19,2,00003f800000000000000000000000000000000000000000*1466
RX # PAI1,TRAIN,19,1288
TX PAI1,TRAIN,20,3,000000003f80000000000000000000000000000000000000*eeb9
RX # PAI1,TRAIN,20,1290
TX PAI1,TRAIN,21,4,0000000000003f8000000000000000000000000000000000*fec0
RX # PAI1,TRAIN,21,1284
TX PAI1,PREDICT,22,3f8000000000000000000000000000000000000000000000*6c37
RX # PAI1,PREDICT,22,105,3e7e,3e84,3e77,3e7a
TX PAI1,PREDICT,23,00003f800000000000000000000000000000000000000000*83d6
RX # PAI1,PREDICT,23,110,3e80,3e83,3e7a,3e7e
TX PAI1,PREDICT,24,000000003f80000000000000000000000000000000000000*053b
RX # PAI1,PREDICT,24,103,3e7b,3e79,3e6f,3e6b
TX PAI1,PREDICT,25,0000000000003f8000000000000000000000000000000000*0336
RX # PAI1,PREDICT,25,105,3e71,3e7b,3e71,3e6f
TX PAI1,TRAIN,26,1,3f8000000000000000000000000000000000000000000000*c5cc
RX # PAI1,TRAIN,26,1285
TX PAI1,TRAIN,27,2,00003f800000000000000000000000000000000000000000*7581
RX # PAI1,TRAIN,27,1288
TX PAI1,TRAIN,28,3,000000003f80000000000000000000000000000000000000*04da
RX # PAI1,TRAIN,28,1288
TX PAI1,TRAIN,29,4,0000000000003f8000000000000000000000000000000000*14a3
RX # PAI1,TRAIN,29,1288
TX PAI1,TRAIN,30,1,3f8000000000000000000000000000000000000000000000*4191
RX # PAI1,TRAIN,30,1283
TX PAI1,TRAIN,31,2,00003f800000000000000000000000000000000000000000*f1dc
RX # PAI1,TRAIN,31,1285
TX PAI1,TRAIN,32,3,000000003f80000000000000000000000000000000000000*97c5
RX # PAI1,TRAIN,32,1285
TX PAI1,TRAIN,33,4,0000000000003f8000000000000000000000000000000000*87bc
RX # PAI1,TRAIN,33,1288
TX PAI1,TRAIN,34,1,3f8000000000000000000000000000000000000000000000*bcb0
RX # PAI1,TRAIN,34,1289
TX PAI1,TRAIN,35,2,00003f800000000000000000000000000000000000000000*0cfd
RX # PAI1,TRAIN,35,1289
TX PAI1,TRAIN,36,3,000000003f80000000000000000000000000000000000000*6ae4
RX # PAI1,TRAIN,36,1286
TX PAI1,TRAIN,37,4,0000000000003f8000000000000000000000000000000000*7a9d
RX # PAI1,TRAIN,37,1284
TX PAI1,TRAIN,38,1,3f8000000000000000000000000000000000000000000000*abf2
RX # PAI1,TRAIN,38,1288
TX PAI1,TRAIN,39,2,00003f800000000000000000000000000000000000000000*1bbf
RX # PAI1,TRAIN,39,1286
TX PAI1,TRAIN,40,3,000000003f80000000000000000000000000000000000000*fed2
RX # PAI1,TRAIN,40,1289
TX PAI1,TRAIN,41,4,0000000000003f8000000000000000000000000000000000*eeab
RX # PAI1,TRAIN,41,1287
TX PAI1,TRAIN,42,1,3f8000000000000000000000000000000000000000000000*2886
RX # PAI1,TRAIN,42,1283
TX PAI1,TRAIN,43,2,00003f800000000000000000000000000000000000000000*98cb
RX # PAI1,TRAIN,43,1289
TX PAI1,TRAIN,44,3,000000003f80000000000000000000000000000000000000*03f3
RX # PAI1,TRAIN,44,1285
TX PAI1,TRAIN,45,4,0000000000003f8000000000000000000000000000000000*138a
RX # PAI1,TRAIN,45,1288
TX PAI1,TRAIN,46,1,3f8000000000000000000000000000000000000000000000*d5a7
RX # PAI1,TRAIN,46,1289
TX PAI1,TRAIN,47,2,00003f800000000000000000000000000000000000000000*65ea
RX # PAI1,TRAIN,47,1283
TX PAI1,TRAIN,48,3,000000003f80000000000000000000000000000000000000*14b1
RX # PAI1,TRAIN,48,1290
TX PAI1,TRAIN,49,4,0000000000003f8000000000000000000000000000000000*04c8
RX # PAI1,TRAIN,49,1285
TX PAI1,TRAIN,50,1,3f8000000000000000000000000000000000000000000000*51fa
RX # PAI1,TRAIN,50,1288
TX PAI1,TRAIN,51,2,00003f800000000000000000000000000000000000000000*e1b7
RX # PAI1,TRAIN,51,1289
TX PAI1,TRAIN,52,3,000000003f80000000000000000000000000000000000000*87ae
RX # PAI1,TRAIN,52,1288
TX PAI1,TRAIN,53,4,0000000000003f8000000000000000000000000000000000*97d7
RX # PAI1,TRAIN,53,1288
TX PAI1,TRAIN,54,1,3f8000000000000000000000000000000000000000000000*acdb
RX # PAI1,TRAIN,54,1289
TX PAI1,TRAIN,55,2,00003f800000000000000000000000000000000000000000*1c96
RX # PAI1,TRAIN,55,1287
TX PAI1,TRAIN,56,3,000000003f80000000000000000000000000000000000000*7a8f
RX # PAI1,TRAIN,56,1287
TX PAI1,TRAIN,57,4,0000000000003f8000000000000000000000000000000000*6af6
RX # PAI1,TRAIN,57,1289
TX PAI1,TRAIN,58,1,3f8000000000000000000000000000000000000000000000*bb99
RX # PAI1,TRAIN,58,1284
TX PAI1,TRAIN,59,2,00003f800000000000000000000000000000000000000000*0bd4
RX # PAI1,TRAIN,59,1290
TX PAI1,TRAIN,60,3,000000003f80000000000000000000000000000000000000*f10b
RX # PAI1,TRAIN,60,1284
TX PAI1,TRAIN,61,4,0000000000003f8000000000000000000000000000000000*e172
RX # PAI1,TRAIN,61,1287
TX PAI1,TRAIN,62,1,3f8000000000000000000000000000000000000000000000*275f
RX # PAI1,TRAIN,62,1287
TX PAI1,TRAIN,63,2,00003f800000000000000000000000000000000000000000*9712
RX # PAI1,TRAIN,63,1285
TX PAI1,TRAIN,64,3,000000003f80000000000000000000000000000000000000*0c2a
RX # PAI1,TRAIN,64,1288
TX PAI1,TRAIN,65,4,0000000000003f8000000000000000000000000000000000*1c53
RX # PAI1,TRAIN,65,1284
TX PAI1,TRAIN,66,1,3f8000000000000000000000000000000000000000000000*da7e
RX # PAI1,TRAIN,66,1287
TX PAI1,TRAIN,67,2,00003f800000000000000000000000000000000000000000*6a33
RX # PAI1,TRAIN,67,1289
TX PAI1,TRAIN,68,3,000000003f80000000000000000000000000000000000000*1b68
RX # PAI1,TRAIN,68,1288
TX PAI1,TRAIN,69,4,0000000000003f8000000000000000000000000000000000*0b11
RX # PAI1,TRAIN,69,1291
TX PAI1,TRAIN,70,1,3f8000000000000000000000000000000000000000000000*5e23
RX # PAI1,TRAIN,70,1283
TX PAI1,TRAIN,71,2,00003f800000000000000000000000000000000000000000*ee6e
RX # PAI1,TRAIN,71,1287
TX PAI1,TRAIN,72,3,000000003f80000000000000000000000000000000000000*8877
RX # PAI1,TRAIN,72,1284
TX PAI1,TRAIN,73,4,0000000000003f8000000000000000000000000000000000*980e
RX # PAI1,TRAIN,73,1290
TX PAI1,PREDICT,74,3f8000000000000000000000000000000000000000000000*449d
RX # PAI1,PREDICT,74,103,3e7d,3e87,3e72,3e84
TX PAI1,PREDICT,75,00003f800000000000000000000000000000000000000000*ab7c
RX # PAI1,PREDICT,75,102,3e83,3e84,3e7d,3e84
TX PAI1,PREDICT,76,000000003f80000000000000000000000000000000000000*6449
RX # PAI1,PREDICT,76,103,3e86,3e78,3e75,3e68
TX PAI1,PREDICT,77,0000000000003f8000000000000000000000000000000000*6244
RX # PAI1,PREDICT,77,109,3e67,3e80,3e80,3e79
TX PAI1,INIT,78,12,32,1,1*2a54
RX # PAI1,INIT,78,12,32,4
TX PAI1,TRAIN,79,1,408000000000000000000000000000000000000000000000*96f7
RX # PAI1,TRAIN,79,1286
TX PAI1,TRAIN,80,2,000040800000000000000000000000000000000000000000*44f8
RX # PAI1,TRAIN,80,1288
TX PAI1,TRAIN,81,3,000000004080000000000000000000000000000000000000*aacd
RX # PAI1,TRAIN,81,1284
TX PAI1,TRAIN,82,4,000000000000408000000000000000000000000000000000*822b
RX # PAI1,TRAIN,82,1284
TX PAI1,PREDICT,83,408000000000000000000000000000000000000000000000*ac8a
RX # PAI1,PREDICT,83,104,3e6b,3e88,3e61,3e63
TX PAI1,PREDICT,84,000040800000000000000000000000000000000000000000*068d
RX # PAI1,PREDICT,84,110,3e75,3e86,3e71,3e6d
TX PAI1,PREDICT,85,000000004080000000000000000000000000000000000000*93f8
RX # PAI1,PREDICT,85,103,3e69,3e6e,3e58,3e3c
TX PAI1,PREDICT,86,000000000000408000000000000000000000000000000000*7f06
RX # PAI1,PREDICT,86,105,3e45,3e67,3e4f,3e49
TX PAI1,TRAIN,87,1,408000000000000000000000000000000000000000000000*d7c6
RX # PAI1,TRAIN,87,1287
TX PAI1,TRAIN,88,2,000040800000000000000000000000000000000000000000*ae9b
RX # PAI1,TRAIN,88,1283
TX PAI1,TRAIN,89,3,000000004080000000000000000000000000000000000000*40ae
RX # PAI1,TRAIN,89,1289
TX PAI1,TRAIN,90,4,000000000000408000000000000000000000000000000000*fb57
RX # PAI1,TRAIN,90,1283
TX PAI1,TRAIN,91,1,408000000000000000000000000000000000000000000000*539b
RX # PAI1,TRAIN,91,1283
TX PAI1,TRAIN,92,2,000040800000000000000000000000000000000000000000*3d84
RX # PAI1,TRAIN,92,1286
TX PAI1,TRAIN,93,3,000000004080000000000000000000000000000000000000*d3b1
RX # PAI1,TRAIN,93,1283
TX PAI1,TRAIN,94,4,000000000000408000000000000000000000000000000000*0676
RX # PAI1,TRAIN,94,1284
TX PAI1,TRAIN,95,1,408000000000000000000000000000000000000000000000*aeba
RX # PAI1,TRAIN,95,1285
TX PAI1,TRAIN,96,2,000040800000000000000000000000000000000000000000*c0a5
RX # PAI1,TRAIN,96,1284
TX PAI1,TRAIN,97,3,000000004080000000000000000000000000000000000000*2e90
RX # PAI1,TRAIN,97,1283
TX PAI1,TRAIN,98,4,000000000000408000000000000000000000000000000000*1134
RX # PAI1,TRAIN,98,1285
TX PAI1,PREDICT,99,408000000000000000000000000000000000000000000000*5fa5
RX # PAI1,PREDICT,99,104,3e7d,3e9c,3e55,3e80
TX PAI1,PREDICT,100,000040800000000000000000000000000000000000000000*f21d
RX # PAI1,PREDICT,100,104,3e86,3e8f,3e81,3e84
TX PAI1,PREDICT,101,000000004080000000000000000000000000000000000000*6768
RX # PAI1,PREDICT,101,103,3e94,3e6e,3e6a,3e29
TX PAI1,PREDICT,102,000000000000408000000000000000000000000000000000*8b96
RX # PAI1,PREDICT,102,104,3e35,3e78,3e7b,3e62
TX PAI1,TRAIN,103,1,408000000000000000000000000000000000000000000000*54bd
RX # PAI1,TRAIN,103,1288
TX PAI1,TRAIN,104,2,000040800000000000000000000000000000000000000000*c783
RX # PAI1,TRAIN,104,1289
TX PAI1,TRAIN,105,3,000000004080000000000000000000000000000000000000*29b6
RX # PAI1,TRAIN,105,1288
TX PAI1,TRAIN,106,4,000000000000408000000000000000000000000000000000*0150
RX # PAI1,TRAIN,106,1284
TX PAI1,TRAIN,107,1,408000000000000000000000000000000000000000000000*a99c
RX # PAI1,TRAIN,107,1285
TX PAI1,TRAIN,108,2,000040800000000000000000000000000000000000000000*d0c1
RX # PAI1,TRAIN,108,1288
TX PAI1,TRAIN,109,3,000000004080000000000000000000000000000000000000*3ef4
RX # PAI1,TRAIN,109,1286
TX PAI1,TRAIN,110,4,000000000000408000000000000000000000000000000000*850d
RX # PAI1,TRAIN,110,1285
TX PAI1,TRAIN,111,1,408000000000000000000000000000000000000000000000*2dc1
RX # PAI1,TRAIN,111,1287
TX PAI1,TRAIN,112,2,000040800000000000000000000000000000000000000000*43de
RX # PAI1,TRAIN,112,1285
TX PAI1,TRAIN,113,3,000000004080000000000000000000000000000000000000*adeb
RX # PAI1,TRAIN,113,1285
TX PAI1,TRAIN,114,4,000000000000408000000000000000000000000000000000*782c
RX # PAI1,TRAIN,114,1288
TX PAI1,TRAIN,115,1,408000000000000000000000000000000000000000000000*d0e0
RX # PAI1,TRAIN,115,1290
TX PAI1,TRAIN,116,2,000040800000000000000000000000000000000000000000*beff
RX # PAI1,TRAIN,116,1285
TX PAI1,TRAIN,117,3,000000004080000000000000000000000000000000000000*50ca
RX # PAI1,TRAIN,117,1287
TX PAI1,TRAIN,118,4,000000000000408000000000000000000000000000000000*6f6e
RX # PAI1,TRAIN,118,1288
TX PAI1,TRAIN,119,1,408000000000000000000000000000000000000000000000*c7a2
RX # PAI1,TRAIN,119,1288
TX PAI1,TRAIN,120,2,000040800000000000000000000000000000000000000000*357b
RX # PAI1,TRAIN,120,1291
TX PAI1,TRAIN,121,3,000000004080000000000000000000000000000000000000*db4e
RX # PAI1,TRAIN,121,1287
TX PAI1,TRAIN,122,4,000000000000408000000000000000000000000000000000*f3a8
RX # PAI1,TRAIN,122,1285
TX PAI1,TRAIN,123,1,408000000000000000000000000000000000000000000000*5b64
RX # PAI1,TRAIN,123,1289
TX PAI1,TRAIN,124,2,000040800000000000000000000000000000000000000000*c85a
RX # PAI1,TRAIN,124,1286
TX PAI1,TRAIN,125,3,000000004080000000000000000000000000000000000000*266f
RX # PAI1,TRAIN,125,1285
TX PAI1,TRAIN,126,4,000000000000408000000000000000000000000000000000*0e89
RX # PAI1,TRAIN,126,1285
TX PAI1,TRAIN,127,1,408000000000000000000000000000000000000000000000*a645
RX # PAI1,TRAIN,127,1286
TX PAI1,TRAIN,128,2,000040800000000000000000000000000000000000000000*df18
RX # PAI1,TRAIN,128,1286
TX PAI1,TRAIN,129,3,000000004080000000000000000000000000000000000000*312d
RX # PAI1,TRAIN,129,1286
TX PAI1,TRAIN,130,4,000000000000408000000000000000000000000000000000*8ad4
RX # PAI1,TRAIN,130,1285
TX PAI1,TRAIN,131,1,408000000000000000000000000000000000000000000000*2218
RX # PAI1,TRAIN,131,1287
TX PAI1,TRAIN,132,2,000040800000000000000000000000000000000000000000*4c07
RX # PAI1,TRAIN,132,1287
TX PAI1,TRAIN,133,3,000000004080000000000000000000000000000000000000*a232
RX # PAI1,TRAIN,133,1286
TX PAI1,TRAIN,134,4,000000000000408000000000000000000000000000000000*77f5
RX # PAI1,TRAIN,134,1289
TX PAI1,TRAIN,135,1,408000000000000000000000000000000000000000000000*df39
RX # PAI1,TRAIN,135,1288
TX PAI1,TRAIN,136,2,000040800000000000000000000000000000000000000000*b126
RX # PAI1,TRAIN,136,1290
TX PAI1,TRAIN,137,3,000000004080000000000000000000000000000000000000*5f13
RX # PAI1,TRAIN,137,1288
TX PAI1,TRAIN,138,4,000000000000408000000000000000000000000000000000*60b7
RX # PAI1,TRAIN,138,1287
TX PAI1,TRAIN,139,1,408000000000000000000000000000000000000000000000*c87b
RX # PAI1,TRAIN,139,1289
TX PAI1,TRAIN,140,2,000040800000000000000000000000000000000000000000*2510
RX # PAI1,TRAIN,140,1288
TX PAI1,TRAIN,141,3,000000004080000000000000000000000000000000000000*cb25
RX # PAI1,TRAIN,141,1287
TX PAI1,TRAIN,142,4,000000000000408000000000000000000000000000000000*e3c3
RX # PAI1,TRAIN,142,1285
TX PAI1,TRAIN,143,1,408000000000000000000000000000000000000000000000*4b0f
RX # PAI1,TRAIN,143,1287
TX PAI1,TRAIN,144,2,000040800000000000000000000000000000000000000000*d831
RX # PAI1,TRAIN,144,1287
TX PAI1,TRAIN,145,3,000000004080000000000000000000000000000000000000*3604
RX # PAI1,TRAIN,145,1285
TX PAI1,TRAIN,146,4,000000000000408000000000000000000000000000000000*1ee2
RX # PAI1,TRAIN,146,1287
TX PAI1,TRAIN,147,1,408000000000000000000000000000000000000000000000*b62e
RX # PAI1,TRAIN,147,1287
TX PAI1,TRAIN,148,2,000040800000000000000000000000000000000000000000*cf73
RX # PAI1,TRAIN,148,1289
TX PAI1,TRAIN,149,3,000000004080000000000000000000000000000000000000*2146
RX # PAI1,TRAIN,149,1286
TX PAI1,TRAIN,150,4,000000000000408000000000000000000000000000000000*9abf
RX # PAI1,TRAIN,150,1285
TX PAI1,PREDICT,151,408000000000000000000000000000000000000000000000*70b0
RX # PAI1,PREDICT,151,105,3e8a,3ec6,3dac,3e91
TX PAI1,PREDICT,152,000040800000000000000000000000000000000000000000*936f
RX # PAI1,PREDICT,152,104,3e87,3e8f,3e7c,3e97
TX PAI1,PREDICT,153,000000004080000000000000000000000000000000000000*061a
RX # PAI1,PREDICT,153,105,3ee0,3e22,3e96,3d42
TX PAI1,PREDICT,154,000000000000408000000000000000000000000000000000*a33c
RX # PAI1,PREDICT,154,105,3cd0,3e86,3eac,3e98
TX PAI1,INIT,155,12,32,1,3*9530
RX # PAI1,INIT,155,12,32,4
TX PAI1,TRAIN,156,1,3f8000000000000000000000000000000000000000000000*1b65
RX # PAI1,TRAIN,156,1278
TX PAI1,TRAIN,157,2,00003f800000000000000000000000000000000000000000*ab28
RX # PAI1,TRAIN,157,1279
TX PAI1,TRAIN,158,3,000000003f80000000000000000000000000000000000000*da73
RX # PAI1,TRAIN,158,1278
TX PAI1,TRAIN,159,4,0000000000003f8000000000000000000000000000000000*ca0a
RX # PAI1,TRAIN,159,1271
TX PAI1,PREDICT,160,3f8000000000000000000000000000000000000000000000*f7a4
RX # PAI1,PREDICT,160,96,bc98,3cd2,bceb,3c75
TX PAI1,PREDICT,161,00003f800000000000000000000000000000000000000000*1845
RX # PAI1,PREDICT,161,97,3bce,3ccd,bc6a,3c95
TX PAI1,PREDICT,162,000000003f80000000000000000000000000000000000000*d770
RX # PAI1,PREDICT,162,97,bd4c,bdc3,bd3c,bd49
TX PAI1,PREDICT,163,0000000000003f8000000000000000000000000000000000*d17d
RX # PAI1,PREDICT,163,97,bda9,bd73,bcc4,ba72
TX PAI1,TRAIN,164,1,3f8000000000000000000000000000000000000000000000*6dc0
RX # PAI1,TRAIN,164,1273
TX PAI1,TRAIN,165,2,00003f800000000000000000000000000000000000000000*dd8d
RX # PAI1,TRAIN,165,1277
TX PAI1,TRAIN,166,3,000000003f80000000000000000000000000000000000000*bb94
RX # PAI1,TRAIN,166,1273
TX PAI1,TRAIN,167,4,0000000000003f8000000000000000000000000000000000*abed
RX # PAI1,TRAIN,167,1273
TX PAI1,TRAIN,168,1,3f8000000000000000000000000000000000000000000000*7a82
RX # PAI1,TRAIN,168,1278
TX PAI1,TRAIN,169,2,00003f800000000000000000000000000000000000000000*cacf
RX # PAI1,TRAIN,169,1273
TX PAI1,TRAIN,170,3,000000003f80000000000000000000000000000000000000*3fc9
RX # PAI1,TRAIN,170,1271
TX PAI1,TRAIN,171,4,0000000000003f8000000000000000000000000000000000*2fb0
RX # PAI1,TRAIN,171,1279
TX PAI1,TRAIN,172,1,3f8000000000000000000000000000000000000000000000*e99d
RX # PAI1,TRAIN,172,1273
TX PAI1,TRAIN,173,2,00003f800000000000000000000000000000000000000000*59d0
RX # PAI1,TRAIN,173,1272
TX PAI1,TRAIN,174,3,000000003f80000000000000000000000000000000000000*c2e8
RX # PAI1,TRAIN,174,1273
TX PAI1,TRAIN,175,4,0000000000003f8000000000000000000000000000000000*d291
RX # PAI1,TRAIN,175,1271
TX PAI1,PREDICT,176,3f8000000000000000000000000000000000000000000000*dee3
RX # PAI1,PREDICT,176,96,bda9,3d0e,be3c,3d5c
TX PAI1,PREDICT,177,00003f800000000000000000000000000000000000000000*3102
RX # PAI1,PREDICT,177,96,ba60,3d33,bdd9,3d09
TX PAI1,PREDICT,178,000000003f80000000000000000000000000000000000000*245f
RX # PAI1,PREDICT,178,96,be57,bed2,be78,bdf1
TX PAI1,PREDICT,179,0000000000003f8000000000000000000000000000000000*2252
RX # PAI1,PREDICT,179,97,be8c,be26,bd5c,3d90
TX PAI1,TRAIN,180,1,3f8000000000000000000000000000000000000000000000*bfee
RX # PAI1,TRAIN,180,1272
TX PAI1,TRAIN,181,2,00003f800000000000000000000000000000000000000000*0fa3
RX # PAI1,TRAIN,181,1272
TX PAI1,TRAIN,182,3,000000003f80000000000000000000000000000000000000*69ba
RX # PAI1,TRAIN,182,1272
TX PAI1,TRAIN,183,4,0000000000003f8000000000000000000000000000000000*79c3
RX # PAI1,TRAIN,183,1278
TX PAI1,TRAIN,184,1,3f8000000000000000000000000000000000000000000000*42cf
RX # PAI1,TRAIN,184,1279
TX PAI1,TRAIN,185,2,00003f800000000000000000000000000000000000000000*f282
RX # PAI1,TRAIN,185,1276
TX PAI1,TRAIN,186,3,000000003f80000000000000000000000000000000000000*949b
RX # PAI1,TRAIN,186,1272
TX PAI1,TRAIN,187,4,0000000000003f8000000000000000000000000000000000*84e2
RX # PAI1,TRAIN,187,1272
TX PAI1,TRAIN,188,1,3f8000000000000000000000000000000000000000000000*558d
RX # PAI1,TRAIN,188,1273
TX PAI1,TRAIN,189,2,00003f800000000000000000000000000000000000000000*e5c0
RX # PAI1,TRAIN,189,1272
TX PAI1,TRAIN,190,3,000000003f80000000000000000000000000000000000000*10c6
RX # PAI1,TRAIN,190,1271
TX PAI1,TRAIN,191,4,0000000000003f8000000000000000000000000000000000*00bf
RX # PAI1,TRAIN,191,1271
TX PAI1,TRAIN,192,1,3f8000000000000000000000000000000000000000000000*c692
RX # PAI1,TRAIN,192,1272
TX PAI1,TRAIN,193,2,00003f800000000000000000000000000000000000000000*76df
RX # PAI1,TRAIN,193,1271
TX PAI1,TRAIN,194,3,000000003f80000000000000000000000000000000000000*ede7
RX # PAI1,TRAIN,194,1272
TX PAI1,TRAIN,195,4,0000000000003f8000000000000000000000000000000000*fd9e
RX # PAI1,TRAIN,195,1271
TX PAI1,TRAIN,196,1,3f8000000000000000000000000000000000000000000000*3bb3
RX # PAI1,TRAIN,196,1273
TX PAI1,TRAIN,197,2,00003f800000000000000000000000000000000000000000*8bfe
RX # PAI1,TRAIN,197,1272
TX PAI1,TRAIN,198,3,000000003f80000000000000000000000000000000000000*faa5
RX # PAI1,TRAIN,198,1272
TX PAI1,TRAIN,199,4,0000000000003f8000000000000000000000000000000000*eadc
RX # PAI1,TRAIN,199,1274
TX PAI1,TRAIN,200,1,3f8000000000000000000000000000000000000000000000*3402
RX # PAI1,TRAIN,200,1273
TX PAI1,TRAIN,201,2,00003f800000000000000000000000000000000000000000*844f
RX # PAI1,TRAIN,201,1273
TX PAI1,TRAIN,202,3,000000003f80000000000000000000000000000000000000*e256
RX # PAI1,TRAIN,202,1271
TX PAI1,TRAIN,203,4,0000000000003f8000000000000000000000000000000000*f22f
RX # PAI1,TRAIN,203,1273
TX PAI1,TRAIN,204,1,3f8000000000000000000000000000000000000000000000*c923
RX # PAI1,TRAIN,204,1273
TX PAI1,TRAIN,205,2,00003f800000000000000000000000000000000000000000*796e
RX # PAI1,TRAIN,205,1277
TX PAI1,TRAIN,206,3,000000003f80000000000000000000000000000000000000*1f77
RX # PAI1,TRAIN,206,1273
TX PAI1,TRAIN,207,4,0000000000003f8000000000000000000000000000000000*0f0e
RX # PAI1,TRAIN,207,1273
TX PAI1,TRAIN,208,1,3f8000000000000000000000000000000000000000000000*de61
RX # PAI1,TRAIN,208,1272
TX PAI1,TRAIN,209,2,00003f800000000000000000000000000000000000000000*6e2c
RX # PAI1,TRAIN,209,1272
TX PAI1,TRAIN,210,3,000000003f80000000000000000000000000000000000000*9b2a
RX # PAI1,TRAIN,210,1271
TX PAI1,TRAIN,211,4,0000000000003f8000000000000000000000000000000000*8b53
RX # PAI1,TRAIN,211,1272
TX PAI1,TRAIN,212,1,3f8000000000000000000000000000000000000000000000*4d7e
RX # PAI1,TRAIN,212,1273
TX PAI1,TRAIN,213,2,00003f800000000000000000000000000000000000000000*fd33
RX # PAI1,TRAIN,213,1273
TX PAI1,TRAIN,214,3,000000003f80000000000000000000000000000000000000*660b
RX # PAI1,TRAIN,214,1273
TX PAI1,TRAIN,215,4,0000000000003f8000000000000000000000000000000000*7672
RX # PAI1,TRAIN,215,1273
TX PAI1,TRAIN,216,1,3f8000000000000000000000000000000000000000000000*b05f
RX # PAI1,TRAIN,216,1278
TX PAI1,TRAIN,217,2,00003f800000000000000000000000000000000000000000*0012
RX # PAI1,TRAIN,217,1273
TX PAI1,TRAIN,218,3,000000003f80000000000000000000000000000000000000*7149
RX # PAI1,TRAIN,218,1272
TX PAI1,TRAIN,219,4,0000000000003f8000000000000000000000000000000000*6130
RX # PAI1,TRAIN,219,1274
TX PAI1,TRAIN,220,1,3f8000000000000000000000000000000000000000000000*3bdb
RX # PAI1,TRAIN,220,1271
TX PAI1,TRAIN,221,2,00003f800000000000000000000000000000000000000000*8b96
RX # PAI1,TRAIN,221,1271
TX PAI1,TRAIN,222,3,000000003f80000000000000000000000000000000000000*ed8f
RX # PAI1,TRAIN,222,1273
TX PAI1,TRAIN,223,4,0000000000003f8000000000000000000000000000000000*fdf6
RX # PAI1,TRAIN,223,1273
TX PAI1,TRAIN,224,1,3f8000000000000000000000000000000000000000000000*c6fa
RX # PAI1,TRAIN,224,1272
TX PAI1,TRAIN,225,2,00003f800000000000000000000000000000000000000000*76b7
RX # PAI1,TRAIN,225,1278
TX PAI1,TRAIN,226,3,000000003f80000000000000000000000000000000000000*10ae
RX # PAI1,TRAIN,226,1278
TX PAI1,TRAIN,227,4,0000000000003f8000000000000000000000000000000000*00d7
RX # PAI1,TRAIN,227,1277
TX PAI1,PREDICT,228,3f8000000000000000000000000000000000000000000000*e839
RX # PAI1,PREDICT,228,97,bfc0,bfef,c021,bdf1
TX PAI1,PREDICT,229,00003f800000000000000000000000000000000000000000*07d8
RX # PAI1,PREDICT,229,97,bf9c,bf97,bfd9,bdd4
TX PAI1,PREDICT,230,000000003f80000000000000000000000000000000000000*3bc2
RX # PAI1,PREDICT,230,97,4094,40c0,40f6,3ee3
TX PAI1,PREDICT,231,0000000000003f8000000000000000000000000000000000*3dcf
RX # PAI1,PREDICT,231,97,c0c2,c0e5,c107,beb7
TX PAI1,INIT,232,12,32,1,3*7816
RX # PAI1,INIT,232,12,32,4
TX PAI1,TRAIN,233,1,408000000000000000000000000000000000000000000000*6010
RX # PAI1,TRAIN,233,1272
TX PAI1,TRAIN,234,2,000040800000000000000000000000000000000000000000*f32e
RX # PAI1,TRAIN,234,1271
TX PAI1,TRAIN,235,3,000000004080000000000000000000000000000000000000*1d1b
RX # PAI1,TRAIN,235,1274
TX PAI1,TRAIN,236,4,000000000000408000000000000000000000000000000000*35fd
RX # PAI1,TRAIN,236,1273
TX PAI1,PREDICT,237,408000000000000000000000000000000000000000000000*194f
RX # PAI1,PREDICT,237,97,bcca,3d70,bd7c,bcbe
TX PAI1,PREDICT,238,000040800000000000000000000000000000000000000000*20f8
RX # PAI1,PREDICT,238,97,bdcd,be15,bdef,bd9c
TX PAI1,PREDICT,239,000000004080000000000000000000000000000000000000*b58d
RX # PAI1,PREDICT,239,96,bd52,be48,bd98,bde3
TX PAI1,PREDICT,240,000000000000408000000000000000000000000000000000*2357
RX # PAI1,PREDICT,240,97,be2a,bdfb,bd81,3ca6
TX PAI1,TRAIN,241,1,408000000000000000000000000000000000000000000000*0907
RX # PAI1,TRAIN,241,1279
TX PAI1,TRAIN,242,2,000040800000000000000000000000000000000000000000*6718
RX # PAI1,TRAIN,242,1273
TX PAI1,TRAIN,243,3,000000004080000000000000000000000000000000000000*892d
RX # PAI1,TRAIN,243,1272
TX PAI1,TRAIN,244,4,000000000000408000000000000000000000000000000000*5cea
RX # PAI1,TRAIN,244,1273
TX PAI1,TRAIN,245,1,408000000000000000000000000000000000000000000000*f426
RX # PAI1,TRAIN,245,1272
TX PAI1,TRAIN,246,2,000040800000000000000000000000000000000000000000*9a39
RX # PAI1,TRAIN,246,1278
TX PAI1,TRAIN,247,3,000000004080000000000000000000000000000000000000*740c
RX # PAI1,TRAIN,247,1272
TX PAI1,TRAIN,248,4,000000000000408000000000000000000000000000000000*4ba8
RX # PAI1,TRAIN,248,1272
TX PAI1,TRAIN,249,1,408000000000000000000000000000000000000000000000*e364
RX # PAI1,TRAIN,249,1272
TX PAI1,TRAIN,250,2,000040800000000000000000000000000000000000000000*1e64
RX # PAI1,TRAIN,250,1273
TX PAI1,TRAIN,251,3,000000004080000000000000000000000000000000000000*f051
RX # PAI1,TRAIN,251,1271
TX PAI1,TRAIN,252,4,000000000000408000000000000000000000000000000000*d8b7
RX # PAI1,TRAIN,252,1272
TX PAI1,PREDICT,253,408000000000000000000000000000000000000000000000*d99c
RX # PAI1,PREDICT,253,97,bed4,beac,bf30,be9f
TX PAI1,PREDICT,254,000040800000000000000000000000000000000000000000*739b
RX # PAI1,PREDICT,254,97,c044,c09b,c076,c002
TX PAI1,PREDICT,255,000000004080000000000000000000000000000000000000*e6ee
RX # PAI1,PREDICT,255,97,c02e,c09a,c062,bfff
TX PAI1,PREDICT,256,000000000000408000000000000000000000000000000000*0a10
RX # PAI1,PREDICT,256,97,bfb6,bfe0,bfb1,beed
TX PAI1,TRAIN,257,1,408000000000000000000000000000000000000000000000*8d5a
RX # PAI1,TRAIN,257,1273
TX PAI1,TRAIN,258,2,000040800000000000000000000000000000000000000000*f407
RX # PAI1,TRAIN,258,1272
TX PAI1,TRAIN,259,3,000000004080000000000000000000000000000000000000*1a32
RX # PAI1,TRAIN,259,1271
TX PAI1,TRAIN,260,4,000000000000408000000000000000000000000000000000*ae12
RX # PAI1,TRAIN,260,1273
TX PAI1,TRAIN,261,1,408000000000000000000000000000000000000000000000*06de
RX # PAI1,TRAIN,261,1273
TX PAI1,TRAIN,262,2,000040800000000000000000000000000000000000000000*68c1
RX # PAI1,TRAIN,262,1273
TX PAI1,TRAIN,263,3,000000004080000000000000000000000000000000000000*86f4
RX # PAI1,TRAIN,263,1272
TX PAI1,TRAIN,264,4,000000000000408000000000000000000000000000000000*5333
RX # PAI1,TRAIN,264,1271
TX PAI1,TRAIN,265,1,408000000000000000000000000000000000000000000000*fbff
RX # PAI1,TRAIN,265,1279
TX PAI1,TRAIN,266,2,000040800000000000000000000000000000000000000000*95e0
RX # PAI1,TRAIN,266,1271
TX PAI1,TRAIN,267,3,000000004080000000000000000000000000000000000000*7bd5
RX # PAI1,TRAIN,267,1278
TX PAI1,TRAIN,268,4,000000000000408000000000000000000000000000000000*4471
RX # PAI1,TRAIN,268,1272
TX PAI1,TRAIN,269,1,408000000000000000000000000000000000000000000000*ecbd
RX # PAI1,TRAIN,269,1272
TX PAI1,TRAIN,270,2,000040800000000000000000000000000000000000000000*11bd
RX # PAI1,TRAIN,270,1273
TX PAI1,TRAIN,271,3,000000004080000000000000000000000000000000000000*ff88
RX # PAI1,TRAIN,271,1273
TX PAI1,TRAIN,272,4,000000000000408000000000000000000000000000000000*d76e
RX # PAI1,TRAIN,272,1272
TX PAI1,TRAIN,273,1,408000000000000000000000000000000000000000000000*7fa2
RX # PAI1,TRAIN,273,1271
TX PAI1,TRAIN,274,2,000040800000000000000000000000000000000000000000*ec9c
RX # PAI1,TRAIN,274,1277
TX PAI1,TRAIN,275,3,000000004080000000000000000000000000000000000000*02a9
RX # PAI1,TRAIN,275,1277
TX PAI1,TRAIN,276,4,000000000000408000000000000000000000000000000000*2a4f
RX # PAI1,TRAIN,276,1272
TX PAI1,TRAIN,277,1,408000000000000000000000000000000000000000000000*8283
RX # PAI1,TRAIN,277,1278
TX PAI1,TRAIN,278,2,000040800000000000000000000000000000000000000000*fbde
RX # PAI1,TRAIN,278,1275
TX PAI1,TRAIN,279,3,000000004080000000000000000000000000000000000000*15eb
RX # PAI1,TRAIN,279,1272
TX PAI1,TRAIN,280,4,000000000000408000000000000000000000000000000000*811d
RX # PAI1,TRAIN,280,1271
TX PAI1,TRAIN,281,1,408000000000000000000000000000000000000000000000*29d1
RX # PAI1,TRAIN,281,1273
TX PAI1,TRAIN,282,2,000040800000000000000000000000000000000000000000*47ce
RX # PAI1,TRAIN,282,1273
TX PAI1,TRAIN,283,3,000000004080000000000000000000000000000000000000*a9fb
RX # PAI1,TRAIN,283,1273
TX PAI1,TRAIN,284,4,000000000000408000000000000000000000000000000000*7c3c
RX # PAI1,TRAIN,284,1272
TX PAI1,TRAIN,285,1,408000000000000000000000000000000000000000000000*d4f0
RX # PAI1,TRAIN,285,1271
TX PAI1,TRAIN,286,2,000040800000000000000000000000000000000000000000*baef
RX # PAI1,TRAIN,286,1274
TX PAI1,TRAIN,287,3,000000004080000000000000000000000000000000000000*54da
RX # PAI1,TRAIN,287,1272
TX PAI1,TRAIN,288,4,000000000000408000000000000000000000000000000000*6b7e
RX # PAI1,TRAIN,288,1274
TX PAI1,TRAIN,289,1,408000000000000000000000000000000000000000000000*c3b2
RX # PAI1,TRAIN,289,1273
TX PAI1,TRAIN,290,2,000040800000000000000000000000000000000000000000*3eb2
RX # PAI1,TRAIN,290,1272
TX PAI1,TRAIN,291,3,000000004080000000000000000000000000000000000000*d087
RX # PAI1,TRAIN,291,1271
TX PAI1,TRAIN,292,4,000000000000408000000000000000000000000000000000*f861
RX # PAI1,TRAIN,292,1272
TX PAI1,TRAIN,293,1,408000000000000000000000000000000000000000000000*50ad
RX # PAI1,TRAIN,293,1277
TX PAI1,TRAIN,294,2,000040800000000000000000000000000000000000000000*c393
RX # PAI1,TRAIN,294,1272
TX PAI1,TRAIN,295,3,000000004080000000000000000000000000000000000000*2da6
RX # PAI1,TRAIN,295,1271
TX PAI1,TRAIN,296,4,000000000000408000000000000000000000000000000000*0540
RX # PAI1,TRAIN,296,1278
TX PAI1,TRAIN,297,1,408000000000000000000000000000000000000000000000*ad8c
RX # PAI1,TRAIN,297,1274
TX PAI1,TRAIN,298,2,000040800000000000000000000000000000000000000000*d4d1
RX # PAI1,TRAIN,298,1273
TX PAI1,TRAIN,299,3,000000004080000000000000000000000000000000000000*3ae4
RX # PAI1,TRAIN,299,1272
TX PAI1,TRAIN,300,4,000000000000408000000000000000000000000000000000*221e
RX # PAI1,TRAIN,300,1273
TX PAI1,TRAIN,301,1,408000000000000000000000000000000000000000000000*8ad2
RX # PAI1,TRAIN,301,1273
TX PAI1,TRAIN,302,2,000040800000000000000000000000000000000000000000*e4cd
RX # PAI1,TRAIN,302,1272
TX PAI1,TRAIN,303,3,000000004080000000000000000000000000000000000000*0af8
RX # PAI1,TRAIN,303,1272
TX PAI1,TRAIN,304,4,000000000000408000000000000000000000000000000000*df3f
RX # PAI1,TRAIN,304,1273
TX PAI1,PREDICT,305,408000000000000000000000000000000000000000000000*8a76
RX # PAI1,PREDICT,305,97,bf08,3f79,bf2c,beb0
TX PAI1,PREDICT,306,000040800000000000000000000000000000000000000000*69a9
RX # PAI1,PREDICT,306,97,3f2e,3f09,3f1a,3eaa
TX PAI1,PREDICT,307,000000004080000000000000000000000000000000000000*fcdc
RX # PAI1,PREDICT,307,96,3f8e,3cf0,3fac,3eb0
TX PAI1,PREDICT,308,000000000000408000000000000000000000000000000000*ca4a
RX # PAI1,PREDICT,308,97,bf40,3f51,be24,3f0e
TX PAI1,INIT,309,12,32,1,2*f2bf
RX # PAI1,INIT,309,12,32,4
TX PAI1,TRAIN,310,1,3f8000000000000000000000000000000000000000000000*2799
RX # PAI1,TRAIN,310,1265
TX PAI1,TRAIN,311,2,00003f800000000000000000000000000000000000000000*97d4
RX # PAI1,TRAIN,311,1267
TX PAI1,TRAIN,312,3,000000003f80000000000000000000000000000000000000*f1cd
RX # PAI1,TRAIN,312,1265
TX PAI1,TRAIN,313,4,0000000000003f8000000000000000000000000000000000*e1b4
RX # PAI1,TRAIN,313,1266
TX PAI1,PREDICT,314,3f8000000000000000000000000000000000000000000000*8584
RX # PAI1,PREDICT,314,89,3e3f,3e54,3e15,3e25
TX PAI1,PREDICT,315,00003f800000000000000000000000000000000000000000*6a65
RX # PAI1,PREDICT,315,89,3e3f,3e44,3e25,3e18
TX PAI1,PREDICT,316,000000003f80000000000000000000000000000000000000*a550
RX # PAI1,PREDICT,316,88,3e13,3e17,3e02,3de5
TX PAI1,PREDICT,317,0000000000003f8000000000000000000000000000000000*a35d
RX # PAI1,PREDICT,317,89,3e01,3e1c,3df8,3df9
TX PAI1,TRAIN,318,1,3f8000000000000000000000000000000000000000000000*cdfa
RX # PAI1,TRAIN,318,1266
TX PAI1,TRAIN,319,2,00003f800000000000000000000000000000000000000000*7db7
RX # PAI1,TRAIN,319,1272
TX PAI1,TRAIN,320,3,000000003f80000000000000000000000000000000000000*8768
RX # PAI1,TRAIN,320,1273
TX PAI1,TRAIN,321,4,0000000000003f8000000000000000000000000000000000*9711
RX # PAI1,TRAIN,321,1272
TX PAI1,TRAIN,322,1,3f8000000000000000000000000000000000000000000000*513c
RX # PAI1,TRAIN,322,1272
TX PAI1,TRAIN,323,2,00003f800000000000000000000000000000000000000000*e171
RX # PAI1,TRAIN,323,1272
TX PAI1,TRAIN,324,3,000000003f80000000000000000000000000000000000000*7a49
RX # PAI1,TRAIN,324,1271
TX PAI1,TRAIN,325,4,0000000000003f8000000000000000000000000000000000*6a30
RX # PAI1,TRAIN,325,1265
TX PAI1,TRAIN,326,1,3f8000000000000000000000000000000000000000000000*ac1d
RX # PAI1,TRAIN,326,1265
TX PAI1,TRAIN,327,2,00003f800000000000000000000000000000000000000000*1c50
RX # PAI1,TRAIN,327,1266
TX PAI1,TRAIN,328,3,000000003f80000000000000000000000000000000000000*6d0b
RX # PAI1,TRAIN,328,1272
TX PAI1,TRAIN,329,4,0000000000003f8000000000000000000000000000000000*7d72
RX # PAI1,TRAIN,329,1272
TX PAI1,PREDICT,330,3f8000000000000000000000000000000000000000000000*44ba
RX # PAI1,PREDICT,330,89,3e85,3e9d,3e23,3e70
TX PAI1,PREDICT,331,00003f800000000000000000000000000000000000000000*ab5b
RX # PAI1,PREDICT,331,89,3e8e,3e83,3e6c,3e3d
TX PAI1,PREDICT,332,000000003f80000000000000000000000000000000000000*646e
RX # PAI1,PREDICT,332,89,3e5c,3e44,3e37,3e17
TX PAI1,PREDICT,333,0000000000003f8000000000000000000000000000000000*6263
RX # PAI1,PREDICT,333,89,3e15,3e61,3e43,3e32
TX PAI1,TRAIN,334,1,3f8000000000000000000000000000000000000000000000*d561
RX # PAI1,TRAIN,334,1265
TX PAI1,TRAIN,335,2,00003f800000000000000000000000000000000000000000*652c
RX # PAI1,TRAIN,335,1272
TX PAI1,TRAIN,336,3,000000003f80000000000000000000000000000000000000*0335
RX # PAI1,TRAIN,336,1272
TX PAI1,TRAIN,337,4,0000000000003f8000000000000000000000000000000000*134c
RX # PAI1,TRAIN,337,1271
TX PAI1,TRAIN,338,1,3f8000000000000000000000000000000000000000000000*c223
RX # PAI1,TRAIN,338,1266
TX PAI1,TRAIN,339,2,00003f800000000000000000000000000000000000000000*726e
RX # PAI1,TRAIN,339,1273
TX PAI1,TRAIN,340,3,000000003f80000000000000000000000000000000000000*9703
RX # PAI1,TRAIN,340,1271
TX PAI1,TRAIN,341,4,0000000000003f8000000000000000000000000000000000*877a
RX # PAI1,TRAIN,341,1272
TX PAI1,TRAIN,342,1,3f8000000000000000000000000000000000000000000000*4157
RX # PAI1,TRAIN,342,1273
TX PAI1,TRAIN,343,2,00003f800000000000000000000000000000000000000000*f11a
RX # PAI1,TRAIN,343,1267
TX PAI1,TRAIN,344,3,000000003f80000000000000000000000000000000000000*6a22
RX # PAI1,TRAIN,344,1265
TX PAI1,TRAIN,345,4,0000000000003f8000000000000000000000000000000000*7a5b
RX # PAI1,TRAIN,345,1271
TX PAI1,TRAIN,346,1,3f8000000000000000000000000000000000000000000000*bc76
RX # PAI1,TRAIN,346,1272
TX PAI1,TRAIN,347,2,00003f800000000000000000000000000000000000000000*0c3b
RX # PAI1,TRAIN,347,1265
TX PAI1,TRAIN,348,3,000000003f80000000000000000000000000000000000000*7d60
RX # PAI1,TRAIN,348,1273
TX PAI1,TRAIN,349,4,0000000000003f8000000000000000000000000000000000*6d19
RX # PAI1,TRAIN,349,1271
TX PAI1,TRAIN,350,1,3f8000000000000000000000000000000000000000000000*382b
RX # PAI1,TRAIN,350,1265
TX PAI1,TRAIN,351,2,00003f800000000000000000000000000000000000000000*8866
RX # PAI1,TRAIN,351,1270
TX PAI1,TRAIN,352,3,000000003f80000000000000000000000000000000000000*ee7f
RX # PAI1,TRAIN,352,1272
TX PAI1,TRAIN,353,4,0000000000003f8000000000000000000000000000000000*fe06
RX # PAI1,TRAIN,353,1271
TX PAI1,TRAIN,354,1,3f8000000000000000000000000000000000000000000000*c50a
RX # PAI1,TRAIN,354,1267
TX PAI1,TRAIN,355,2,00003f800000000000000000000000000000000000000000*7547
RX # PAI1,TRAIN,355,1270
TX PAI1,TRAIN,356,3,000000003f80000000000000000000000000000000000000*135e
RX # PAI1,TRAIN,356,1265
TX PAI1,TRAIN,357,4,0000000000003f8000000000000000000000000000000000*0327
RX # PAI1,TRAIN,357,1269
TX PAI1,TRAIN,358,1,3f8000000000000000000000000000000000000000000000*d248
RX # PAI1,TRAIN,358,1266
TX PAI1,TRAIN,359,2,00003f800000000000000000000000000000000000000000*6205
RX # PAI1,TRAIN,359,1266
TX PAI1,TRAIN,360,3,000000003f80000000000000000000000000000000000000*98da
RX # PAI1,TRAIN,360,1272
TX PAI1,TRAIN,361,4,0000000000003f8000000000000000000000000000000000*88a3
RX # PAI1,TRAIN,361,1270
TX PAI1,TRAIN,362,1,3f8000000000000000000000000000000000000000000000*4e8e
RX # PAI1,TRAIN,362,1267
TX PAI1,TRAIN,363,2,00003f800000000000000000000000000000000000000000*fec3
RX # PAI1,TRAIN,363,1268
TX PAI1,TRAIN,364,3,000000003f80000000000000000000000000000000000000*65fb
RX # PAI1,TRAIN,364,1265
TX PAI1,TRAIN,365,4,0000000000003f8000000000000000000000000000000000*7582
RX # PAI1,TRAIN,365,1265
TX PAI1,TRAIN,366,1,3f8000000000000000000000000000000000000000000000*b3af
RX # PAI1,TRAIN,366,1271
TX PAI1,TRAIN,367,2,00003f800000000000000000000000000000000000000000*03e2
RX # PAI1,TRAIN,367,1265
TX PAI1,TRAIN,368,3,000000003f80000000000000000000000000000000000000*72b9
RX # PAI1,TRAIN,368,1268
TX PAI1,TRAIN,369,4,0000000000003f8000000000000000000000000000000000*62c0
RX # PAI1,TRAIN,369,1270
TX PAI1,TRAIN,370,1,3f8000000000000000000000000000000000000000000000*37f2
RX # PAI1,TRAIN,370,1270
TX PAI1,TRAIN,371,2,00003f800000000000000000000000000000000000000000*87bf
RX # PAI1,TRAIN,371,1273
TX PAI1,TRAIN,372,3,000000003f80000000000000000000000000000000000000*e1a6
RX # PAI1,TRAIN,372,1265
TX PAI1,TRAIN,373,4,0000000000003f8000000000000000000000000000000000*f1df
RX # PAI1,TRAIN,373,1271
TX PAI1,TRAIN,374,1,3f8000000000000000000000000000000000000000000000*cad3
RX # PAI1,TRAIN,374,1271
TX PAI1,TRAIN,375,2,00003f800000000000000000000000000000000000000000*7a9e
RX # PAI1,TRAIN,375,1264
TX PAI1,TRAIN,376,3,000000003f80000000000000000000000000000000000000*1c87
RX # PAI1,TRAIN,376,1266
TX PAI1,TRAIN,377,4,0000000000003f8000000000000000000000000000000000*0cfe
RX # PAI1,TRAIN,377,1270
TX PAI1,TRAIN,378,1,3f8000000000000000000000000000000000000000000000*dd91
RX # PAI1,TRAIN,378,1267
TX PAI1,TRAIN,379,2,00003f800000000000000000000000000000000000000000*6ddc
RX # PAI1,TRAIN,379,1272
TX PAI1,TRAIN,380,3,000000003f80000000000000000000000000000000000000*b7d5
RX # PAI1,TRAIN,380,1272
TX PAI1,TRAIN,381,4,0000000000003f8000000000000000000000000000000000*a7ac
RX # PAI1,TRAIN,381,1269
TX PAI1,PREDICT,382,3f8000000000000000000000000000000000000000000000*af19
RX # PAI1,PREDICT,382,89,3ea0,3ecf,3c48,3ea7
TX PAI1,PREDICT,383,00003f800000000000000000000000000000000000000000*40f8
RX # PAI1,PREDICT,383,88,3eb6,3e76,3ea8,3e0c
TX PAI1,PREDICT,384,000000003f80000000000000000000000000000000000000*c615
RX # PAI1,PREDICT,384,86,3e98,3e10,3e80,3e04
TX PAI1,PREDICT,385,0000000000003f8000000000000000000000000000000000*c018
RX # PAI1,PREDICT,385,87,3ccc,3e99,3e8a,3e7e
TX PAI1,INIT,386,12,32,1,2*6224
RX # PAI1,INIT,386,12,32,4
TX PAI1,TRAIN,387,1,408000000000000000000000000000000000000000000000*be17
RX # PAI1,TRAIN,387,1266
TX PAI1,TRAIN,388,2,000040800000000000000000000000000000000000000000*c74a
RX # PAI1,TRAIN,388,1267
TX PAI1,TRAIN,389,3,000000004080000000000000000000000000000000000000*297f
RX # PAI1,TRAIN,389,1269
TX PAI1,TRAIN,390,4,000000000000408000000000000000000000000000000000*9286
RX # PAI1,TRAIN,390,1268
TX PAI1,PREDICT,391,408000000000000000000000000000000000000000000000*8407
RX # PAI1,PREDICT,391,89,3eaa,3ed8,3c96,3ea9
TX PAI1,PREDICT,392,000040800000000000000000000000000000000000000000*67d8
RX # PAI1,PREDICT,392,86,3ebc,3e77,3eaa,3e18
TX PAI1,PREDICT,393,000000004080000000000000000000000000000000000000*f2ad
RX # PAI1,PREDICT,393,87,3e9d,3e22,3e87,3e01
TX PAI1,PREDICT,394,000000000000408000000000000000000000000000000000*578b
RX # PAI1,PREDICT,394,86,3cba,3e9b,3e82,3e83
TX PAI1,TRAIN,395,1,408000000000000000000000000000000000000000000000*c76b
RX # PAI1,TRAIN,395,1269
TX PAI1,TRAIN,396,2,000040800000000000000000000000000000000000000000*a974
RX # PAI1,TRAIN,396,1265
TX PAI1,TRAIN,397,3,000000004080000000000000000000000000000000000000*4741
RX # PAI1,TRAIN,397,1266
TX PAI1,TRAIN,398,4,000000000000408000000000000000000000000000000000*78e5
RX # PAI1,TRAIN,398,1265
TX PAI1,TRAIN,399,1,408000000000000000000000000000000000000000000000*d029
RX # PAI1,TRAIN,399,1268
TX PAI1,TRAIN,400,2,000040800000000000000000000000000000000000000000*f71b
RX # PAI1,TRAIN,400,1267
TX PAI1,TRAIN,401,3,000000004080000000000000000000000000000000000000*192e
RX # PAI1,TRAIN,401,1269
TX PAI1,TRAIN,402,4,000000000000408000000000000000000000000000000000*31c8
RX # PAI1,TRAIN,402,1266
TX PAI1,TRAIN,403,1,408000000000000000000000000000000000000000000000*9904
RX # PAI1,TRAIN,403,1268
TX PAI1,TRAIN,404,2,000040800000000000000000000000000000000000000000*0a3a
RX # PAI1,TRAIN,404,1267
TX PAI1,TRAIN,405,3,000000004080000000000000000000000000000000000000*e40f
RX # PAI1,TRAIN,405,1269
TX PAI1,TRAIN,406,4,000000000000408000000000000000000000000000000000*cce9
RX # PAI1,TRAIN,406,1266
TX PAI1,PREDICT,407,408000000000000000000000000000000000000000000000*de7b
RX # PAI1,PREDICT,407,87,3f1e,3edb,beca,3ecc
TX PAI1,PREDICT,408,000040800000000000000000000000000000000000000000*e7cc
RX # PAI1,PREDICT,408,88,3ea3,3e3c,3f2a,bd57
TX PAI1,PREDICT,409,000000004080000000000000000000000000000000000000*72b9
RX # PAI1,PREDICT,409,85,3ec0,bd94,3f20,bd0d
TX PAI1,PREDICT,410,000000000000408000000000000000000000000000000000*6d68
RX # PAI1,PREDICT,410,85,bea8,3f1c,3bcc,3f1a
TX PAI1,TRAIN,411,1,408000000000000000000000000000000000000000000000*e078
RX # PAI1,TRAIN,411,1272
TX PAI1,TRAIN,412,2,000040800000000000000000000000000000000000000000*8e67
RX # PAI1,TRAIN,412,1269
TX PAI1,TRAIN,413,3,000000004080000000000000000000000000000000000000*6052
RX # PAI1,TRAIN,413,1266
TX PAI1,TRAIN,414,4,000000000000408000000000000000000000000000000000*b595
RX # PAI1,TRAIN,414,1267
TX PAI1,TRAIN,415,1,408000000000000000000000000000000000000000000000*1d59
RX # PAI1,TRAIN,415,1271
TX PAI1,TRAIN,416,2,000040800000000000000000000000000000000000000000*7346
RX # PAI1,TRAIN,416,1267
TX PAI1,TRAIN,417,3,000000004080000000000000000000000000000000000000*9d73
RX # PAI1,TRAIN,417,1265
TX PAI1,TRAIN,418,4,000000000000408000000000000000000000000000000000*a2d7
RX # PAI1,TRAIN,418,1272
TX PAI1,TRAIN,419,1,408000000000000000000000000000000000000000000000*0a1b
RX # PAI1,TRAIN,419,1273
TX PAI1,TRAIN,420,2,000040800000000000000000000000000000000000000000*f8c2
RX # PAI1,TRAIN,420,1271
TX PAI1,TRAIN,421,3,000000004080000000000000000000000000000000000000*16f7
RX # PAI1,TRAIN,421,1266
TX PAI1,TRAIN,422,4,000000000000408000000000000000000000000000000000*3e11
RX # PAI1,TRAIN,422,1268
TX PAI1,TRAIN,423,1,408000000000000000000000000000000000000000000000*96dd
RX # PAI1,TRAIN,423,1272
TX PAI1,TRAIN,424,2,000040800000000000000000000000000000000000000000*05e3
RX # PAI1,TRAIN,424,1265
TX PAI1,TRAIN,425,3,000000004080000000000000000000000000000000000000*ebd6
RX # PAI1,TRAIN,425,1272
TX PAI1,TRAIN,426,4,000000000000408000000000000000000000000000000000*c330
RX # PAI1,TRAIN,426,1272
TX PAI1,TRAIN,427,1,408000000000000000000000000000000000000000000000*6bfc
RX # PAI1,TRAIN,427,1268
TX PAI1,TRAIN,428,2,000040800000000000000000000000000000000000000000*12a1
RX # PAI1,TRAIN,428,1267
TX PAI1,TRAIN,429,3,000000004080000000000000000000000000000000000000*fc94
RX # PAI1,TRAIN,429,1267
TX PAI1,TRAIN,430,4,000000000000408000000000000000000000000000000000*476d
RX # PAI1,TRAIN,430,1267
TX PAI1,TRAIN,431,1,408000000000000000000000000000000000000000000000*efa1
RX # PAI1,TRAIN,431,1272
TX PAI1,TRAIN,432,2,000040800000000000000000000000000000000000000000*81be
RX # PAI1,TRAIN,432,1272
TX PAI1,TRAIN,433,3,000000004080000000000000000000000000000000000000*6f8b
RX # PAI1,TRAIN,433,1267
TX PAI1,TRAIN,434,4,000000000000408000000000000000000000000000000000*ba4c
RX # PAI1,TRAIN,434,1266
TX PAI1,TRAIN,435,1,408000000000000000000000000000000000000000000000*1280
RX # PAI1,TRAIN,435,1267
TX PAI1,TRAIN,436,2,000040800000000000000000000000000000000000000000*7c9f
RX # PAI1,TRAIN,436,1267
TX PAI1,TRAIN,437,3,000000004080000000000000000000000000000000000000*92aa
RX # PAI1,TRAIN,437,1269
TX PAI1,TRAIN,438,4,000000000000408000000000000000000000000000000000*ad0e
RX # PAI1,TRAIN,438,1271
TX PAI1,TRAIN,439,1,408000000000000000000000000000000000000000000000*05c2
RX # PAI1,TRAIN,439,1271
TX PAI1,TRAIN,440,2,000040800000000000000000000000000000000000000000*e8a9
RX # PAI1,TRAIN,440,1272
TX PAI1,TRAIN,441,3,000000004080000000000000000000000000000000000000*069c
RX # PAI1,TRAIN,441,1272
TX PAI1,TRAIN,442,4,000000000000408000000000000000000000000000000000*2e7a
RX # PAI1,TRAIN,442,1265
TX PAI1,TRAIN,443,1,408000000000000000000000000000000000000000000000*86b6
RX # PAI1,TRAIN,443,1267
TX PAI1,TRAIN,444,2,000040800000000000000000000000000000000000000000*1588
RX # PAI1,TRAIN,444,1266
TX PAI1,TRAIN,445,3,000000004080000000000000000000000000000000000000*fbbd
RX # PAI1,TRAIN,445,1272
TX PAI1,TRAIN,446,4,000000000000408000000000000000000000000000000000*d35b
RX # PAI1,TRAIN,446,1265
TX PAI1,TRAIN,447,1,408000000000000000000000000000000000000000000000*7b97
RX # PAI1,TRAIN,447,1272
TX PAI1,TRAIN,448,2,000040800000000000000000000000000000000000000000*02ca
RX # PAI1,TRAIN,448,1269
TX PAI1,TRAIN,449,3,000000004080000000000000000000000000000000000000*ecff
RX # PAI1,TRAIN,449,1266
TX PAI1,TRAIN,450,4,000000000000408000000000000000000000000000000000*5706
RX # PAI1,TRAIN,450,1272
TX PAI1,TRAIN,451,1,408000000000000000000000000000000000000000000000*ffca
RX # PAI1,TRAIN,451,1272
TX PAI1,TRAIN,452,2,000040800000000000000000000000000000000000000000*91d5
RX # PAI1,TRAIN,452,1268
TX PAI1,TRAIN,453,3,000000004080000000000000000000000000000000000000*7fe0
RX # PAI1,TRAIN,453,1269
TX PAI1,TRAIN,454,4,000000000000408000000000000000000000000000000000*aa27
RX # PAI1,TRAIN,454,1267
TX PAI1,TRAIN,455,1,408000000000000000000000000000000000000000000000*02eb
RX # PAI1,TRAIN,455,1268
TX PAI1,TRAIN,456,2,000040800000000000000000000000000000000000000000*6cf4
RX # PAI1,TRAIN,456,1269
TX PAI1,TRAIN,457,3,000000004080000000000000000000000000000000000000*82c1
RX # PAI1,TRAIN,457,1265
TX PAI1,TRAIN,458,4,000000000000408000000000000000000000000000000000*bd65
RX # PAI1,TRAIN,458,1273
TX PAI1,PREDICT,459,408000000000000000000000000000000000000000000000*6561
RX # PAI1,PREDICT,459,86,3f7d,3d88,be3c,3e18
TX PAI1,PREDICT,460,000040800000000000000000000000000000000000000000*fd77
RX # PAI1,PREDICT,460,87,3d16,3f16,3f0b,bd26
TX PAI1,PREDICT,461,000000004080000000000000000000000000000000000000*6802
RX # PAI1,PREDICT,461,86,3e08,bd68,3f76,bda4
TX PAI1,PREDICT,462,000000000000408000000000000000000000000000000000*84fc
RX # PAI1,PREDICT,462,85,be0b,3f06,bed5,3f70
TX PAI1,INIT,463,12,32,1,0*11f6
RX # PAI1,INIT,463,12,32,4
TX PAI1,TRAIN,464,1,3f8000000000000000000000000000000000000000000000*a079
RX # PAI1,TRAIN,464,1266
TX PAI1,TRAIN,465,2,00003f800000000000000000000000000000000000000000*1034
RX # PAI1,TRAIN,465,1263
TX PAI1,TRAIN,466,3,000000003f80000000000000000000000000000000000000*762d
RX # PAI1,TRAIN,466,1266
TX PAI1,TRAIN,467,4,0000000000003f8000000000000000000000000000000000*6654
RX # PAI1,TRAIN,467,1264
TX PAI1,PREDICT,468,3f8000000000000000000000000000000000000000000000*e275
RX # PAI1,PREDICT,468,86,bc98,3cd2,bceb,3c75
TX PAI1,PREDICT,469,00003f800000000000000000000000000000000000000000*0d94
RX # PAI1,PREDICT,469,80,3bce,3ccd,bc6a,3c95
TX PAI1,PREDICT,470,000000003f80000000000000000000000000000000000000*318e
RX # PAI1,PREDICT,470,81,bd4c,bdc3,bd3c,bd49
TX PAI1,PREDICT,471,0000000000003f8000000000000000000000000000000000*3783
RX # PAI1,PREDICT,471,80,bda9,bd73,bcc4,ba72
TX PAI1,TRAIN,472,1,3f8000000000000000000000000000000000000000000000*2424
RX # PAI1,TRAIN,472,1261
TX PAI1,TRAIN,473,2,00003f800000000000000000000000000000000000000000*9469
RX # PAI1,TRAIN,473,1260
TX PAI1,TRAIN,474,3,000000003f80000000000000000000000000000000000000*0f51
RX # PAI1,TRAIN,474,1265
TX PAI1,TRAIN,475,4,0000000000003f8000000000000000000000000000000000*1f28
RX # PAI1,TRAIN,475,1265
TX PAI1,TRAIN,476,1,3f8000000000000000000000000000000000000000000000*d905
RX # PAI1,TRAIN,476,1264
TX PAI1,TRAIN,477,2,00003f800000000000000000000000000000000000000000*6948
RX # PAI1,TRAIN,477,1264
TX PAI1,TRAIN,478,3,000000003f80000000000000000000000000000000000000*1813
RX # PAI1,TRAIN,478,1266
TX PAI1,TRAIN,479,4,0000000000003f8000000000000000000000000000000000*086a
RX # PAI1,TRAIN,479,1262
TX PAI1,TRAIN,480,1,3f8000000000000000000000000000000000000000000000*7257
RX # PAI1,TRAIN,480,1266
TX PAI1,TRAIN,481,2,00003f800000000000000000000000000000000000000000*c21a
RX # PAI1,TRAIN,481,1266
TX PAI1,TRAIN,482,3,000000003f80000000000000000000000000000000000000*a403
RX # PAI1,TRAIN,482,1262
TX PAI1,TRAIN,483,4,0000000000003f8000000000000000000000000000000000*b47a
RX # PAI1,TRAIN,483,1261
TX PAI1,PREDICT,484,3f8000000000000000000000000000000000000000000000*b2cc
RX # PAI1,PREDICT,484,79,bda9,3d0e,be3c,3d5c
TX PAI1,PREDICT,485,00003f800000000000000000000000000000000000000000*5d2d
RX # PAI1,PREDICT,485,80,ba60,3d33,bdd9,3d09
TX PAI1,PREDICT,486,000000003f80000000000000000000000000000000000000*9218
RX # PAI1,PREDICT,486,80,be57,bed2,be78,bdf1
TX PAI1,PREDICT,487,0000000000003f8000000000000000000000000000000000*9415
RX # PAI1,PREDICT,487,86,be8c,be26,bd5c,3d90
TX PAI1,TRAIN,488,1,3f8000000000000000000000000000000000000000000000*9834
RX # PAI1,TRAIN,488,1260
TX PAI1,TRAIN,489,2,00003f800000000000000000000000000000000000000000*2879
RX # PAI1,TRAIN,489,1265
TX PAI1,TRAIN,490,3,000000003f80000000000000000000000000000000000000*dd7f
RX # PAI1,TRAIN,490,1265
TX PAI1,TRAIN,491,4,0000000000003f8000000000000000000000000000000000*cd06
RX # PAI1,TRAIN,491,1260
TX PAI1,TRAIN,492,1,3f8000000000000000000000000000000000000000000000*0b2b
RX # PAI1,TRAIN,492,1259
TX PAI1,TRAIN,493,2,00003f800000000000000000000000000000000000000000*bb66
RX # PAI1,TRAIN,493,1261
TX PAI1,TRAIN,494,3,000000003f80000000000000000000000000000000000000*205e
RX # PAI1,TRAIN,494,1265
TX PAI1,TRAIN,495,4,0000000000003f8000000000000000000000000000000000*3027
RX # PAI1,TRAIN,495,1260
TX PAI1,TRAIN,496,1,3f8000000000000000000000000000000000000000000000*f60a
RX # PAI1,TRAIN,496,1266
TX PAI1,TRAIN,497,2,00003f800000000000000000000000000000000000000000*4647
RX # PAI1,TRAIN,497,1261
TX PAI1,TRAIN,498,3,000000003f80000000000000000000000000000000000000*371c
RX # PAI1,TRAIN,498,1260
TX PAI1,TRAIN,499,4,0000000000003f8000000000000000000000000000000000*2765
RX # PAI1,TRAIN,499,1262
TX PAI1,TRAIN,500,1,3f8000000000000000000000000000000000000000000000*d154
RX # PAI1,TRAIN,500,1261
TX PAI1,TRAIN,501,2,00003f800000000000000000000000000000000000000000*6119
RX # PAI1,TRAIN,501,1263
TX PAI1,TRAIN,502,3,000000003f80000000000000000000000000000000000000*0700
RX # PAI1,TRAIN,502,1262
TX PAI1,TRAIN,503,4,0000000000003f8000000000000000000000000000000000*1779
RX # PAI1,TRAIN,503,1262
TX PAI1,TRAIN,504,1,3f8000000000000000000000000000000000000000000000*2c75
RX # PAI1,TRAIN,504,1266
TX PAI1,TRAIN,505,2,00003f800000000000000000000000000000000000000000*9c38
RX # PAI1,TRAIN,505,1260
TX PAI1,TRAIN,506,3,000000003f80000000000000000000000000000000000000*fa21
RX # PAI1,TRAIN,506,1267
TX PAI1,TRAIN,507,4,0000000000003f8000000000000000000000000000000000*ea58
RX # PAI1,TRAIN,507,1265
TX PAI1,TRAIN,508,1,3f8000000000000000000000000000000000000000000000*3b37
RX # PAI1,TRAIN,508,1260
TX PAI1,TRAIN,509,2,00003f800000000000000000000000000000000000000000*8b7a
RX # PAI1,TRAIN,509,1263
TX PAI1,TRAIN,510,3,000000003f80000000000000000000000000000000000000*7e7c
RX # PAI1,TRAIN,510,1260
TX PAI1,TRAIN,511,4,0000000000003f8000000000000000000000000000000000*6e05
RX # PAI1,TRAIN,511,1261
TX PAI1,TRAIN,512,1,3f8000000000000000000000000000000000000000000000*a828
RX # PAI1,TRAIN,512,1260
TX PAI1,TRAIN,513,2,00003f800000000000000000000000000000000000000000*1865
RX # PAI1,TRAIN,513,1266
TX PAI1,TRAIN,514,3,000000003f80000000000000000000000000000000000000*835d
RX # PAI1,TRAIN,514,1263
TX PAI1,TRAIN,515,4,0000000000003f8000000000000000000000000000000000*9324
RX # PAI1,TRAIN,515,1262
TX PAI1,TRAIN,516,1,3f8000000000000000000000000000000000000000000000*5509
RX # PAI1,TRAIN,516,1266
TX PAI1,TRAIN,517,2,00003f800000000000000000000000000000000000000000*e544
RX # PAI1,TRAIN,517,1265
TX PAI1,TRAIN,518,3,000000003f80000000000000000000000000000000000000*941f
RX # PAI1,TRAIN,518,1265
TX PAI1,TRAIN,519,4,0000000000003f8000000000000000000000000000000000*8466
RX # PAI1,TRAIN,519,1261
TX PAI1,TRAIN,520,1,3f8000000000000000000000000000000000000000000000*de8d
RX # PAI1,TRAIN,520,1263
TX PAI1,TRAIN,521,2,00003f800000000000000000000000000000000000000000*6ec0
RX # PAI1,TRAIN,521,1258
TX PAI1,TRAIN,522,3,000000003f80000000000000000000000000000000000000*08d9
RX # PAI1,TRAIN,522,1262
TX PAI1,TRAIN,523,4,0000000000003f8000000000000000000000000000000000*18a0
RX # PAI1,TRAIN,523,1262
TX PAI1,TRAIN,524,1,3f8000000000000000000000000000000000000000000000*23ac
RX # PAI1,TRAIN,524,1260
TX PAI1,TRAIN,525,2,00003f800000000000000000000000000000000000000000*93e1
RX # PAI1,TRAIN,525,1260
TX PAI1,TRAIN,526,3,000000003f80000000000000000000000000000000000000*f5f8
RX # PAI1,TRAIN,526,1260
TX PAI1,TRAIN,527,4,0000000000003f8000000000000000000000000000000000*e581
RX # PAI1,TRAIN,527,1261
TX PAI1,TRAIN,528,1,3f8000000000000000000000000000000000000000000000*34ee
RX # PAI1,TRAIN,528,1261
TX PAI1,TRAIN,529,2,00003f800000000000000000000000000000000000000000*84a3
RX # PAI1,TRAIN,529,1262
TX PAI1,TRAIN,530,3,000000003f80000000000000000000000000000000000000*71a5
RX # PAI1,TRAIN,530,1259
TX PAI1,TRAIN,531,4,0000000000003f8000000000000000000000000000000000*61dc
RX # PAI1,TRAIN,531,1263
TX PAI1,TRAIN,532,1,3f8000000000000000000000000000000000000000000000*a7f1
RX # PAI1,TRAIN,532,1262
TX PAI1,TRAIN,533,2,00003f800000000000000000000000000000000000000000*17bc
RX # PAI1,TRAIN,533,1264
TX PAI1,TRAIN,534,3,000000003f80000000000000000000000000000000000000*8c84
RX # PAI1,TRAIN,534,1263
TX PAI1,TRAIN,535,4,0000000000003f8000000000000000000000000000000000*9cfd
RX # PAI1,TRAIN,535,1259
TX PAI1,PREDICT,536,3f8000000000000000000000000000000000000000000000*222f
RX # PAI1,PREDICT,536,80,bfc0,bfef,c021,bdf1
TX PAI1,PREDICT,537,00003f800000000000000000000000000000000000000000*cdce
RX # PAI1,PREDICT,537,80,bf9c,bf97,bfd9,bdd4
TX PAI1,PREDICT,538,000000003f80000000000000000000000000000000000000*d893
RX # PAI1,PREDICT,538,81,4094,40c0,40f6,3ee3
TX PAI1,PREDICT,539,0000000000003f8000000000000000000000000000000000*de9e
RX # PAI1,PREDICT,539,81,c0c2,c0e5,c107,beb7
TX PAI1,INIT,540,12,32,1,0*2a85
RX # PAI1,INIT,540,12,32,4
TX PAI1,TRAIN,541,1,408000000000000000000000000000000000000000000000*ec51
RX # PAI1,TRAIN,541,1265
TX PAI1,TRAIN,542,2,000040800000000000000000000000000000000000000000*824e
RX # PAI1,TRAIN,542,1263
TX PAI1,TRAIN,543,3,000000004080000000000000000000000000000000000000*6c7b
RX # PAI1,TRAIN,543,1260
TX PAI1,TRAIN,544,4,000000000000408000000000000000000000000000000000*b9bc
RX # PAI1,TRAIN,544,1262
TX PAI1,PREDICT,545,408000000000000000000000000000000000000000000000*803a
RX # PAI1,PREDICT,545,79,3f82,3fe5,3fc2,3ea5
TX PAI1,PREDICT,546,000040800000000000000000000000000000000000000000*63e5
RX # PAI1,PREDICT,546,80,3f1c,3f57,3f24,3e31
TX PAI1,PREDICT,547,000000004080000000000000000000000000000000000000*f690
RX # PAI1,PREDICT,547,79,4000,401f,406b,3e72
TX PAI1,PREDICT,548,000000000000408000000000000000000000000000000000*c006
RX # PAI1,PREDICT,548,80,3e0a,3f82,3f9c,3efb
TX PAI1,TRAIN,549,1,408000000000000000000000000000000000000000000000*0632
RX # PAI1,TRAIN,549,1264
TX PAI1,TRAIN,550,2,000040800000000000000000000000000000000000000000*fb32
RX # PAI1,TRAIN,550,1262
TX PAI1,TRAIN,551,3,000000004080000000000000000000000000000000000000*1507
RX # PAI1,TRAIN,551,1261
TX PAI1,TRAIN,552,4,000000000000408000000000000000000000000000000000*3de1
RX # PAI1,TRAIN,552,1259
TX PAI1,TRAIN,553,1,408000000000000000000000000000000000000000000000*952d
RX # PAI1,TRAIN,553,1262
TX PAI1,TRAIN,554,2,000040800000000000000000000000000000000000000000*0613
RX # PAI1,TRAIN,554,1261
TX PAI1,TRAIN,555,3,000000004080000000000000000000000000000000000000*e826
RX # PAI1,TRAIN,555,1262
TX PAI1,TRAIN,556,4,000000000000408000000000000000000000000000000000*c0c0
RX # PAI1,TRAIN,556,1260
TX PAI1,TRAIN,557,1,408000000000000000000000000000000000000000000000*680c
RX # PAI1,TRAIN,557,1261
TX PAI1,TRAIN,558,2,000040800000000000000000000000000000000000000000*1151
RX # PAI1,TRAIN,558,1263
TX PAI1,TRAIN,559,3,000000004080000000000000000000000000000000000000*ff64
RX # PAI1,TRAIN,559,1263
TX PAI1,TRAIN,560,4,000000000000408000000000000000000000000000000000*4b44
RX # PAI1,TRAIN,560,1261
TX PAI1,PREDICT,561,408000000000000000000000000000000000000000000000*4104
RX # PAI1,PREDICT,561,79,3e88,3f8c,3e6a,3e18
TX PAI1,PREDICT,562,000040800000000000000000000000000000000000000000*a2db
RX # PAI1,PREDICT,562,86,3ee4,3e86,bc90,3d1b
TX PAI1,PREDICT,563,000000004080000000000000000000000000000000000000*37ae
RX # PAI1,PREDICT,563,80,3e50,3ded,3f8f,bd8a
TX PAI1,PREDICT,564,000000000000408000000000000000000000000000000000*9288
RX # PAI1,PREDICT,564,80,bf56,3f79,3e94,3f56
TX PAI1,TRAIN,565,1,408000000000000000000000000000000000000000000000*1ea9
RX # PAI1,TRAIN,565,1260
TX PAI1,TRAIN,566,2,000040800000000000000000000000000000000000000000*70b6
RX # PAI1,TRAIN,566,1262
TX PAI1,TRAIN,567,3,000000004080000000000000000000000000000000000000*9e83
RX # PAI1,TRAIN,567,1260
TX PAI1,TRAIN,568,4,000000000000408000000000000000000000000000000000*a127
RX # PAI1,TRAIN,568,1261
TX PAI1,TRAIN,569,1,408000000000000000000000000000000000000000000000*09eb
RX # PAI1,TRAIN,569,1260
TX PAI1,TRAIN,570,2,000040800000000000000000000000000000000000000000*f4eb
RX # PAI1,TRAIN,570,1264
TX PAI1,TRAIN,571,3,000000004080000000000000000000000000000000000000*1ade
RX # PAI1,TRAIN,571,1262
TX PAI1,TRAIN,572,4,000000000000408000000000000000000000000000000000*3238
RX # PAI1,TRAIN,572,1265
TX PAI1,TRAIN,573,1,408000000000000000000000000000000000000000000000*9af4
RX # PAI1,TRAIN,573,1264
TX PAI1,TRAIN,574,2,000040800000000000000000000000000000000000000000*09ca
RX # PAI1,TRAIN,574,1266
TX PAI1,TRAIN,575,3,000000004080000000000000000000000000000000000000*e7ff
RX # PAI1,TRAIN,575,1260
TX PAI1,TRAIN,576,4,000000000000408000000000000000000000000000000000*cf19
RX # PAI1,TRAIN,576,1261
TX PAI1,TRAIN,577,1,408000000000000000000000000000000000000000000000*67d5
RX # PAI1,TRAIN,577,1266
TX PAI1,TRAIN,578,2,000040800000000000000000000000000000000000000000*1e88
RX # PAI1,TRAIN,578,1261
TX PAI1,TRAIN,579,3,000000004080000000000000000000000000000000000000*f0bd
RX # PAI1,TRAIN,579,1262
TX PAI1,TRAIN,580,4,000000000000408000000000000000000000000000000000*644b
RX # PAI1,TRAIN,580,1264
TX PAI1,TRAIN,581,1,408000000000000000000000000000000000000000000000*cc87
RX # PAI1,TRAIN,581,1262
TX PAI1,TRAIN,582,2,000040800000000000000000000000000000000000000000*a298
RX # PAI1,TRAIN,582,1259
TX PAI1,TRAIN,583,3,000000004080000000000000000000000000000000000000*4cad
RX # PAI1,TRAIN,583,1261
TX PAI1,TRAIN,584,4,000000000000408000000000000000000000000000000000*996a
RX # PAI1,TRAIN,584,1261
TX PAI1,TRAIN,585,1,408000000000000000000000000000000000000000000000*31a6
RX # PAI1,TRAIN,585,1260
TX PAI1,TRAIN,586,2,000040800000000000000000000000000000000000000000*5fb9
RX # PAI1,TRAIN,586,1259
TX PAI1,TRAIN,587,3,000000004080000000000000000000000000000000000000*b18c
RX # PAI1,TRAIN,587,1263
TX PAI1,TRAIN,588,4,000000000000408000000000000000000000000000000000*8e28
RX # PAI1,TRAIN,588,1261
TX PAI1,TRAIN,589,1,408000000000000000000000000000000000000000000000*26e4
RX # PAI1,TRAIN,589,1262
TX PAI1,TRAIN,590,2,000040800000000000000000000000000000000000000000*dbe4
RX # PAI1,TRAIN,590,1260
TX PAI1,TRAIN,591,3,000000004080000000000000000000000000000000000000*35d1
RX # PAI1,TRAIN,591,1260
TX PAI1,TRAIN,592,4,000000000000408000000000000000000000000000000000*1d37
RX # PAI1,TRAIN,592,1262
TX PAI1,TRAIN,593,1,408000000000000000000000000000000000000000000000*b5fb
RX # PAI1,TRAIN,593,1262
TX PAI1,TRAIN,594,2,000040800000000000000000000000000000000000000000*26c5
RX # PAI1,TRAIN,594,1262
TX PAI1,TRAIN,595,3,000000004080000000000000000000000000000000000000*c8f0
RX # PAI1,TRAIN,595,1261
TX PAI1,TRAIN,596,4,000000000000408000000000000000000000000000000000*e016
RX # PAI1,TRAIN,596,1261
TX PAI1,TRAIN,597,1,408000000000000000000000000000000000000000000000*48da
RX # PAI1,TRAIN,597,1264
TX PAI1,TRAIN,598,2,000040800000000000000000000000000000000000000000*3187
RX # PAI1,TRAIN,598,1265
TX PAI1,TRAIN,599,3,000000004080000000000000000000000000000000000000*dfb2
RX # PAI1,TRAIN,599,1265
TX PAI1,TRAIN,600,4,000000000000408000000000000000000000000000000000*efa7
RX # PAI1,TRAIN,600,1263
TX PAI1,TRAIN,601,1,408000000000000000000000000000000000000000000000*476b
RX # PAI1,TRAIN,601,1264
TX PAI1,TRAIN,602,2,000040800000000000000000000000000000000000000000*2974
RX # PAI1,TRAIN,602,1262
TX PAI1,TRAIN,603,3,000000004080000000000000000000000000000000000000*c741
RX # PAI1,TRAIN,603,1263
TX PAI1,TRAIN,604,4,000000000000408000000000000000000000000000000000*1286
RX # PAI1,TRAIN,604,1265
TX PAI1,TRAIN,605,1,408000000000000000000000000000000000000000000000*ba4a
RX # PAI1,TRAIN,605,1263
TX PAI1,TRAIN,606,2,000040800000000000000000000000000000000000000000*d455
RX # PAI1,TRAIN,606,1260
TX PAI1,TRAIN,607,3,000000004080000000000000000000000000000000000000*3a60
RX # PAI1,TRAIN,607,1264
TX PAI1,TRAIN,608,4,000000000000408000000000000000000000000000000000*05c4
RX # PAI1,TRAIN,608,1264
TX PAI1,TRAIN,609,1,408000000000000000000000000000000000000000000000*ad08
RX # PAI1,TRAIN,609,1265
TX PAI1,TRAIN,610,2,000040800000000000000000000000000000000000000000*5008
RX # PAI1,TRAIN,610,1260
TX PAI1,TRAIN,611,3,000000004080000000000000000000000000000000000000*be3d
RX # PAI1,TRAIN,611,1263
TX PAI1,TRAIN,612,4,000000000000408000000000000000000000000000000000*96db
RX # PAI1,TRAIN,612,1260
TX PAI1,PREDICT,613,408000000000000000000000000000000000000000000000*2550
RX # PAI1,PREDICT,613,80,61fb,e29e,e14c,e06c
TX PAI1,PREDICT,614,000040800000000000000000000000000000000000000000*8f57
RX # PAI1,PREDICT,614,80,e249,62f5,61a6,60ba
TX PAI1,PREDICT,615,000000004080000000000000000000000000000000000000*1a22
RX # PAI1,PREDICT,615,81,e193,6237,60f2,6004
TX PAI1,PREDICT,616,000000000000408000000000000000000000000000000000*f6dc
RX # PAI1,PREDICT,616,80,dfc0,608c,5e90,5e38
TX PAI1,MODE,0*0f05
RX # PAI1,MODE,0
