TX PAI1,MODE,1*1f24
RX PNEU1,11941,301652,3940373
RX PNEU1,11942,301678,3940392
RX # PNEL1,UNKNOWN,301682
RX PNEU1,11943,301703,3940166
RX PNEU1,11944,301728,3940863
RX PNEU1,11945,301753,3941253
RX PNEU1,11946,301778,3941320
RX PNEU1,11947,301803,3941371
RX PNEU1,11948,301829,3941911
RX PNEU1,11949,301854,3942709
RX PNEU1,11950,301879,3943404
RX PNEU1,11951,301904,3944320
RX # PAI1,MODE,1
TX PAI1,INIT,1,12,32,1,1*9bc6
RX # PNEL1,UNKNOWN,301929
RX # PAI1,INIT,1,12,32,4
TX PAI1,TRAIN,2,1,bdaabe863e9d3e41bdddbdf2bec2beb6bedbbee03ea33e26*1c03
RX # PAI1,TRAIN,2,1292
TX PAI1,TRAIN,3,2,bf31be2bbf0abf1d3f3b3efb3ed43ed43e8c3e9ebed4be31*da2c
RX # PAI1,TRAIN,3,1286
TX PAI1,TRAIN,4,1,be7ebd593e783e073d913e39be8abf15beafbeb33e843e14*ef69
RX # PAI1,TRAIN,4,1292
TX PAI1,TRAIN,5,2,bf17bcbabec0bf023f2f3f023f463ec03e383efbbeffbe83*30ae
RX # PAI1,TRAIN,5,1287
TX PAI1,TRAIN,6,3,3ebdbca3be663a273e17beafbd053e9e3dd63d793e613ec3*b80f
RX # PAI1,TRAIN,6,1288
TX PAI1,TRAIN,7,3,3e08be80becbbea0be83be9a3ed23eec3e643eb6be493d3f*891c
RX # PAI1,TRAIN,7,1287
TX PAI1,TRAIN,8,2,3f063f053f823f51bec0bdab3e6a3f233ec23ea63d59be0d*9c21
RX # PAI1,TRAIN,8,1289
TX PAI1,TRAIN,9,3,3e1cbe5fbe11be2ebefdbe973e6e3d80be07bc4f3b6e3da9*0570
RX # PAI1,TRAIN,9,1294
TX PAI1,TRAIN,10,4,3d473dbb3d443dbdbc213cc43dd23e1e3da03d30bc64bd31*a380
RX # PAI1,TRAIN,10,1289
TX PAI1,TRAIN,11,4,3bf8be05be56be5abe24bdd13dce3cdfbbea3caebd8e3c0c*7531
RX # PAI1,TRAIN,11,1289
TX PAI1,TRAIN,12,2,beb3bf02bd85be293eedbd813ef63f013f0a3f14be1b3e2c*05c0
RX # PAI1,TRAIN,12,1288
TX PAI1,TRAIN,13,3,3e33bf18bf07bed23e2fbf173f1a3e933d083e773d1b3ecc*acbf
RX # PAI1,TRAIN,13,1287
TX PAI1,TRAIN,14,2,3f6dbe8dbf47be823ee5bf833ec93f083ea03eb6beb5be6b*b327
RX # PAI1,TRAIN,14,1290
TX PAI1,TRAIN,15,1,bd5ebe0b3e4c3d5fbdf0bd54bebcbf05bec4becb3e943e52*1b20
RX # PAI1,TRAIN,15,1292
TX PAI1,TRAIN,16,3,3d263dcf3e553d60bea63d1cbe80be28bd3dbe01bda0be63*7dd2
RX # PAI1,TRAIN,16,1292
TX PAI1,TRAIN,17,4,3e883e5e3d0c3e22be93bd9eba61bcf43d9c3cdfbb17bd88*b8f2
RX # PAI1,TRAIN,17,1289
TX PAI1,TRAIN,18,3,3dff3e4f3ef73ec3be963d1cbe5abe06bd9cbe0d3d89be25*ff87
RX # PAI1,TRAIN,18,1293
TX PAI1,TRAIN,19,1,be3cbdf0be25be783dc23d9dbe94bed7bea5beb23e243e34*7f31
RX # PAI1,TRAIN,19,1292
TX PAI1,TRAIN,20,4,3ea8bb83be2dbda7bddcbe973d543e2bbd58bd6f3d1b3d89*1856
RX # PAI1,TRAIN,20,1293
TX PAI1,TRAIN,21,3,3e843e153e783e9abed1bdfbbe15bd563e363d8c3d19bd54*dc9b
RX # PAI1,TRAIN,21,1293
TX PAI1,TRAIN,22,1,be82be973e0a3b963db03c12be86bec8beb9beb73e883e5c*c407
RX # PAI1,TRAIN,22,1292
TX PAI1,TRAIN,23,2,bf17be7ebf20bf353f3c3eb03f1bbe3b3fc23f99bffbc004*1b4e
RX # PAI1,TRAIN,23,1291
TX PAI1,TRAIN,24,4,3da53e743e963e9ebd403dd43d143cf23dd23d433d8abca4*ab71
RX # PAI1,TRAIN,24,1293
TX PAI1,TRAIN,25,1,3d3cbdc73ec13eb03d65bde6bed2beb5bee3bee73ed93e79*81a9
RX # PAI1,TRAIN,25,1287
TX PAI1,TRAIN,26,4,3dad3dcdbbd43ccdbe03bac4bcc93ede3d913d633d193d9f*2933
RX # PAI1,TRAIN,26,1289
TX PAI1,TRAIN,27,2,3f3fbe94beb53e37bda1bf603f213f2c3f283f26be82bdfa*03f3
RX # PAI1,TRAIN,27,1293
TX PAI1,TRAIN,28,1,be8fbe3f3daabcf93e233de5bea3beaabeb5beba3e583e11*0870
RX # PAI1,TRAIN,28,1290
TX PAI1,TRAIN,29,3,3ecb3d113ea23e93bf11bea7be08be883db7bc5d3dfa3d2b*c25c
RX # PAI1,TRAIN,29,1293
TX PAI1,TRAIN,30,2,3d8ebdc4becabe9f3d51be073ed83f133e7d3eadbeb6be5e*7c37
RX # PAI1,TRAIN,30,1288
TX PAI1,TRAIN,31,2,bf0bbe28beb6bedd3f0e3eba3ec13ea33de23e83beb6be4e*f087
RX # PAI1,TRAIN,31,1292
TX PAI1,TRAIN,32,1,be8ebe02bcdcbd8b3e823e1dbed3bee6bec7becf3e723e35*53d5
RX # PAI1,TRAIN,32,1289
TX PAI1,TRAIN,33,3,3effbe4abd963d29bd34bf16be373ea7bdaabda73e873eb3*f365
RX # PAI1,TRAIN,33,1286
TX PAI1,TRAIN,34,4,be0e3e64bde3bd933dbe3e93bd3e3e4f3d973d62bc3f3d46*491b
RX # PAI1,TRAIN,34,1286
TX PAI1,TRAIN,35,2,be4d3e5a3dd03e4c3e043eab3f483ecf3f3e3f50be6fbbf7*1510
RX # PAI1,TRAIN,35,1293
TX PAI1,TRAIN,36,3,3eab3e9d3ef93ef0be79bd92beabbe1dbdb9be203d8fbe57*daf2
RX # PAI1,TRAIN,36,1289
TX PAI1,TRAIN,37,4,3ee53c673eb83ec1bf37bec7bcbabe203e343dbb3d98bc92*9f18
RX # PAI1,TRAIN,37,1290
TX PAI1,TRAIN,38,4,3e613ebb3e233e99bcbe3d96bdc33bb13c19bd803df23b1d*f3e4
RX # PAI1,TRAIN,38,1292
TX PAI1,TRAIN,39,1,be12bdc43e14bc53bc4e3d66bebdbee8befdbef63e8e3e30*4042
RX # PAI1,TRAIN,39,1289
TX PAI1,TRAIN,40,3,be0cbe4f3de7be453e01bcdcbe2ebdb9be17be193e543eac*49e0
RX # PAI1,TRAIN,40,1292
TX PAI1,TRAIN,41,1,bea53d7dbe96be733ecf3eaabea9beb7be97bea93e473e73*2e2e
RX # PAI1,TRAIN,41,1287
TX PAI1,TRAIN,42,1,be743dd13e1d3de73e9b3e93be93bec9be83be983ea03e89*13be
RX # PAI1,TRAIN,42,1289
TX PAI1,TRAIN,43,1,beb4bedbbe42beb93e15bac4bedebf03beddbee73e063e07*4cbb
RX # PAI1,TRAIN,43,1290
TX PAI1,TRAIN,44,2,bf2ebe04bf30bf393f183f023f433e753d593ef3bf05be44*866d
RX # PAI1,TRAIN,44,1287
TX PAI1,TRAIN,45,1,be2fbe5dbd31be433c93bbd1be73beedbe4ebe793e103e37*baab
RX # PAI1,TRAIN,45,1286
TX PAI1,TRAIN,46,3,bd8e3e8ebe11bb49bd473e88be80bdeabdcdbe19bc93bde4*7e69
RX # PAI1,TRAIN,46,1287
TX PAI1,TRAIN,47,4,3ece3f6c3ed23f20bf273ea3be0dbc833e0f3ced3d29be6a*a9aa
RX # PAI1,TRAIN,47,1290
TX PAI1,TRAIN,48,3,3e8fbef2be90beb9bcf4bf19be723d0ebde4be0f3e833f01*e7d5
RX # PAI1,TRAIN,48,1286
TX PAI1,TRAIN,49,4,3e1e3eef3e7d3ea3be583e53be45bdf4bd2cbdc93df1bce7*2897
RX # PAI1,TRAIN,49,1290
TX PAI1,TRAIN,50,4,3ce33ddbbde5bd81bb7c3d5ebd263e13bc8abd5f3d1f3d7e*ae38
RX # PAI1,TRAIN,50,1292
TX PAI1,TRAIN,51,3,bd84be97bdcebe3c3ac1be2339a63d82be4bbe143e503ea9*8031
RX # PAI1,TRAIN,51,1288
TX PAI1,TRAIN,52,4,be48bda3be24be443d7b3decbe343e0fbbe4bd46bd263b82*6412
RX # PAI1,TRAIN,52,1288
TX PAI1,TRAIN,53,4,3e8e3e963e833e97bee3bcfcbdacbe2ebbc0bd903d73bdbd*0ca0
RX # PAI1,TRAIN,53,1288
TX PAI1,TRAIN,54,3,3d9f3edd3f043eeebe5a3e7e3d80be083de33d9b3d2fbdf6*3f06
RX # PAI1,TRAIN,54,1286
TX PAI1,TRAIN,55,3,3ea73bcf3ec93ed9bf1ebe923e313eaf3e873e6b3cc8bd2c*b466
RX # PAI1,TRAIN,55,1288
TX PAI1,TRAIN,56,1,beacbc64be33be5e3eaf3e94be7cbed6be8fbe983e253e47*16c3
RX # PAI1,TRAIN,56,1292
TX PAI1,TRAIN,57,2,bec0be5dbe99beea3efa3e333ee83e7f3cf83e6bbed1be93*55b2
RX # PAI1,TRAIN,57,1289
TX PAI1,TRAIN,58,1,bc91beb43e483d0abd89be79bebebe90bee0bedb3e973e54*dc85
RX # PAI1,TRAIN,58,1286
TX PAI1,TRAIN,59,4,3dc63faa3ec93f3dbe9a3f64bdbc3eb23db13d46bda6beef*2e9d
RX # PAI1,TRAIN,59,1291
TX PAI1,TRAIN,60,3,3cc53f1a3e1b3e88be713ed8be0ebbf73dc93c4f3c96bdc5*6485
RX # PAI1,TRAIN,60,1292
TX PAI1,TRAIN,61,1,beb8bed7bd34be523e5f3c1dbdebbec6bedabeaf3dfb3dcf*82ee
RX # PAI1,TRAIN,61,1288
TX PAI1,TRAIN,62,4,be0e3e64bde3bd933dbe3e93bd3e3e4f3d973d62bc3f3d46*d2f4
RX # PAI1,TRAIN,62,1288
TX PAI1,TRAIN,63,3,3effbe4abd963d29bd34bf16be373ea7bdaabda73e873eb3*632b
RX # PAI1,TRAIN,63,1285
TX PAI1,TRAIN,64,1,bc91beb43e483d0abd89be79bebebe90bee0bedb3e973e54*4be2
RX # PAI1,TRAIN,64,1291
TX PAI1,TRAIN,65,3,bd8e3e8ebe11bb49bd473e88be80bdeabdcdbe19bc93bde4*fc70
RX # PAI1,TRAIN,65,1290
TX PAI1,TRAIN,66,2,3f3fbe94beb53e37bda1bf603f213f2c3f283f26be82bdfa*6701
RX # PAI1,TRAIN,66,1288
TX PAI1,TRAIN,67,3,3ea73bcf3ec93ed9bf1ebe923e313eaf3e873e6b3cc8bd2c*c2c3
RX # PAI1,TRAIN,67,1292
TX PAI1,TRAIN,68,4,3bf8be05be56be5abe24bdd13dce3cdfbbea3caebd8e3c0c*7b85
RX # PAI1,TRAIN,68,1286
TX PAI1,TRAIN,69,2,bf17bcbabec0bf023f2f3f023f463ec03e383efbbeffbe83*49c5
RX # PAI1,TRAIN,69,1292
TX PAI1,TRAIN,70,1,3d3cbdc73ec13eb03d65bde6bed2beb5bee3bee73ed93e79*9786
RX # PAI1,TRAIN,70,1285
TX PAI1,TRAIN,71,1,be743dd13e1d3de73e9b3e93be93bec9be83be983ea03e89*1e5b
RX # PAI1,TRAIN,71,1289
TX PAI1,TRAIN,72,3,3e08be80becbbea0be83be9a3ed23eec3e643eb6be493d3f*eea8
RX # PAI1,TRAIN,72,1288
TX PAI1,TRAIN,73,2,bf17be7ebf20bf353f3c3eb03f1bbe3b3fc23f99bffbc004*8b00
RX # PAI1,TRAIN,73,1288
TX PAI1,TRAIN,74,1,be82be973e0a3b963db03c12be86bec8beb9beb73e883e5c*5fe8
RX # PAI1,TRAIN,74,1291
TX PAI1,TRAIN,75,1,bd5ebe0b3e4c3d5fbdf0bd54bebcbf05bec4becb3e943e52*0b4b
RX # PAI1,TRAIN,75,1294
TX PAI1,TRAIN,76,4,3ce33ddbbde5bd81bb7c3d5ebd263e13bc8abd5f3d1f3d7e*aa40
RX # PAI1,TRAIN,76,1292
TX PAI1,TRAIN,77,4,3dad3dcdbbd43ccdbe03bac4bcc93ede3d913d633d193d9f*c23d
RX # PAI1,TRAIN,77,1288
TX PAI1,TRAIN,78,2,bec0be5dbe99beea3efa3e333ee83e7f3cf83e6bbed1be93*c0e9
RX # PAI1,TRAIN,78,1286
TX PAI1,TRAIN,79,4,be48bda3be24be443d7b3decbe343e0fbbe4bd46bd263b82*0c68
RX # PAI1,TRAIN,79,1290
TX PAI1,TRAIN,80,1,beb8bed7bd34be523e5f3c1dbdebbec6bedabeaf3dfb3dcf*d6a1
RX # PAI1,TRAIN,80,1290
TX PAI1,TRAIN,81,1,be8ebe02bcdcbd8b3e823e1dbed3bee6bec7becf3e723e35*6154
RX # PAI1,TRAIN,81,1287
TX PAI1,TRAIN,82,2,bf0bbe28beb6bedd3f0e3eba3ec13ea33de23e83beb6be4e*c206
RX # PAI1,TRAIN,82,1288
TX PAI1,TRAIN,83,4,3e8e3e963e833e97bee3bcfcbdacbe2ebbc0bd903d73bdbd*a38a
RX # PAI1,TRAIN,83,1290
TX PAI1,TRAIN,84,3,be0cbe4f3de7be453e01bcdcbe2ebdb9be17be193e543eac*9417
RX # PAI1,TRAIN,84,1292
TX PAI1,TRAIN,85,4,3dc63faa3ec93f3dbe9a3f64bdbc3eb23db13d46bda6beef*96f5
RX # PAI1,TRAIN,85,1288
TX PAI1,TRAIN,86,1,beacbc64be33be5e3eaf3e94be7cbed6be8fbe983e253e47*b9e9
RX # PAI1,TRAIN,86,1288
TX PAI1,TRAIN,87,2,3d8ebdc4becabe9f3d51be073ed83f133e7d3eadbeb6be5e*b397
RX # PAI1,TRAIN,87,1293
TX PAI1,TRAIN,88,1,beb4bedbbe42beb93e15bac4bedebf03beddbee73e063e07*0bce
RX # PAI1,TRAIN,88,1293
TX PAI1,TRAIN,89,2,bf2ebe04bf30bf393f183f023f433e753d593ef3bf05be44*cab9
RX # PAI1,TRAIN,89,1292
TX PAI1,TRAIN,90,1,be7ebd593e783e073d913e39be8abf15beafbeb33e843e14*dc92
RX # PAI1,TRAIN,90,1293
TX PAI1,TRAIN,91,2,3f063f053f823f51bec0bdab3e6a3f233ec23ea63d59be0d*c3d8
RX # PAI1,TRAIN,91,1291
TX PAI1,TRAIN,92,1,be12bdc43e14bc53bc4e3d66bebdbee8befdbef63e8e3e30*175c
RX # PAI1,TRAIN,92,1287
TX PAI1,TRAIN,93,3,3e33bf18bf07bed23e2fbf173f1a3e933d083e773d1b3ecc*93db
RX # PAI1,TRAIN,93,1288
TX PAI1,TRAIN,94,4,3ece3f6c3ed23f20bf273ea3be0dbc833e0f3ced3d29be6a*8b40
RX # PAI1,TRAIN,94,1286
TX PAI1,TRAIN,95,3,3e843e153e783e9abed1bdfbbe15bd563e363d8c3d19bd54*9efb
RX # PAI1,TRAIN,95,1291
TX PAI1,TRAIN,96,3,3d263dcf3e553d60bea63d1cbe80be28bd3dbe01bda0be63*42b6
RX # PAI1,TRAIN,96,1290
TX PAI1,TRAIN,97,4,3e613ebb3e233e99bcbe3d96bdc33bb13c19bd803df23b1d*59db
RX # PAI1,TRAIN,97,1291
TX PAI1,TRAIN,98,4,3e883e5e3d0c3e22be93bd9eba61bcf43d9c3cdfbb17bd88*1d14
RX # PAI1,TRAIN,98,1289
TX PAI1,TRAIN,99,1,be3cbdf0be25be783dc23d9dbe94bed7bea5beb23e243e34*4055
RX # PAI1,TRAIN,99,1286
TX PAI1,TRAIN,100,2,bf31be2bbf0abf1d3f3b3efb3ed43ed43e8c3e9ebed4be31*6890
RX # PAI1,TRAIN,100,1292
TX PAI1,TRAIN,101,3,3d9f3edd3f043eeebe5a3e7e3d80be083de33d9b3d2fbdf6*6817
RX # PAI1,TRAIN,101,1289
TX PAI1,TRAIN,102,3,bd84be97bdcebe3c3ac1be2339a63d82be4bbe143e503ea9*dc81
RX # PAI1,TRAIN,102,1289
TX PAI1,TRAIN,103,2,be4d3e5a3dd03e4c3e043eab3f483ecf3f3e3f50be6fbbf7*dfaa
RX # PAI1,TRAIN,103,1285
TX PAI1,TRAIN,104,2,3f6dbe8dbf47be823ee5bf833ec93f083ea03eb6beb5be6b*7de5
RX # PAI1,TRAIN,104,1288
TX PAI1,TRAIN,105,3,3dff3e4f3ef73ec3be963d1cbe5abe06bd9cbe0d3d89be25*5d47
RX # PAI1,TRAIN,105,1288
TX PAI1,TRAIN,106,3,3eab3e9d3ef93ef0be79bd92beabbe1dbdb9be203d8fbe57*1be9
RX # PAI1,TRAIN,106,1291
TX PAI1,TRAIN,107,1,bea53d7dbe96be733ecf3eaabea9beb7be97bea93e473e73*7b03
RX # PAI1,TRAIN,107,1287
TX PAI1,TRAIN,108,3,3cc53f1a3e1b3e88be713ed8be0ebbf73dc93c4f3c96bdc5*dfb3
RX # PAI1,TRAIN,108,1292
TX PAI1,TRAIN,109,4,3d473dbb3d443dbdbc213cc43dd23e1e3da03d30bc64bd31*fc61
RX # PAI1,TRAIN,109,1291
TX PAI1,TRAIN,110,4,3ee53c673eb83ec1bf37bec7bcbabe203e343dbb3d98bc92*a11e
RX # PAI1,TRAIN,110,1288
TX PAI1,TRAIN,111,1,be8fbe3f3daabcf93e233de5bea3beaabeb5beba3e583e11*5848
RX # PAI1,TRAIN,111,1293
TX PAI1,TRAIN,112,4,3da53e743e963e9ebd403dd43d143cf23dd23d433d8abca4*61cb
RX # PAI1,TRAIN,112,1288
TX PAI1,TRAIN,113,3,3e1cbe5fbe11be2ebefdbe973e6e3d80be07bc4f3b6e3da9*a913
RX # PAI1,TRAIN,113,1287
TX PAI1,TRAIN,114,1,be2fbe5dbd31be433c93bbd1be73beedbe4ebe793e103e37*109b
RX # PAI1,TRAIN,114,1291
TX PAI1,TRAIN,115,3,3ebdbca3be663a273e17beafbd053e9e3dd63d793e613ec3*854f
RX # PAI1,TRAIN,115,1287
TX PAI1,TRAIN,116,2,beb3bf02bd85be293eedbd813ef63f013f0a3f14be1b3e2c*b9df
RX # PAI1,TRAIN,116,1292
TX PAI1,TRAIN,117,3,3ecb3d113ea23e93bf11bea7be08be883db7bc5d3dfa3d2b*e285
RX # PAI1,TRAIN,117,1291
TX PAI1,TRAIN,118,4,3ea8bb83be2dbda7bddcbe973d543e2bbd58bd6f3d1b3d89*332e
RX # PAI1,TRAIN,118,1292
TX PAI1,TRAIN,119,3,3e8fbef2be90beb9bcf4bf19be723d0ebde4be0f3e833f01*4de5
RX # PAI1,TRAIN,119,1292
TX PAI1,TRAIN,120,4,3e1e3eef3e7d3ea3be583e53be45bdf4bd2cbdc93df1bce7*e8e1
RX # PAI1,TRAIN,120,1288
TX PAI1,TRAIN,121,1,bdaabe863e9d3e41bdddbdf2bec2beb6bedbbee03ea33e26*a166
RX # PAI1,TRAIN,121,1293
TX PAI1,TRAIN,122,1,beb4bedbbe42beb93e15bac4bedebf03beddbee73e063e07*66ae
RX # PAI1,TRAIN,122,1292
TX PAI1,TRAIN,123,3,3e08be80becbbea0be83be9a3ed23eec3e643eb6be493d3f*4498
RX # PAI1,TRAIN,123,1292
TX PAI1,TRAIN,124,3,3d263dcf3e553d60bea63d1cbe80be28bd3dbe01bda0be63*4a49
RX # PAI1,TRAIN,124,1292
TX PAI1,TRAIN,125,2,3f6dbe8dbf47be823ee5bf833ec93f083ea03eb6beb5be6b*097c
RX # PAI1,TRAIN,125,1290
TX PAI1,TRAIN,126,1,be12bdc43e14bc53bc4e3d66bebdbee8befdbef63e8e3e30*1402
RX # PAI1,TRAIN,126,1289
TX PAI1,TRAIN,127,4,3d473dbb3d443dbdbc213cc43dd23e1e3da03d30bc64bd31*127a
RX # PAI1,TRAIN,127,1292
TX PAI1,TRAIN,128,1,be7ebd593e783e073d913e39be8abf15beafbeb33e843e14*c88e
RX # PAI1,TRAIN,128,1289
TX PAI1,TRAIN,129,3,be0cbe4f3de7be453e01bcdcbe2ebdb9be17be193e543eac*8996
RX # PAI1,TRAIN,129,1291
TX PAI1,TRAIN,130,3,bd84be97bdcebe3c3ac1be2339a63d82be4bbe143e503ea9*aa24
RX # PAI1,TRAIN,130,1288
TX PAI1,TRAIN,131,2,bf17bcbabec0bf023f2f3f023f463ec03e383efbbeffbe83*72d6
RX # PAI1,TRAIN,131,1292
TX PAI1,TRAIN,132,1,bdaabe863e9d3e41bdddbdf2bec2beb6bedbbee03ea33e26*a35a
RX # PAI1,TRAIN,132,1292
TX PAI1,TRAIN,133,1,beb8bed7bd34be523e5f3c1dbdebbec6bedabeaf3dfb3dcf*a51e
RX # PAI1,TRAIN,133,1292
TX PAI1,TRAIN,134,1,be3cbdf0be25be783dc23d9dbe94bed7bea5beb23e243e34*5dd4
RX # PAI1,TRAIN,134,1292
TX PAI1,TRAIN,135,1,bc91beb43e483d0abd89be79bebebe90bee0bedb3e973e54*e1d2
RX # PAI1,TRAIN,135,1290
TX PAI1,TRAIN,136,2,be4d3e5a3dd03e4c3e043eab3f483ecf3f3e3f50be6fbbf7*d9ee
RX # PAI1,TRAIN,136,1286
TX PAI1,TRAIN,137,2,3f3fbe94beb53e37bda1bf603f213f2c3f283f26be82bdfa*cd31
RX # PAI1,TRAIN,137,1287
TX PAI1,TRAIN,138,3,3ea73bcf3ec93ed9bf1ebe923e313eaf3e873e6b3cc8bd2c*8931
RX # PAI1,TRAIN,138,1288
TX PAI1,TRAIN,139,4,3bf8be05be56be5abe24bdd13dce3cdfbbea3caebd8e3c0c*d1b5
RX # PAI1,TRAIN,139,1287
TX PAI1,TRAIN,140,2,bf17be7ebf20bf353f3c3eb03f1bbe3b3fc23f99bffbc004*c7db
RX # PAI1,TRAIN,140,1293
TX PAI1,TRAIN,141,4,3e883e5e3d0c3e22be93bd9eba61bcf43d9c3cdfbb17bd88*6223
RX # PAI1,TRAIN,141,1289
TX PAI1,TRAIN,142,4,3e8e3e963e833e97bee3bcfcbdacbe2ebbc0bd903d73bdbd*b922
RX # PAI1,TRAIN,142,1291
TX PAI1,TRAIN,143,4,3dad3dcdbbd43ccdbe03bac4bcc93ede3d913d633d193d9f*fe07
RX # PAI1,TRAIN,143,1289
TX PAI1,TRAIN,144,4,3e613ebb3e233e99bcbe3d96bdc33bb13c19bd803df23b1d*3a0f
RX # PAI1,TRAIN,144,1291
TX PAI1,TRAIN,145,3,3e1cbe5fbe11be2ebefdbe973e6e3d80be07bc4f3b6e3da9*32fc
RX # PAI1,TRAIN,145,1287
TX PAI1,TRAIN,146,1,3d3cbdc73ec13eb03d65bde6bed2beb5bee3bee73ed93e79*5d3c
RX # PAI1,TRAIN,146,1292
TX PAI1,TRAIN,147,4,3e1e3eef3e7d3ea3be583e53be45bdf4bd2cbdc93df1bce7*886b
RX # PAI1,TRAIN,147,1288
TX PAI1,TRAIN,148,3,3ebdbca3be663a273e17beafbd053e9e3dd63d793e613ec3*7903
RX # PAI1,TRAIN,148,1292
TX PAI1,TRAIN,149,1,be8ebe02bcdcbd8b3e823e1dbed3bee6bec7becf3e723e35*eadf
RX # PAI1,TRAIN,149,1287
TX PAI1,TRAIN,150,3,3dff3e4f3ef73ec3be963d1cbe5abe06bd9cbe0d3d89be25*4b68
RX # PAI1,TRAIN,150,1291
TX PAI1,TRAIN,151,3,3e843e153e783e9abed1bdfbbe15bd563e363d8c3d19bd54*0232
RX # PAI1,TRAIN,151,1287
TX PAI1,TRAIN,152,1,bea53d7dbe96be733ecf3eaabea9beb7be97bea93e473e73*6d2c
RX # PAI1,TRAIN,152,1292
TX PAI1,TRAIN,153,4,3ea8bb83be2dbda7bddcbe973d543e2bbd58bd6f3d1b3d89*4b3f
RX # PAI1,TRAIN,153,1293
TX PAI1,TRAIN,154,2,bec0be5dbe99beea3efa3e333ee83e7f3cf83e6bbed1be93*994c
RX # PAI1,TRAIN,154,1291
TX PAI1,TRAIN,155,2,bf0bbe28beb6bedd3f0e3eba3ec13ea33de23e83beb6be4e*5cf3
RX # PAI1,TRAIN,155,1292
TX PAI1,TRAIN,156,2,3d8ebdc4becabe9f3d51be073ed83f133e7d3eadbeb6be5e*26c3
RX # PAI1,TRAIN,156,1290
TX PAI1,TRAIN,157,2,beb3bf02bd85be293eedbd813ef63f013f0a3f14be1b3e2c*dd2d
RX # PAI1,TRAIN,157,1289
TX PAI1,TRAIN,158,4,3dc63faa3ec93f3dbe9a3f64bdbc3eb23db13d46bda6beef*14e3
RX # PAI1,TRAIN,158,1290
TX PAI1,TRAIN,159,2,3f063f053f823f51bec0bdab3e6a3f233ec23ea63d59be0d*4853
RX # PAI1,TRAIN,159,1292
TX PAI1,TRAIN,160,1,beacbc64be33be5e3eaf3e94be7cbed6be8fbe983e253e47*dc79
RX # PAI1,TRAIN,160,1291
TX PAI1,TRAIN,161,3,3effbe4abd963d29bd34bf16be373ea7bdaabda73e873eb3*d495
RX # PAI1,TRAIN,161,1286
TX PAI1,TRAIN,162,2,bf2ebe04bf30bf393f183f023f433e753d593ef3bf05be44*c32b
RX # PAI1,TRAIN,162,1288
TX PAI1,TRAIN,163,4,3ce33ddbbde5bd81bb7c3d5ebd263e13bc8abd5f3d1f3d7e*e2e3
RX # PAI1,TRAIN,163,1287
TX PAI1,TRAIN,164,4,3ee53c673eb83ec1bf37bec7bcbabe203e343dbb3d98bc92*c3a8
RX # PAI1,TRAIN,164,1292
TX PAI1,TRAIN,165,4,3ece3f6c3ed23f20bf273ea3be0dbc833e0f3ced3d29be6a*11cd
RX # PAI1,TRAIN,165,1291
TX PAI1,TRAIN,166,4,be48bda3be24be443d7b3decbe343e0fbbe4bd46bd263b82*5828
RX # PAI1,TRAIN,166,1292
TX PAI1,TRAIN,167,3,3cc53f1a3e1b3e88be713ed8be0ebbf73dc93c4f3c96bdc5*555a
RX # PAI1,TRAIN,167,1291
TX PAI1,TRAIN,168,1,bd5ebe0b3e4c3d5fbdf0bd54bebcbf05bec4becb3e943e52*a98b
RX # PAI1,TRAIN,168,1292
TX PAI1,TRAIN,169,3,3e33bf18bf07bed23e2fbf173f1a3e933d083e773d1b3ecc*6ef5
RX # PAI1,TRAIN,169,1287
TX PAI1,TRAIN,170,3,3ecb3d113ea23e93bf11bea7be08be883db7bc5d3dfa3d2b*820f
RX # PAI1,TRAIN,170,1290
TX PAI1,TRAIN,171,1,be2fbe5dbd31be433c93bbd1be73beedbe4ebe793e103e37*8691
RX # PAI1,TRAIN,171,1286
TX PAI1,TRAIN,172,4,3da53e743e963e9ebd403dd43d143cf23dd23d433d8abca4*71a0
RX # PAI1,TRAIN,172,1290
TX PAI1,TRAIN,173,2,bf31be2bbf0abf1d3f3b3efb3ed43ed43e8c3e9ebed4be31*7ac7
RX # PAI1,TRAIN,173,1291
TX PAI1,TRAIN,174,4,be0e3e64bde3bd933dbe3e93bd3e3e4f3d973d62bc3f3d46*1797
RX # PAI1,TRAIN,174,1290
TX PAI1,TRAIN,175,3,bd8e3e8ebe11bb49bd473e88be80bdeabdcdbe19bc93bde4*32b2
RX # PAI1,TRAIN,175,1288
TX PAI1,TRAIN,176,1,be8fbe3f3daabcf93e233de5bea3beaabeb5beba3e583e11*38c2
RX # PAI1,TRAIN,176,1288
TX PAI1,TRAIN,177,1,be82be973e0a3b963db03c12be86bec8beb9beb73e883e5c*9316
RX # PAI1,TRAIN,177,1290
TX PAI1,TRAIN,178,3,3e8fbef2be90beb9bcf4bf19be723d0ebde4be0f3e833f01*26ce
RX # PAI1,TRAIN,178,1291
TX PAI1,TRAIN,179,3,3d9f3edd3f043eeebe5a3e7e3d80be083de33d9b3d2fbdf6*1de3
RX # PAI1,TRAIN,179,1292
TX PAI1,TRAIN,180,3,3eab3e9d3ef93ef0be79bd92beabbe1dbdb9be203d8fbe57*2f2c
RX # PAI1,TRAIN,180,1292
TX PAI1,TRAIN,181,1,be743dd13e1d3de73e9b3e93be93bec9be83be983ea03e89*ff96
RX # PAI1,TRAIN,181,1287
TX PAI1,TRAIN,182,3,3eab3e9d3ef93ef0be79bd92beabbe1dbdb9be203d8fbe57*d9ac
RX # PAI1,TRAIN,182,1289
TX PAI1,TRAIN,183,3,3effbe4abd963d29bd34bf16be373ea7bdaabda73e873eb3*0d1a
RX # PAI1,TRAIN,183,1293
TX PAI1,TRAIN,184,4,3dc63faa3ec93f3dbe9a3f64bdbc3eb23db13d46bda6beef*ac8b
RX # PAI1,TRAIN,184,1290
TX PAI1,TRAIN,185,1,be7ebd593e783e073d913e39be8abf15beafbeb33e843e14*9431
RX # PAI1,TRAIN,185,1290
TX PAI1,TRAIN,186,3,3e33bf18bf07bed23e2fbf173f1a3e933d083e773d1b3ecc*db78
RX # PAI1,TRAIN,186,1289
TX PAI1,TRAIN,187,3,3d9f3edd3f043eeebe5a3e7e3d80be083de33d9b3d2fbdf6*5cd2
RX # PAI1,TRAIN,187,1289
TX PAI1,TRAIN,188,2,bf31be2bbf0abf1d3f3b3efb3ed43ed43e8c3e9ebed4be31*bd97
RX # PAI1,TRAIN,188,1286
TX PAI1,TRAIN,189,4,3dad3dcdbbd43ccdbe03bac4bcc93ede3d913d633d193d9f*c232
RX # PAI1,TRAIN,189,1291
TX PAI1,TRAIN,190,1,beb8bed7bd34be523e5f3c1dbdebbec6bedabeaf3dfb3dcf*1863
RX # PAI1,TRAIN,190,1290
TX PAI1,TRAIN,191,2,3d8ebdc4becabe9f3d51be073ed83f133e7d3eadbeb6be5e*76f4
RX # PAI1,TRAIN,191,1293
TX PAI1,TRAIN,192,1,be8fbe3f3daabcf93e233de5bea3beaabeb5beba3e583e11*eaec
RX # PAI1,TRAIN,192,1289
TX PAI1,TRAIN,193,2,bec0be5dbe99beea3efa3e333ee83e7f3cf83e6bbed1be93*c97b
RX # PAI1,TRAIN,193,1289
TX PAI1,TRAIN,194,3,be0cbe4f3de7be453e01bcdcbe2ebdb9be17be193e543eac*5ad5
RX # PAI1,TRAIN,194,1291
TX PAI1,TRAIN,195,1,bdaabe863e9d3e41bdddbdf2bec2beb6bedbbee03ea33e26*e306
RX # PAI1,TRAIN,195,1293
TX PAI1,TRAIN,196,2,3f063f053f823f51bec0bdab3e6a3f233ec23ea63d59be0d*f207
RX # PAI1,TRAIN,196,1291
TX PAI1,TRAIN,197,2,be4d3e5a3dd03e4c3e043eab3f483ecf3f3e3f50be6fbbf7*9213
RX # PAI1,TRAIN,197,1290
TX PAI1,TRAIN,198,1,be12bdc43e14bc53bc4e3d66bebdbee8befdbef63e8e3e30*4a81
RX # PAI1,TRAIN,198,1285
TX PAI1,TRAIN,199,3,3e8fbef2be90beb9bcf4bf19be723d0ebde4be0f3e833f01*7281
RX # PAI1,TRAIN,199,1292
TX PAI1,TRAIN,200,3,3d263dcf3e553d60bea63d1cbe80be28bd3dbe01bda0be63*0c39
RX # PAI1,TRAIN,200,1289
TX PAI1,TRAIN,201,3,3e843e153e783e9abed1bdfbbe15bd563e363d8c3d19bd54*26f4
RX # PAI1,TRAIN,201,1293
TX PAI1,TRAIN,202,2,3f6dbe8dbf47be823ee5bf833ec93f083ea03eb6beb5be6b*c2cc
RX # PAI1,TRAIN,202,1291
TX PAI1,TRAIN,203,1,be2fbe5dbd31be433c93bbd1be73beedbe4ebe793e103e37*5b0e
RX # PAI1,TRAIN,203,1292
TX PAI1,TRAIN,204,4,3e883e5e3d0c3e22be93bd9eba61bcf43d9c3cdfbb17bd88*4f78
RX # PAI1,TRAIN,204,1292
TX PAI1,TRAIN,205,4,3da53e743e963e9ebd403dd43d143cf23dd23d433d8abca4*2a5e
RX # PAI1,TRAIN,205,1290
TX PAI1,TRAIN,206,1,beb4bedbbe42beb93e15bac4bedebf03beddbee73e063e07*20de
RX # PAI1,TRAIN,206,1291
TX PAI1,TRAIN,207,3,3e1cbe5fbe11be2ebefdbe973e6e3d80be07bc4f3b6e3da9*6f46
RX # PAI1,TRAIN,207,1293
TX PAI1,TRAIN,208,4,3ee53c673eb83ec1bf37bec7bcbabe203e343dbb3d98bc92*7009
RX # PAI1,TRAIN,208,1291
TX PAI1,TRAIN,209,2,3f3fbe94beb53e37bda1bf603f213f2c3f283f26be82bdfa*185e
RX # PAI1,TRAIN,209,1289
TX PAI1,TRAIN,210,1,bd5ebe0b3e4c3d5fbdf0bd54bebcbf05bec4becb3e943e52*68f7
RX # PAI1,TRAIN,210,1287
TX PAI1,TRAIN,211,3,3cc53f1a3e1b3e88be713ed8be0ebbf73dc93c4f3c96bdc5*75e4
RX # PAI1,TRAIN,211,1288
TX PAI1,TRAIN,212,3,3dff3e4f3ef73ec3be963d1cbe5abe06bd9cbe0d3d89be25*16d2
RX # PAI1,TRAIN,212,1289
TX PAI1,TRAIN,213,3,3ecb3d113ea23e93bf11bea7be08be883db7bc5d3dfa3d2b*ab2c
RX # PAI1,TRAIN,213,1288
TX PAI1,TRAIN,214,4,3ce33ddbbde5bd81bb7c3d5ebd263e13bc8abd5f3d1f3d7e*b91d
RX # PAI1,TRAIN,214,1292
TX PAI1,TRAIN,215,4,3e8e3e963e833e97bee3bcfcbdacbe2ebbc0bd903d73bdbd*ed05
RX # PAI1,TRAIN,215,1292
TX PAI1,TRAIN,216,1,be743dd13e1d3de73e9b3e93be93bec9be83be983ea03e89*8b67
RX # PAI1,TRAIN,216,1293
TX PAI1,TRAIN,217,4,3ece3f6c3ed23f20bf273ea3be0dbc833e0f3ced3d29be6a*cc52
RX # PAI1,TRAIN,217,1288
TX PAI1,TRAIN,218,3,bd84be97bdcebe3c3ac1be2339a63d82be4bbe143e503ea9*fb16
RX # PAI1,TRAIN,218,1291
TX PAI1,TRAIN,219,1,bea53d7dbe96be733ecf3eaabea9beb7be97bea93e473e73*a1b5
RX # PAI1,TRAIN,219,1292
TX PAI1,TRAIN,220,4,be48bda3be24be443d7b3decbe343e0fbbe4bd46bd263b82*f8b3
RX # PAI1,TRAIN,220,1292
TX PAI1,TRAIN,221,1,bc91beb43e483d0abd89be79bebebe90bee0bedb3e973e54*2787
RX # PAI1,TRAIN,221,1290
TX PAI1,TRAIN,222,2,bf17bcbabec0bf023f2f3f023f463ec03e383efbbeffbe83*c462
RX # PAI1,TRAIN,222,1291
TX PAI1,TRAIN,223,2,bf0bbe28beb6bedd3f0e3eba3ec13ea33de23e83beb6be4e*7c4d
RX # PAI1,TRAIN,223,1290
TX PAI1,TRAIN,224,2,bf2ebe04bf30bf393f183f023f433e753d593ef3bf05be44*63b0
RX # PAI1,TRAIN,224,1293
TX PAI1,TRAIN,225,1,be3cbdf0be25be783dc23d9dbe94bed7bea5beb23e243e34*1de0
RX # PAI1,TRAIN,225,1291
TX PAI1,TRAIN,226,3,3ebdbca3be663a273e17beafbd053e9e3dd63d793e613ec3*3c22
RX # PAI1,TRAIN,226,1290
TX PAI1,TRAIN,227,1,beacbc64be33be5e3eaf3e94be7cbed6be8fbe983e253e47*07a2
RX # PAI1,TRAIN,227,1293
TX PAI1,TRAIN,228,3,bd8e3e8ebe11bb49bd473e88be80bdeabdcdbe19bc93bde4*7a76
RX # PAI1,TRAIN,228,1292
TX PAI1,TRAIN,229,1,be8ebe02bcdcbd8b3e823e1dbed3bee6bec7becf3e723e35*4e3c
RX # PAI1,TRAIN,229,1292
TX PAI1,TRAIN,230,4,3d473dbb3d443dbdbc213cc43dd23e1e3da03d30bc64bd31*59ef
RX # PAI1,TRAIN,230,1292
TX PAI1,TRAIN,231,3,3e08be80becbbea0be83be9a3ed23eec3e643eb6be493d3f*896c
RX # PAI1,TRAIN,231,1289
TX PAI1,TRAIN,232,2,bf17be7ebf20bf353f3c3eb03f1bbe3b3fc23f99bffbc004*1a44
RX # PAI1,TRAIN,232,1289
TX PAI1,TRAIN,233,4,3e1e3eef3e7d3ea3be583e53be45bdf4bd2cbdc93df1bce7*5e55
RX # PAI1,TRAIN,233,1290
TX PAI1,TRAIN,234,4,3e613ebb3e233e99bcbe3d96bdc33bb13c19bd803df23b1d*1110
RX # PAI1,TRAIN,234,1286
TX PAI1,TRAIN,235,1,be82be973e0a3b963db03c12be86bec8beb9beb73e883e5c*ceac
RX # PAI1,TRAIN,235,1290
TX PAI1,TRAIN,236,1,3d3cbdc73ec13eb03d65bde6bed2beb5bee3bee73ed93e79*7623
RX # PAI1,TRAIN,236,1290
TX PAI1,TRAIN,237,4,be0e3e64bde3bd933dbe3e93bd3e3e4f3d973d62bc3f3d46*316d
RX # PAI1,TRAIN,237,1291
TX PAI1,TRAIN,238,2,beb3bf02bd85be293eedbd813ef63f013f0a3f14be1b3e2c*e34c
RX # PAI1,TRAIN,238,1292
TX PAI1,TRAIN,239,4,3ea8bb83be2dbda7bddcbe973d543e2bbd58bd6f3d1b3d89*f33f
RX # PAI1,TRAIN,239,1286
TX PAI1,TRAIN,240,3,3ea73bcf3ec93ed9bf1ebe923e313eaf3e873e6b3cc8bd2c*484d
RX # PAI1,TRAIN,240,1291
TX PAI1,TRAIN,241,4,3bf8be05be56be5abe24bdd13dce3cdfbbea3caebd8e3c0c*10c9
RX # PAI1,TRAIN,241,1292
TX PAI1,PREDICT,242,3da53e743e963e9ebd403dd43d143cf23dd23d433d8abca4*15fd
RX # PAI1,PREDICT,242,107,3e62,3e74,3e1a,3ec9
TX PAI1,PREDICT,243,3ee53c673eb83ec1bf37bec7bcbabe203e343dbb3d98bc92*31de
RX # PAI1,PREDICT,243,106,3d80,bdf8,3f1f,3ecd
TX PAI1,PREDICT,244,3ece3f6c3ed23f20bf273ea3be0dbc833e0f3ced3d29be6a*e7b9
RX # PAI1,PREDICT,244,107,be42,be26,3ec9,3f6e
TX PAI1,PREDICT,245,3d473dbb3d443dbdbc213cc43dd23e1e3da03d30bc64bd31*1f4a
RX # PAI1,PREDICT,245,105,3e06,3e88,3e3d,3ece
TX PAI1,PREDICT,246,be0e3e64bde3bd933dbe3e93bd3e3e4f3d973d62bc3f3d46*31b3
RX # PAI1,PREDICT,246,104,3d74,3e30,3e65,3f0a
TX PAI1,PREDICT,247,be48bda3be24be443d7b3decbe343e0fbbe4bd46bd263b82*1506
RX # PAI1,PREDICT,247,107,3e2e,3dcb,3e96,3ed6
TX PAI1,PREDICT,248,3bf8be05be56be5abe24bdd13dce3cdfbbea3caebd8e3c0c*7aa5
RX # PAI1,PREDICT,248,107,3e01,3dd0,3ec8,3ebc
TX PAI1,PREDICT,249,3dad3dcdbbd43ccdbe03bac4bcc93ede3d913d633d193d9f*c415
RX # PAI1,PREDICT,249,107,bdee,3dfa,3ec8,3f15
TX PAI1,PREDICT,250,3e8e3e963e833e97bee3bcfcbdacbe2ebbc0bd903d73bdbd*3dc5
RX # PAI1,PREDICT,250,107,3e1a,bda0,3ec4,3f08
TX PAI1,PREDICT,251,3ea8bb83be2dbda7bddcbe973d543e2bbd58bd6f3d1b3d89*2912
RX # PAI1,PREDICT,251,106,3d86,3de4,3ec0,3ee6
TX PAI1,PREDICT,252,3ce33ddbbde5bd81bb7c3d5ebd263e13bc8abd5f3d1f3d7e*3671
RX # PAI1,PREDICT,252,106,3def,3dd4,3e8b,3ef8
TX PAI1,PREDICT,253,3e613ebb3e233e99bcbe3d96bdc33bb13c19bd803df23b1d*83d3
RX # PAI1,PREDICT,253,105,3e52,3df2,3e2c,3f02
TX PAI1,PREDICT,254,3e1e3eef3e7d3ea3be583e53be45bdf4bd2cbdc93df1bce7*c335
RX # PAI1,PREDICT,254,105,3e51,bd36,3e76,3f18
TX PAI1,PREDICT,255,3dc63faa3ec93f3dbe9a3f64bdbc3eb23db13d46bda6beef*58b5
RX # PAI1,PREDICT,255,107,be9e,3dbe,3d10,3f94
TX PAI1,PREDICT,256,3e883e5e3d0c3e22be93bd9eba61bcf43d9c3cdfbb17bd88*0630
RX # PAI1,PREDICT,256,105,3d64,3d30,3ebd,3f03
TX PAI1,PREDICT,257,beb3bf02bd85be293eedbd813ef63f013f0a3f14be1b3e2c*4221
RX # PAI1,PREDICT,257,107,3d8e,3f54,3e23,bd70
TX PAI1,PREDICT,258,3f063f053f823f51bec0bdab3e6a3f233ec23ea63d59be0d*da6f
RX # PAI1,PREDICT,258,107,beb7,3ef3,3e96,3f11
TX PAI1,PREDICT,259,3d8ebdc4becabe9f3d51be073ed83f133e7d3eadbeb6be5e*3c0b
RX # PAI1,PREDICT,259,107,bea3,3f08,3eaa,3edf
TX PAI1,PREDICT,260,bec0be5dbe99beea3efa3e333ee83e7f3cf83e6bbed1be93*3857
RX # PAI1,PREDICT,260,107,3e26,3f43,bd32,3def
TX PAI1,PREDICT,261,bf0bbe28beb6bedd3f0e3eba3ec13ea33de23e83beb6be4e*94de
RX # PAI1,PREDICT,261,107,3e27,3f37,bd8f,3e44
TX PAI1,PREDICT,262,bf17be7ebf20bf353f3c3eb03f1bbe3b3fc23f99bffbc004*30f1
RX # PAI1,PREDICT,262,107,bde1,3f9f,be04,3bf8
TX PAI1,PREDICT,263,be4d3e5a3dd03e4c3e043eab3f483ecf3f3e3f50be6fbbf7*a884
RX # PAI1,PREDICT,263,106,be68,3f55,3e02,3e93
TX PAI1,PREDICT,264,3f3fbe94beb53e37bda1bf603f213f2c3f283f26be82bdfa*b859
RX # PAI1,PREDICT,264,108,becf,3f33,3ee6,3e80
TX PAI1,PREDICT,265,3f6dbe8dbf47be823ee5bf833ec93f083ea03eb6beb5be6b*171e
RX # PAI1,PREDICT,265,107,be59,3f43,3e86,3e4d
TX PAI1,PREDICT,266,bf17bcbabec0bf023f2f3f023f463ec03e383efbbeffbe83*28f3
RX # PAI1,PREDICT,266,106,3d1c,3f83,be38,3e0f
TX PAI1,PREDICT,267,bf31be2bbf0abf1d3f3b3efb3ed43ed43e8c3e9ebed4be31*dba6
RX # PAI1,PREDICT,267,106,3db9,3f50,bded,3e60
TX PAI1,PREDICT,268,bf2ebe04bf30bf393f183f023f433e753d593ef3bf05be44*7a04
RX # PAI1,PREDICT,268,108,3da3,3f55,bd4e,3e1d
TX PAI1,PREDICT,269,3e08be80becbbea0be83be9a3ed23eec3e643eb6be493d3f*9945
RX # PAI1,PREDICT,269,108,be97,3e8c,3f1d,3ed7
TX PAI1,PREDICT,270,3e1cbe5fbe11be2ebefdbe973e6e3d80be07bc4f3b6e3da9*315e
RX # PAI1,PREDICT,270,107,3d12,bd37,3f14,3ecb
TX PAI1,PREDICT,271,3eab3e9d3ef93ef0be79bd92beabbe1dbdb9be203d8fbe57*984f
RX # PAI1,PREDICT,271,107,3e9a,ba80,3e77,3ee0
TX PAI1,PREDICT,272,3dff3e4f3ef73ec3be963d1cbe5abe06bd9cbe0d3d89be25*65bb
RX # PAI1,PREDICT,272,107,3e98,3c40,3e84,3ed5
TX PAI1,PREDICT,273,3ebdbca3be663a273e17beafbd053e9e3dd63d793e613ec3*2039
RX # PAI1,PREDICT,273,107,3d81,3e21,3eb9,3ed5
TX PAI1,PREDICT,274,3d9f3edd3f043eeebe5a3e7e3d80be083de33d9b3d2fbdf6*c0fe
RX # PAI1,PREDICT,274,107,3e61,3e4a,3e0f,3ede
TX PAI1,PREDICT,275,3e33bf18bf07bed23e2fbf173f1a3e933d083e773d1b3ecc*2e62
RX # PAI1,PREDICT,275,108,3e16,3ee4,3ec2,3cbc
TX PAI1,PREDICT,276,bd8e3e8ebe11bb49bd473e88be80bdeabdcdbe19bc93bde4*dc01
RX # PAI1,PREDICT,276,107,3e7c,bd2e,3e5d,3f13
TX PAI1,PREDICT,277,3d263dcf3e553d60bea63d1cbe80be28bd3dbe01bda0be63*5d82
RX # PAI1,PREDICT,277,107,3e49,bd40,3ec4,3eee
TX PAI1,PREDICT,278,bd84be97bdcebe3c3ac1be2339a63d82be4bbe143e503ea9*23c0
RX # PAI1,PREDICT,278,107,3ebf,3d0c,3eaf,3e7f
TX PAI1,PREDICT,279,3effbe4abd963d29bd34bf16be373ea7bdaabda73e873eb3*a409
RX # PAI1,PREDICT,279,108,3dfa,3c5c,3f00,3ebb
TX PAI1,PREDICT,280,3cc53f1a3e1b3e88be713ed8be0ebbf73dc93c4f3c96bdc5*6103
RX # PAI1,PREDICT,280,106,3cd0,bc84,3e84,3f3c
TX PAI1,PREDICT,281,3ecb3d113ea23e93bf11bea7be08be883db7bc5d3dfa3d2b*5b3d
RX # PAI1,PREDICT,281,107,3e3c,be16,3f0d,3ec5
TX PAI1,PREDICT,282,3e843e153e783e9abed1bdfbbe15bd563e363d8c3d19bd54*9903
RX # PAI1,PREDICT,282,107,3d96,bd01,3ef1,3ef4
TX PAI1,PREDICT,283,3ea73bcf3ec93ed9bf1ebe923e313eaf3e873e6b3cc8bd2c*813e
RX # PAI1,PREDICT,283,108,be3c,3ddf,3f17,3ef4
TX PAI1,PREDICT,284,3e8fbef2be90beb9bcf4bf19be723d0ebde4be0f3e833f01*4e31
RX # PAI1,PREDICT,284,107,3e90,bdea,3f1c,3e60
TX PAI1,PREDICT,285,be0cbe4f3de7be453e01bcdcbe2ebdb9be17be193e543eac*1811
RX # PAI1,PREDICT,285,106,3ee7,3d8c,3e96,3e42
TX PAI1,PREDICT,286,be7ebd593e783e073d913e39be8abf15beafbeb33e843e14*303f
RX # PAI1,PREDICT,286,107,3f63,bd88,3d37,3e03
TX PAI1,PREDICT,287,be3cbdf0be25be783dc23d9dbe94bed7bea5beb23e243e34*2fad
RX # PAI1,PREDICT,287,108,3f2a,bdf7,3e4e,3e7e
TX PAI1,PREDICT,288,beacbc64be33be5e3eaf3e94be7cbed6be8fbe983e253e47*2f9d
RX # PAI1,PREDICT,288,107,3f3d,3cae,3c20,3e68
TX PAI1,PREDICT,289,be12bdc43e14bc53bc4e3d66bebdbee8befdbef63e8e3e30*e183
RX # PAI1,PREDICT,289,107,3f49,be4c,3e33,3e72
TX PAI1,PREDICT,290,be743dd13e1d3de73e9b3e93be93bec9be83be983ea03e89*8ffe
RX # PAI1,PREDICT,290,107,3f4a,3cca,bd03,3e5b
TX PAI1,PREDICT,291,be2fbe5dbd31be433c93bbd1be73beedbe4ebe793e103e37*447c
RX # PAI1,PREDICT,291,107,3f28,bd98,3e83,3e25
TX PAI1,PREDICT,292,bea53d7dbe96be733ecf3eaabea9beb7be97bea93e473e73*1b42
RX # PAI1,PREDICT,292,106,3f35,bd04,3c60,3ea0
TX PAI1,PREDICT,293,beb8bed7bd34be523e5f3c1dbdebbec6bedabeaf3dfb3dcf*aa2d
RX # PAI1,PREDICT,293,106,3f5f,3db0,3d68,bc20
TX PAI1,PREDICT,294,be82be973e0a3b963db03c12be86bec8beb9beb73e883e5c*01f4
RX # PAI1,PREDICT,294,107,3f57,bd62,3e09,3d92
TX PAI1,PREDICT,295,bd5ebe0b3e4c3d5fbdf0bd54bebcbf05bec4becb3e943e52*3c61
RX # PAI1,PREDICT,295,107,3f46,be67,3e7a,3e41
TX PAI1,PREDICT,296,bc91beb43e483d0abd89be79bebebe90bee0bedb3e973e54*beee
RX # PAI1,PREDICT,296,107,3f3c,be24,3e90,3e02
TX PAI1,PREDICT,297,be8ebe02bcdcbd8b3e823e1dbed3bee6bec7becf3e723e35*2f40
RX # PAI1,PREDICT,297,107,3f5c,bdb1,3d64,3e30
TX PAI1,PREDICT,298,3d3cbdc73ec13eb03d65bde6bed2beb5bee3bee73ed93e79*eed3
RX # PAI1,PREDICT,298,106,3f5e,bdfa,3dd0,3e0d
TX PAI1,PREDICT,299,be8fbe3f3daabcf93e233de5bea3beaabeb5beba3e583e11*197e
RX # PAI1,PREDICT,299,106,3f44,bd0a,3dc5,3e28
TX PAI1,PREDICT,300,bdaabe863e9d3e41bdddbdf2bec2beb6bedbbee03ea33e26*dd5a
RX # PAI1,PREDICT,300,108,3f4d,be36,3e62,3e11
TX PAI1,PREDICT,301,beb4bedbbe42beb93e15bac4bedebf03beddbee73e063e07*8524
RX # PAI1,PREDICT,301,107,3f5a,be23,3e5a,3dc2
TX PAI1,MODE,0*0f05
RX # PAI1,MODE,0
