# PneutouchAi Live; PNEU1,seq,ms,raw; baud=115200; nominal_sps=40
# PNEF1; version=1; features=12; units_x1000; classes=tail/back/legs/head; gesture=press_release_1s
# PNEM1,READY,60,240,311069
# PNEL1,READY
# PNEL1,UNKNOWN,543
PNEU1,0,828,3927404
PNEU1,1,853,3927863
PNEU1,2,879,3927415
PNEU1,3,904,3927535
PNEU1,4,929,3927518
PNEU1,5,954,3927299
PNEU1,6,979,3927277
PNEU1,7,1005,3927834
PNEU1,8,1030,3928572
PNEU1,9,1055,3928050
PNEU1,10,1080,3927260
PNEU1,11,1105,3927298
PNEU1,12,1131,3927448
PNEU1,13,1156,3927717
PNEU1,14,1181,3927511
PNEU1,15,1206,3927830
PNEU1,16,1231,3927860
PNEU1,17,1257,3927599
PNEU1,18,1282,3927339
PNEU1,19,1307,3927580
PNEU1,20,1332,3927571
PNEU1,21,1357,3927856
PNEU1,22,1382,3927870
PNEU1,23,1408,3927403
PNEU1,24,1433,3927071
PNEU1,25,1458,3927398
PNEU1,26,1483,3927276
PNEU1,27,1508,3927185
PNEU1,28,1534,3927727
PNEU1,29,1559,3928077
PNEU1,30,1584,3927730
PNEU1,31,1609,3927277
PNEU1,32,1634,3926898
PNEU1,33,1660,3926798
PNEU1,34,1685,3927171
PNEU1,35,1710,3927567
PNEU1,36,1735,3927562
PNEU1,37,1760,3927397
PNEU1,38,1786,3927766
PNEU1,39,1811,3927730
PNEU1,40,1836,3927402
PNEU1,41,1861,3927422
PNEU1,42,1886,3927395
PNEU1,43,1912,3927481
PNEU1,44,1937,3927375
PNEU1,45,1962,3927816
PNEU1,46,1987,3927909
PNEU1,47,2012,3927711
PNEU1,48,2038,3927540
PNEU1,49,2063,3927888
PNEU1,50,2088,3928103
PNEU1,51,2113,3927587
PNEU1,52,2138,3927607
PNEU1,53,2163,3927996
PNEU1,54,2189,3928028
PNEU1,55,2214,3927866
PNEU1,56,2239,3928019
PNEU1,57,2264,3927726
PNEU1,58,2289,3927680
PNEU1,59,2315,3927322
PNEU1,60,2340,3927048
PNEU1,61,2365,3927659
PNEU1,62,2390,3927747
PNEU1,63,2415,3927753
PNEU1,64,2441,3927946
PNEU1,65,2466,3927755
PNEU1,66,2491,3927933
PNEU1,67,2516,3928030
PNEU1,68,2541,3927341
PNEU1,69,2567,3927431
PNEU1,70,2592,3927563
PNEU1,71,2617,3927452
PNEU1,72,2642,3927759
PNEU1,73,2667,3927737
PNEU1,74,2693,3927371
PNEU1,75,2718,3927129
PNEU1,76,2743,3927659
PNEU1,77,2768,3927822
PNEU1,78,2793,3927253
PNEU1,79,2819,3927253
PNEU1,80,2844,3927506
PNEU1,81,2869,3927551
PNEU1,82,2894,3927743
PNEU1,83,2919,3927744
PNEU1,84,2945,3927958
PNEU1,85,2970,3927646
PNEU1,86,2995,3927594
PNEU1,87,3020,3927827
PNEU1,88,3045,3927565
PNEU1,89,3071,3927553
PNEU1,90,3096,3927518
PNEU1,91,3121,3927109
PNEU1,92,3146,3927442
PNEU1,93,3171,3927614
PNEU1,94,3197,3927493
PNEU1,95,3222,3927478
PNEU1,96,3247,3927590
PNEU1,97,3272,3928293
PNEU1,98,3297,3928138
PNEU1,99,3322,3927498
PNEU1,100,3348,3927484
PNEU1,101,3373,3927994
PNEU1,102,3398,3927632
PNEU1,103,3423,3927912
PNEU1,104,3448,3927637
PNEU1,105,3474,3926968
PNEU1,106,3499,3927227
PNEU1,107,3524,3927241
PNEU1,108,3549,3927118
PNEU1,109,3574,3927577
PNEU1,110,3600,3927831
PNEU1,111,3625,3927591
PNEU1,112,3650,3927844
PNEU1,113,3675,3927684
PNEU1,114,3700,3927523
PNEU1,115,3726,3927703
PNEU1,116,3751,3927427
PNEU1,117,3776,3927390
PNEU1,118,3801,3927294
PNEU1,119,3826,3927088
PNEU1,120,3852,3927605
PNEU1,121,3877,3928081
PNEU1,122,3902,3927950
PNEU1,123,3927,3926969
PNEU1,124,3952,3926916
PNEU1,125,3978,3927370
PNEU1,126,4003,3927945
PNEU1,127,4028,3928396
PNEU1,128,4053,3927844
PNEU1,129,4078,3927060
PNEU1,130,4104,3926763
PNEU1,131,4129,3927066
PNEU1,132,4154,3927574
PNEU1,133,4179,3927570
PNEU1,134,4204,3927585
PNEU1,135,4230,3927634
PNEU1,136,4255,3927299
PNEU1,137,4280,3927256
PNEU1,138,4305,3927360
PNEU1,139,4330,3927413
PNEU1,140,4356,3927703
PNEU1,141,4381,3927590
PNEU1,142,4406,3927325
PNEU1,143,4431,3927019
PNEU1,144,4456,3927234
PNEU1,145,4482,3927511
PNEU1,146,4507,3927096
PNEU1,147,4532,3927268
PNEU1,148,4557,3927612
PNEU1,149,4582,3927422
PNEU1,150,4608,3927401
PNEU1,151,4633,3927764
PNEU1,152,4658,3927356
PNEU1,153,4683,3927371
PNEU1,154,4708,3927859
PNEU1,155,4733,3927801
PNEU1,156,4759,3928022
PNEU1,157,4784,3927585
PNEU1,158,4809,3927414
PNEU1,159,4834,3927758
PNEU1,160,4859,3927961
PNEU1,161,4885,3927760
PNEU1,162,4910,3927379
PNEU1,163,4935,3927503
PNEU1,164,4960,3927570
PNEU1,165,4985,3927562
PNEU1,166,5011,3927510
PNEU1,167,5036,3927751
PNEU1,168,5061,3927792
PNEU1,169,5086,3927525
PNEU1,170,5111,3927503
PNEU1,171,5137,3927513
PNEU1,172,5162,3927512
PNEU1,173,5187,3927769
PNEU1,174,5212,3927536
PNEU1,175,5237,3927477
PNEU1,176,5263,3927825
PNEU1,177,5288,3928440
PNEU1,178,5313,3928040
PNEU1,179,5338,3927551
PNEU1,180,5363,3927467
PNEU1,181,5389,3927622
PNEU1,182,5414,3927702
PNEU1,183,5439,3927626
PNEU1,184,5464,3927878
PNEU1,185,5489,3927799
PNEU1,186,5515,3927293
PNEU1,187,5540,3927082
PNEU1,188,5565,3927619
PNEU1,189,5590,3927808
PNEU1,190,5615,3927737
PNEU1,191,5640,3927578
PNEU1,192,5666,3927106
PNEU1,193,5691,3927350
PNEU1,194,5716,3927297
PNEU1,195,5741,3927594
PNEU1,196,5766,3927596
PNEU1,197,5792,3927043
PNEU1,198,5817,3927329
PNEU1,199,5842,3927774
PNEU1,200,5867,3927635
PNEU1,201,5892,3927982
PNEU1,202,5918,3927915
PNEU1,203,5943,3927346
PNEU1,204,5968,3927744
PNEU1,205,5993,3928056
PNEU1,206,6018,3927642
PNEU1,207,6044,3927598
PNEU1,208,6069,3927373
PNEU1,209,6094,3927215
PNEU1,210,6119,3927242
PNEU1,211,6144,3927498
PNEU1,212,6170,3927774
PNEU1,213,6195,3927782
PNEU1,214,6220,3928266
PNEU1,215,6245,3927882
PNEU1,216,6270,3927615
PNEU1,217,6296,3927655
PNEU1,218,6321,3927889
PNEU1,219,6346,3928166
PNEU1,220,6371,3928054
PNEU1,221,6396,3927150
PNEU1,222,6422,3926798
PNEU1,223,6447,3927328
PNEU1,224,6472,3927385
PNEU1,225,6497,3927523
PNEU1,226,6522,3927579
PNEU1,227,6547,3927798
PNEU1,228,6573,3927809
PNEU1,229,6598,3927886
PNEU1,230,6623,3928120
PNEU1,231,6648,3927840
PNEU1,232,6673,3927735
PNEU1,233,6699,3927509
PNEU1,234,6724,3927274
PNEU1,235,6749,3927495
PNEU1,236,6774,3927943
PNEU1,237,6799,3927862
PNEU1,238,6825,3927513
PNEU1,239,6850,3927234
PNEU1,240,6875,3926996
PNEU1,241,6900,3927088
PNEU1,242,6925,3927387
PNEU1,243,6951,3927576
PNEU1,244,6976,3927473
PNEU1,245,7001,3927378
PNEU1,246,7026,3927184
PNEU1,247,7051,3927305
PNEU1,248,7077,3927785
PNEU1,249,7102,3927998
PNEU1,250,7127,3927753
PNEU1,251,7152,3927686
PNEU1,252,7177,3927744
PNEU1,253,7203,3927646
PNEU1,254,7228,3927451
PNEU1,255,7253,3927734
PNEU1,256,7278,3927449
PNEU1,257,7303,3927251
PNEU1,258,7329,3927362
PNEU1,259,7354,3927046
PNEU1,260,7379,3926933
PNEU1,261,7404,3927557
PNEU1,262,7429,3927484
PNEU1,263,7454,3927626
PNEU1,264,7480,3927648
PNEU1,265,7505,3928066
PNEU1,266,7530,3928295
PNEU1,267,7555,3928057
PNEU1,268,7580,3927949
PNEU1,269,7606,3927812
PNEU1,270,7631,3927561
PNEU1,271,7656,3927567
PNEU1,272,7681,3927651
PNEU1,273,7706,3927703
PNEU1,274,7732,3927457
PNEU1,275,7757,3927263
PNEU1,276,7782,3927352
PNEU1,277,7807,3927754
PNEU1,278,7832,3928083
PNEU1,279,7858,3927919
PNEU1,280,7883,3927937
PNEU1,281,7908,3928307
PNEU1,282,7933,3928078
PNEU1,283,7958,3927967
PNEU1,284,7984,3928131
PNEU1,285,8009,3927787
PNEU1,286,8034,3927387
PNEU1,287,8059,3927379
PNEU1,288,8084,3927584
PNEU1,289,8110,3927281
PNEU1,290,8135,3927639
PNEU1,291,8160,3928228
PNEU1,292,8185,3927938
PNEU1,293,8210,3927654
PNEU1,294,8236,3927648
PNEU1,295,8261,3928013
PNEU1,296,8286,3927667
PNEU1,297,8311,3927508
PNEU1,298,8336,3927648
PNEU1,299,8362,3927617
PNEU1,300,8387,3927312
PNEU1,301,8412,3927258
PNEU1,302,8437,3927720
PNEU1,303,8462,3927789
PNEU1,304,8488,3927387
PNEU1,305,8513,3927606
PNEU1,306,8538,3927417
PNEU1,307,8563,3927616
PNEU1,308,8588,3927778
PNEU1,309,8613,3927586
PNEU1,310,8639,3927749
PNEU1,311,8664,3927370
PNEU1,312,8689,3927344
PNEU1,313,8714,3927550
PNEU1,314,8739,3927826
PNEU1,315,8765,3927272
PNEU1,316,8790,3927269
PNEU1,317,8815,3927439
PNEU1,318,8840,3927442
PNEU1,319,8865,3927383
PNEU1,320,8891,3927590
PNEU1,321,8916,3927719
PNEU1,322,8941,3927622
PNEU1,323,8966,3927932
PNEU1,324,8991,3928122
PNEU1,325,9017,3928109
PNEU1,326,9042,3927595
PNEU1,327,9067,3927211
PNEU1,328,9092,3927307
PNEU1,329,9117,3927682
PNEU1,330,9143,3927236
PNEU1,331,9168,3927056
PNEU1,332,9193,3927352
PNEU1,333,9218,3927812
PNEU1,334,9243,3928042
PNEU1,335,9269,3927734
PNEU1,336,9294,3927015
PNEU1,337,9319,3927466
PNEU1,338,9344,3927984
PNEU1,339,9369,3928070
PNEU1,340,9395,3927657
PNEU1,341,9420,3927440
PNEU1,342,9445,3927796
PNEU1,343,9470,3927653
PNEU1,344,9495,3927676
PNEU1,345,9521,3928061
PNEU1,346,9546,3928034
PNEU1,347,9571,3927886
PNEU1,348,9596,3927736
PNEU1,349,9621,3927532
PNEU1,350,9647,3927379
PNEU1,351,9672,3927211
PNEU1,352,9697,3927709
PNEU1,353,9722,3927283
PNEU1,354,9747,3927124
PNEU1,355,9773,3927853
PNEU1,356,9798,3927607
PNEU1,357,9823,3927221
PNEU1,358,9848,3927316
PNEU1,359,9873,3927628
PNEU1,360,9899,3927749
PNEU1,361,9924,3927902
PNEU1,362,9949,3927665
PNEU1,363,9974,3927515
PNEU1,364,9999,3927567
PNEU1,365,10025,3927425
PNEU1,366,10050,3927574
PNEU1,367,10075,3927518
PNEU1,368,10100,3927641
PNEU1,369,10125,3927869
PNEU1,370,10150,3927825
PNEU1,371,10176,3927617
PNEU1,372,10201,3927745
PNEU1,373,10226,3927962
PNEU1,374,10251,3928354
PNEU1,375,10276,3928088
PNEU1,376,10302,3927496
PNEU1,377,10327,3927651
PNEU1,378,10352,3927645
PNEU1,379,10377,3927830
PNEU1,380,10402,3927636
PNEU1,381,10428,3927129
PNEU1,382,10453,3927613
PNEU1,383,10478,3927821
PNEU1,384,10503,3927321
PNEU1,385,10528,3927221
PNEU1,386,10554,3927317
PNEU1,387,10579,3927392
PNEU1,388,10604,3927324
PNEU1,389,10629,3927585
PNEU1,390,10654,3927844
PNEU1,391,10680,3927436
PNEU1,392,10705,3927361
PNEU1,393,10730,3927590
PNEU1,394,10755,3927773
PNEU1,395,10780,3927619
PNEU1,396,10806,3927523
PNEU1,397,10831,3927598
PNEU1,398,10856,3927679
PNEU1,399,10881,3928193
PNEU1,400,10906,3927820
PNEU1,401,10932,3927626
PNEU1,402,10957,3927446
PNEU1,403,10982,3927323
PNEU1,404,11007,3927163
PNEU1,405,11032,3927840
PNEU1,406,11058,3928017
PNEU1,407,11083,3927834
PNEU1,408,11108,3927762
PNEU1,409,11133,3927260
PNEU1,410,11158,3927214
PNEU1,411,11184,3927314
PNEU1,412,11209,3927320
PNEU1,413,11234,3927387
PNEU1,414,11259,3927326
PNEU1,415,11284,3927218
PNEU1,416,11310,3927772
PNEU1,417,11335,3927602
PNEU1,418,11360,3927638
PNEU1,419,11385,3927904
PNEU1,420,11410,3928092
PNEU1,421,11436,3928116
PNEU1,422,11461,3927637
PNEU1,423,11486,3927784
PNEU1,424,11511,3927677
PNEU1,425,11536,3927595
PNEU1,426,11562,3927707
PNEU1,427,11587,3927742
PNEU1,428,11612,3927539
PNEU1,429,11637,3927158
PNEU1,430,11662,3927274
PNEU1,431,11688,3927776
PNEU1,432,11713,3927731
PNEU1,433,11738,3927590
PNEU1,434,11763,3927664
PNEU1,435,11788,3927623
PNEU1,436,11814,3927593
PNEU1,437,11839,3927604
PNEU1,438,11864,3928253
PNEU1,439,11889,3928018
PNEU1,440,11914,3927236
PNEU1,441,11940,3927385
PNEU1,442,11965,3928218
PNEU1,443,11990,3927910
PNEU1,444,12015,3927541
PNEU1,445,12040,3927838
PNEU1,446,12066,3927882
PNEU1,447,12091,3928101
PNEU1,448,12116,3928108
PNEU1,449,12141,3927687
PNEU1,450,12166,3927515
PNEU1,451,12192,3927186
PNEU1,452,12217,3927215
PNEU1,453,12242,3927582
PNEU1,454,12267,3927874
PNEU1,455,12292,3927484
PNEU1,456,12318,3927914
PNEU1,457,12343,3927720
PNEU1,458,12368,3927202
PNEU1,459,12393,3927377
PNEU1,460,12418,3927919
PNEU1,461,12444,3928025
PNEU1,462,12469,3927569
PNEU1,463,12494,3927373
PNEU1,464,12519,3927477
PNEU1,465,12544,3927278
PNEU1,466,12570,3927812
PNEU1,467,12595,3928064
PNEU1,468,12620,3927858
PNEU1,469,12645,3927851
PNEU1,470,12670,3927848
PNEU1,471,12696,3928004
PNEU1,472,12721,3927858
PNEU1,473,12746,3927729
PNEU1,474,12771,3927627
PNEU1,475,12796,3927742
PNEU1,476,12822,3927546
PNEU1,477,12847,3927612
PNEU1,478,12872,3927357
PNEU1,479,12897,3928095
PNEU1,480,12922,3927880
PNEU1,481,12948,3927485
PNEU1,482,12973,3927526
PNEU1,483,12998,3927872
PNEU1,484,13023,3927907
PNEU1,485,13048,3927898
PNEU1,486,13074,3927726
PNEU1,487,13099,3927770
PNEU1,488,13124,3928003
PNEU1,489,13149,3927649
PNEU1,490,13174,3927920
PNEU1,491,13200,3927516
PNEU1,492,13225,3927506
PNEU1,493,13250,3927807
PNEU1,494,13275,3927637
PNEU1,495,13300,3927945
PNEU1,496,13326,3928187
PNEU1,497,13351,3927588
PNEU1,498,13376,3927520
PNEU1,499,13401,3927488
PNEU1,500,13426,3927448
PNEU1,501,13452,3927921
PNEU1,502,13477,3927898
PNEU1,503,13502,3927585
PNEU1,504,13527,3927773
PNEU1,505,13552,3927791
PNEU1,506,13578,3927676
PNEU1,507,13603,3927527
PNEU1,508,13628,3927317
PNEU1,509,13653,3927918
PNEU1,510,13678,3927759
PNEU1,511,13704,3927656
PNEU1,512,13729,3927576
PNEU1,513,13754,3927249
PNEU1,514,13779,3927105
PNEU1,515,13804,3927077
PNEU1,516,13830,3927290
PNEU1,517,13855,3927842
PNEU1,518,13880,3927465
PNEU1,519,13905,3927661
PNEU1,520,13930,3927674
PNEU1,521,13956,3927055
PNEU1,522,13981,3927160
PNEU1,523,14006,3927097
PNEU1,524,14031,3927426
PNEU1,525,14056,3927569
PNEU1,526,14082,3927377
PNEU1,527,14107,3927444
PNEU1,528,14132,3927584
PNEU1,529,14157,3927685
PNEU1,530,14182,3927833
PNEU1,531,14208,3927932
PNEU1,532,14233,3927673
PNEU1,533,14258,3928019
PNEU1,534,14283,3928004
PNEU1,535,14308,3927532
PNEU1,536,14333,3927696
PNEU1,537,14359,3928169
PNEU1,538,14384,3928129
PNEU1,539,14409,3927855
PNEU1,540,14434,3927789
PNEU1,541,14460,3927840
PNEU1,542,14485,3927638
PNEU1,543,14510,3927825
PNEU1,544,14535,3927940
PNEU1,545,14560,3927888
PNEU1,546,14586,3927962
PNEU1,547,14611,3927660
PNEU1,548,14636,3927699
PNEU1,549,14661,3927719
PNEU1,550,14686,3927779
PNEU1,551,14712,3927727
PNEU1,552,14737,3927602
PNEU1,553,14762,3927988
PNEU1,554,14787,3928637
PNEU1,555,14812,3928197
PNEU1,556,14838,3927688
PNEU1,557,14863,3927351
PNEU1,558,14888,3927020
PNEU1,559,14913,3927196
PNEU1,560,14938,3927615
PNEU1,561,14963,3927724
PNEU1,562,14989,3927778
PNEU1,563,15014,3927559
PNEU1,564,15039,3927494
PNEU1,565,15064,3927839
PNEU1,566,15089,3927122
PNEU1,567,15115,3927440
PNEU1,568,15140,3927601
PNEU1,569,15165,3927830
PNEU1,570,15190,3927691
PNEU1,571,15215,3927625
PNEU1,572,15241,3927491
PNEU1,573,15266,3927420
PNEU1,574,15291,3927474
PNEU1,575,15316,3927348
PNEU1,576,15341,3927421
PNEU1,577,15366,3927658
PNEU1,578,15392,3927703
PNEU1,579,15417,3927729
PNEU1,580,15442,3927490
PNEU1,581,15467,3927691
PNEU1,582,15492,3927449
PNEU1,583,15518,3927326
PNEU1,584,15543,3927680
PNEU1,585,15568,3927618
PNEU1,586,15593,3927834
PNEU1,587,15618,3928064
PNEU1,588,15644,3927706
PNEU1,589,15669,3927369
PNEU1,590,15694,3927578
PNEU1,591,15719,3927481
PNEU1,592,15744,3927925
PNEU1,593,15770,3928056
PNEU1,594,15795,3927918
PNEU1,595,15820,3927822
PNEU1,596,15845,3927851
PNEU1,597,15870,3927562
PNEU1,598,15896,3927641
PNEU1,599,15921,3927213
PNEU1,600,15946,3927431
PNEU1,601,15971,3928061
PNEU1,602,15996,3927344
PNEU1,603,16022,3927374
PNEU1,604,16047,3927590
PNEU1,605,16072,3927830
PNEU1,606,16097,3928120
PNEU1,607,16122,3927946
PNEU1,608,16148,3927587
PNEU1,609,16173,3927532
PNEU1,610,16198,3927705
PNEU1,611,16223,3927769
PNEU1,612,16248,3927636
PNEU1,613,16274,3927615
PNEU1,614,16299,3927665
PNEU1,615,16324,3927049
PNEU1,616,16349,3927547
PNEU1,617,16374,3927680
PNEU1,618,16399,3927095
PNEU1,619,16425,3927229
PNEU1,620,16450,3927737
PNEU1,621,16475,3927461
PNEU1,622,16500,3927266
PNEU1,623,16525,3927979
PNEU1,624,16551,3927627
PNEU1,625,16576,3927617
PNEU1,626,16601,3928130
PNEU1,627,16626,3927808
PNEU1,628,16651,3926958
PNEU1,629,16677,3927480
PNEU1,630,16702,3927550
PNEU1,631,16727,3927227
PNEU1,632,16752,3927365
PNEU1,633,16777,3927528
PNEU1,634,16803,3927766
PNEU1,635,16828,3927321
PNEU1,636,16853,3927722
PNEU1,637,16878,3928027
PNEU1,638,16903,3927876
PNEU1,639,16929,3927615
PNEU1,640,16954,3927194
PNEU1,641,16979,3927163
PNEU1,642,17004,3927352
PNEU1,643,17029,3927567
PNEU1,644,17055,3927729
PNEU1,645,17080,3927464
PNEU1,646,17105,3927372
PNEU1,647,17130,3927510
PNEU1,648,17155,3927960
PNEU1,649,17181,3928350
PNEU1,650,17206,3927487
PNEU1,651,17231,3927614
PNEU1,652,17256,3927035
PNEU1,653,17281,3927097
PNEU1,654,17307,3927230
PNEU1,655,17332,3927443
PNEU1,656,17357,3927395
PNEU1,657,17382,3927654
PNEU1,658,17407,3927440
PNEU1,659,17433,3927356
PNEU1,660,17458,3927226
PNEU1,661,17483,3927800
PNEU1,662,17508,3927892
PNEU1,663,17533,3928041
PNEU1,664,17559,3927971
PNEU1,665,17584,3927214
PNEU1,666,17609,3927188
PNEU1,667,17634,3927378
PNEU1,668,17659,3927588
PNEU1,669,17685,3927117
PNEU1,670,17710,3927459
PNEU1,671,17735,3927551
PNEU1,672,17760,3927826
PNEU1,673,17785,3927806
PNEU1,674,17811,3927736
PNEU1,675,17836,3927112
PNEU1,676,17861,3927109
PNEU1,677,17886,3927563
PNEU1,678,17911,3927692
PNEU1,679,17937,3927806
PNEU1,680,17962,3928063
PNEU1,681,17987,3928016
PNEU1,682,18012,3927793
PNEU1,683,18037,3927729
PNEU1,684,18063,3927551
PNEU1,685,18088,3927873
PNEU1,686,18113,3927723
PNEU1,687,18138,3927557
PNEU1,688,18163,3926863
PNEU1,689,18189,3927030
PNEU1,690,18214,3927591
PNEU1,691,18239,3927431
PNEU1,692,18264,3927472
PNEU1,693,18289,3927013
PNEU1,694,18315,3927209
PNEU1,695,18340,3927447
PNEU1,696,18365,3927571
PNEU1,697,18390,3927611
PNEU1,698,18415,3927703
PNEU1,699,18441,3927775
PNEU1,700,18466,3927741
PNEU1,701,18491,3927945
PNEU1,702,18516,3927872
PNEU1,703,18541,3927218
PNEU1,704,18567,3927280
PNEU1,705,18592,3927637
PNEU1,706,18617,3927432
PNEU1,707,18642,3927452
PNEU1,708,18667,3927422
PNEU1,709,18693,3927692
PNEU1,710,18718,3927596
PNEU1,711,18743,3927473
PNEU1,712,18768,3927697
PNEU1,713,18793,3927832
PNEU1,714,18819,3927863
PNEU1,715,18844,3927213
PNEU1,716,18869,3927047
PNEU1,717,18894,3927569
PNEU1,718,18919,3927637
PNEU1,719,18944,3927494
PNEU1,720,18970,3927489
PNEU1,721,18995,3927595
PNEU1,722,19020,3927509
PNEU1,723,19045,3927618
PNEU1,724,19070,3927627
PNEU1,725,19096,3927717
PNEU1,726,19121,3927402
PNEU1,727,19146,3927257
PNEU1,728,19171,3927140
PNEU1,729,19196,3927101
PNEU1,730,19222,3927689
PNEU1,731,19247,3927548
PNEU1,732,19272,3927756
PNEU1,733,19297,3927692
PNEU1,734,19322,3927394
PNEU1,735,19348,3927231
PNEU1,736,19373,3927413
PNEU1,737,19398,3927530
PNEU1,738,19423,3927563
PNEU1,739,19448,3927415
PNEU1,740,19474,3927392
PNEU1,741,19499,3927187
PNEU1,742,19524,3927895
PNEU1,743,19549,3927830
PNEU1,744,19574,3927054
PNEU1,745,19600,3926988
PNEU1,746,19625,3927563
PNEU1,747,19650,3927602
PNEU1,748,19675,3927623
PNEU1,749,19700,3927661
PNEU1,750,19726,3927700
PNEU1,751,19751,3928292
PNEU1,752,19776,3927753
PNEU1,753,19801,3927476
PNEU1,754,19826,3927457
PNEU1,755,19852,3927571
PNEU1,756,19877,3928013
PNEU1,757,19902,3927923
PNEU1,758,19927,3927670
PNEU1,759,19952,3927465
PNEU1,760,19978,3927240
PNEU1,761,20003,3927352
PNEU1,762,20028,3927918
PNEU1,763,20053,3927661
PNEU1,764,20078,3927673
PNEU1,765,20104,3927751
PNEU1,766,20129,3927517
PNEU1,767,20154,3927545
PNEU1,768,20179,3927642
PNEU1,769,20204,3927550
PNEU1,770,20230,3927587
PNEU1,771,20255,3927538
PNEU1,772,20280,3927582
PNEU1,773,20305,3927296
PNEU1,774,20330,3927647
PNEU1,775,20355,3927726
PNEU1,776,20381,3927905
PNEU1,777,20406,3928019
PNEU1,778,20431,3927518
PNEU1,779,20456,3927323
PNEU1,780,20481,3927337
PNEU1,781,20507,3927069
PNEU1,782,20532,3927455
PNEU1,783,20557,3927756
PNEU1,784,20582,3927581
PNEU1,785,20607,3927601
PNEU1,786,20633,3927368
PNEU1,787,20658,3927354
PNEU1,788,20683,3927273
PNEU1,789,20708,3927412
PNEU1,790,20733,3927863
PNEU1,791,20759,3927519
PNEU1,792,20784,3927274
PNEU1,793,20809,3927454
PNEU1,794,20834,3927434
PNEU1,795,20859,3927408
PNEU1,796,20885,3927535
PNEU1,797,20910,3927786
PNEU1,798,20935,3927971
PNEU1,799,20960,3927517
PNEU1,800,20985,3927169
PNEU1,801,21011,3927125
PNEU1,802,21036,3927272
PNEU1,803,21061,3926774
PNEU1,804,21086,3926953
PNEU1,805,21111,3927172
PNEU1,806,21137,3926997
PNEU1,807,21162,3927109
PNEU1,808,21187,3927637
PNEU1,809,21212,3927679
PNEU1,810,21237,3927238
PNEU1,811,21263,3927359
PNEU1,812,21288,3927268
PNEU1,813,21313,3927392
PNEU1,814,21338,3927372
PNEU1,815,21363,3927155
PNEU1,816,21389,3927285
PNEU1,817,21414,3927334
PNEU1,818,21439,3927592
PNEU1,819,21464,3927432
PNEU1,820,21489,3927286
PNEU1,821,21514,3927236
PNEU1,822,21540,3927306
PNEU1,823,21565,3927338
PNEU1,824,21590,3927286
PNEU1,825,21615,3927571
PNEU1,826,21640,3927389
PNEU1,827,21666,3927129
PNEU1,828,21691,3927343
PNEU1,829,21716,3927364
PNEU1,830,21741,3927584
PNEU1,831,21766,3927428
PNEU1,832,21792,3927012
PNEU1,833,21817,3927179
PNEU1,834,21842,3927004
PNEU1,835,21867,3927243
PNEU1,836,21892,3927675
PNEU1,837,21918,3927808
PNEU1,838,21943,3927461
PNEU1,839,21968,3927155
PNEU1,840,21993,3927542
PNEU1,841,22018,3927519
PNEU1,842,22044,3927349
PNEU1,843,22069,3927712
PNEU1,844,22094,3927933
PNEU1,845,22119,3927731
PNEU1,846,22144,3927501
PNEU1,847,22170,3927681
PNEU1,848,22195,3927744
PNEU1,849,22220,3927234
PNEU1,850,22245,3927116
PNEU1,851,22270,3927593
PNEU1,852,22296,3927319
PNEU1,853,22321,3927110
PNEU1,854,22346,3927023
PNEU1,855,22371,3927341
PNEU1,856,22396,3927290
PNEU1,857,22422,3927289
PNEU1,858,22447,3927168
PNEU1,859,22472,3927440
PNEU1,860,22497,3927607
PNEU1,861,22522,3927297
PNEU1,862,22548,3926858
PNEU1,863,22573,3926661
PNEU1,864,22598,3927037
PNEU1,865,22623,3927493
PNEU1,866,22648,3927337
PNEU1,867,22674,3927176
PNEU1,868,22699,3927289
PNEU1,869,22724,3927419
PNEU1,870,22749,3927188
PNEU1,871,22774,3927502
PNEU1,872,22800,3927525
PNEU1,873,22825,3927773
PNEU1,874,22850,3927901
PNEU1,875,22875,3927751
PNEU1,876,22900,3927353
PNEU1,877,22926,3927350
PNEU1,878,22951,3927342
PNEU1,879,22976,3927163
PNEU1,880,23001,3927664
PNEU1,881,23026,3927920
PNEU1,882,23052,3927759
PNEU1,883,23077,3927503
PNEU1,884,23102,3927171
PNEU1,885,23127,3927350
PNEU1,886,23152,3927304
PNEU1,887,23178,3927292
PNEU1,888,23203,3928113
PNEU1,889,23228,3927607
PNEU1,890,23253,3927490
PNEU1,891,23278,3927816
PNEU1,892,23304,3927965
PNEU1,893,23329,3927613
PNEU1,894,23354,3927410
PNEU1,895,23379,3927244
PNEU1,896,23404,3927138
PNEU1,897,23430,3927332
PNEU1,898,23455,3927102
PNEU1,899,23480,3927472
PNEU1,900,23505,3927568
PNEU1,901,23530,3927564
PNEU1,902,23555,3927464
PNEU1,903,23581,3927212
PNEU1,904,23606,3927254
PNEU1,905,23631,3927524
PNEU1,906,23656,3927809
PNEU1,907,23681,3927857
PNEU1,908,23707,3927595
PNEU1,909,23732,3927528
PNEU1,910,23757,3927577
PNEU1,911,23782,3928135
PNEU1,912,23807,3927778
PNEU1,913,23833,3927106
PNEU1,914,23858,3927340
PNEU1,915,23883,3927860
PNEU1,916,23908,3928179
PNEU1,917,23933,3927680
PNEU1,918,23959,3927571
PNEU1,919,23984,3927704
PNEU1,920,24009,3927173
PNEU1,921,24034,3927118
PNEU1,922,24059,3927413
PNEU1,923,24085,3927786
PNEU1,924,24110,3927596
PNEU1,925,24135,3927441
PNEU1,926,24160,3927386
PNEU1,927,24185,3927502
PNEU1,928,24211,3927408
PNEU1,929,24236,3926971
PNEU1,930,24261,3927036
PNEU1,931,24286,3927204
PNEU1,932,24311,3927705
PNEU1,933,24337,3926896
PNEU1,934,24362,3926746
PNEU1,935,24387,3927541
PNEU1,936,24412,3927662
PNEU1,937,24437,3927094
PNEU1,938,24463,3927466
PNEU1,939,24488,3927871
PNEU1,940,24513,3927529
PNEU1,941,24538,3927690
PNEU1,942,24563,3927429
PNEU1,943,24589,3927139
PNEU1,944,24614,3927632
PNEU1,945,24639,3927477
PNEU1,946,24664,3927386
PNEU1,947,24689,3927072
PNEU1,948,24714,3927029
PNEU1,949,24740,3927635
PNEU1,950,24765,3928063
PNEU1,951,24790,3927933
PNEU1,952,24815,3927770
PNEU1,953,24840,3927685
PNEU1,954,24866,3927682
PNEU1,955,24891,3927509
PNEU1,956,24916,3927104
PNEU1,957,24941,3927340
PNEU1,958,24966,3927430
PNEU1,959,24992,3927129
PNEU1,960,25017,3927487
PNEU1,961,25042,3927772
PNEU1,962,25067,3927810
PNEU1,963,25092,3928082
PNEU1,964,25118,3927904
PNEU1,965,25143,3927925
PNEU1,966,25168,3927869
PNEU1,967,25193,3927846
PNEU1,968,25218,3927611
PNEU1,969,25244,3927731
PNEU1,970,25269,3927597
PNEU1,971,25294,3927627
PNEU1,972,25319,3927563
PNEU1,973,25344,3927353
PNEU1,974,25370,3927657
PNEU1,975,25395,3928181
PNEU1,976,25420,3927632
PNEU1,977,25445,3927262
PNEU1,978,25470,3927054
PNEU1,979,25496,3927157
PNEU1,980,25521,3927463
PNEU1,981,25546,3927066
PNEU1,982,25571,3927051
PNEU1,983,25596,3927366
PNEU1,984,25622,3927471
PNEU1,985,25647,3927276
PNEU1,986,25672,3927490
PNEU1,987,25697,3927093
PNEU1,988,25722,3926857
PNEU1,989,25748,3927243
PNEU1,990,25773,3927719
PNEU1,991,25798,3927758
PNEU1,992,25823,3927803
PNEU1,993,25848,3927675
PNEU1,994,25874,3927598
PNEU1,995,25899,3927375
PNEU1,996,25924,3927271
PNEU1,997,25949,3927700
PNEU1,998,25974,3927568
PNEU1,999,26000,3927318
PNEU1,1000,26025,3927739
PNEU1,1001,26050,3927752
PNEU1,1002,26075,3927358
PNEU1,1003,26100,3927108
PNEU1,1004,26126,3928186
PNEU1,1005,26151,3927783
PNEU1,1006,26176,3927333
PNEU1,1007,26201,3927008
PNEU1,1008,26226,3927069
PNEU1,1009,26251,3927017
PNEU1,1010,26277,3927130
PNEU1,1011,26302,3927371
PNEU1,1012,26327,3927483
PNEU1,1013,26352,3927527
PNEU1,1014,26377,3927225
PNEU1,1015,26403,3927833
PNEU1,1016,26428,3927488
PNEU1,1017,26453,3927716
PNEU1,1018,26478,3927762
PNEU1,1019,26503,3927503
PNEU1,1020,26529,3927166
PNEU1,1021,26554,3927546
PNEU1,1022,26579,3928035
PNEU1,1023,26604,3927520
PNEU1,1024,26629,3927519
PNEU1,1025,26655,3927457
PNEU1,1026,26680,3927349
PNEU1,1027,26705,3927034
PNEU1,1028,26730,3927148
PNEU1,1029,26755,3927392
PNEU1,1030,26781,3927663
PNEU1,1031,26806,3927702
PNEU1,1032,26831,3927739
PNEU1,1033,26856,3927947
PNEU1,1034,26881,3928016
PNEU1,1035,26907,3927887
PNEU1,1036,26932,3927788
PNEU1,1037,26957,3927721
PNEU1,1038,26982,3927692
PNEU1,1039,27007,3927420
PNEU1,1040,27033,3927235
PNEU1,1041,27058,3927591
PNEU1,1042,27083,3927840
PNEU1,1043,27108,3928105
PNEU1,1044,27133,3927656
PNEU1,1045,27159,3927829
PNEU1,1046,27184,3927740
PNEU1,1047,27209,3927395
PNEU1,1048,27234,3927667
PNEU1,1049,27259,3927716
PNEU1,1050,27284,3927777
PNEU1,1051,27310,3927655
PNEU1,1052,27335,3927701
PNEU1,1053,27360,3927727
PNEU1,1054,27385,3927505
PNEU1,1055,27410,3927221
PNEU1,1056,27436,3927368
PNEU1,1057,27461,3927545
PNEU1,1058,27486,3927093
PNEU1,1059,27511,3927045
PNEU1,1060,27536,3927407
PNEU1,1061,27562,3927556
PNEU1,1062,27587,3927272
PNEU1,1063,27612,3927033
PNEU1,1064,27637,3926892
PNEU1,1065,27662,3927564
PNEU1,1066,27688,3927801
PNEU1,1067,27713,3927301
PNEU1,1068,27738,3927064
PNEU1,1069,27763,3926948
PNEU1,1070,27788,3926892
PNEU1,1071,27814,3927310
PNEU1,1072,27839,3927628
PNEU1,1073,27864,3927464
PNEU1,1074,27889,3927383
PNEU1,1075,27914,3927581
PNEU1,1076,27940,3927339
PNEU1,1077,27965,3927592
PNEU1,1078,27990,3927904
PNEU1,1079,28015,3927751
PNEU1,1080,28040,3928211
PNEU1,1081,28066,3928240
PNEU1,1082,28091,3927505
PNEU1,1083,28116,3927567
PNEU1,1084,28141,3926933
PNEU1,1085,28166,3926978
PNEU1,1086,28192,3927261
PNEU1,1087,28217,3927893
PNEU1,1088,28242,3927632
PNEU1,1089,28267,3927089
PNEU1,1090,28292,3927292
PNEU1,1091,28317,3926863
PNEU1,1092,28343,3926638
PNEU1,1093,28368,3927131
PNEU1,1094,28393,3927050
PNEU1,1095,28418,3927211
PNEU1,1096,28443,3927366
PNEU1,1097,28469,3927557
PNEU1,1098,28494,3927112
PNEU1,1099,28519,3927117
PNEU1,1100,28544,3927524
PNEU1,1101,28569,3927684
PNEU1,1102,28595,3927680
PNEU1,1103,28620,3926914
PNEU1,1104,28645,3926953
PNEU1,1105,28670,3927250
PNEU1,1106,28695,3927323
PNEU1,1107,28721,3927092
PNEU1,1108,28746,3927136
PNEU1,1109,28771,3927328
PNEU1,1110,28796,3927010
PNEU1,1111,28821,3926711
PNEU1,1112,28847,3927135
PNEU1,1113,28872,3927280
PNEU1,1114,28897,3927242
PNEU1,1115,28922,3927614
PNEU1,1116,28947,3927304
PNEU1,1117,28973,3926860
PNEU1,1118,28998,3927265
PNEU1,1119,29023,3927344
PNEU1,1120,29048,3927209
PNEU1,1121,29073,3927710
PNEU1,1122,29099,3927806
PNEU1,1123,29124,3927399
PNEU1,1124,29149,3927185
PNEU1,1125,29174,3927423
PNEU1,1126,29199,3927587
PNEU1,1127,29225,3927866
PNEU1,1128,29250,3927790
PNEU1,1129,29275,3927941
PNEU1,1130,29300,3928036
PNEU1,1131,29325,3927509
PNEU1,1132,29351,3927474
PNEU1,1133,29376,3927571
PNEU1,1134,29401,3927510
PNEU1,1135,29426,3926985
PNEU1,1136,29451,3927046
PNEU1,1137,29477,3926980
PNEU1,1138,29502,3926978
PNEU1,1139,29527,3927202
PNEU1,1140,29552,3927016
PNEU1,1141,29577,3926826
PNEU1,1142,29603,3927581
PNEU1,1143,29628,3927441
PNEU1,1144,29653,3927603
PNEU1,1145,29678,3927472
PNEU1,1146,29703,3927486
PNEU1,1147,29729,3927496
PNEU1,1148,29754,3927466
PNEU1,1149,29779,3927273
PNEU1,1150,29804,3927217
PNEU1,1151,29829,3927173
PNEU1,1152,29854,3927312
PNEU1,1153,29880,3927557
PNEU1,1154,29905,3927506
PNEU1,1155,29930,3927731
PNEU1,1156,29955,3927237
PNEU1,1157,29980,3927090
PNEU1,1158,30006,3927036
PNEU1,1159,30031,3927093
PNEU1,1160,30056,3927148
PNEU1,1161,30081,3927351
PNEU1,1162,30106,3927504
PNEU1,1163,30132,3927245
PNEU1,1164,30157,3927320
PNEU1,1165,30182,3927420
PNEU1,1166,30207,3927233
PNEU1,1167,30232,3927008
PNEU1,1168,30258,3926919
PNEU1,1169,30283,3927124
PNEU1,1170,30308,3927270
PNEU1,1171,30333,3926993
PNEU1,1172,30358,3927411
PNEU1,1173,30384,3927536
PNEU1,1174,30409,3927414
PNEU1,1175,30434,3927073
PNEU1,1176,30459,3926870
PNEU1,1177,30484,3926976
PNEU1,1178,30510,3927325
PNEU1,1179,30535,3927273
PNEU1,1180,30560,3927198
PNEU1,1181,30585,3927320
PNEU1,1182,30610,3927133
PNEU1,1183,30636,3926803
PNEU1,1184,30661,3926908
PNEU1,1185,30686,3927098
PNEU1,1186,30711,3926953
PNEU1,1187,30736,3926925
PNEU1,1188,30762,3927109
PNEU1,1189,30787,3926689
PNEU1,1190,30812,3927207
PNEU1,1191,30837,3927403
PNEU1,1192,30862,3927255
PNEU1,1193,30888,3927268
PNEU1,1194,30913,3927059
PNEU1,1195,30938,3927032
PNEU1,1196,30963,3926934
PNEU1,1197,30988,3926869
PNEU1,1198,31013,3927310
PNEU1,1199,31039,3927041
PNEU1,1200,31064,3927090
PNEU1,1201,31089,3926759
PNEU1,1202,31114,3927346
PNEU1,1203,31139,3927672
PNEU1,1204,31165,3927414
PNEU1,1205,31190,3927451
PNEU1,1206,31215,3927413
PNEU1,1207,31240,3927127
PNEU1,1208,31265,3927458
PNEU1,1209,31291,3927198
PNEU1,1210,31316,3927117
PNEU1,1211,31341,3927720
PNEU1,1212,31366,3927712
PNEU1,1213,31391,3927520
PNEU1,1214,31417,3927270
PNEU1,1215,31442,3927778
PNEU1,1216,31467,3927717
PNEU1,1217,31492,3927454
PNEU1,1218,31517,3927638
PNEU1,1219,31543,3927492
PNEU1,1220,31568,3927300
PNEU1,1221,31593,3927962
PNEU1,1222,31618,3927880
PNEU1,1223,31643,3927604
PNEU1,1224,31669,3927606
PNEU1,1225,31694,3927261
PNEU1,1226,31719,3927177
PNEU1,1227,31744,3927320
PNEU1,1228,31769,3927776
PNEU1,1229,31795,3927741
PNEU1,1230,31820,3926867
PNEU1,1231,31845,3927238
PNEU1,1232,31870,3927408
PNEU1,1233,31895,3927189
PNEU1,1234,31920,3926868
PNEU1,1235,31946,3926843
PNEU1,1236,31971,3926933
PNEU1,1237,31996,3927362
PNEU1,1238,32021,3927506
PNEU1,1239,32046,3927346
PNEU1,1240,32072,3927186
PNEU1,1241,32097,3927226
PNEU1,1242,32122,3927381
PNEU1,1243,32147,3927126
PNEU1,1244,32172,3926992
PNEU1,1245,32198,3927204
PNEU1,1246,32223,3927083
PNEU1,1247,32248,3927377
PNEU1,1248,32273,3927993
PNEU1,1249,32298,3927869
PNEU1,1250,32324,3927339
PNEU1,1251,32349,3927548
PNEU1,1252,32374,3927816
PNEU1,1253,32399,3927862
PNEU1,1254,32424,3928049
PNEU1,1255,32450,3927997
PNEU1,1256,32475,3927875
PNEU1,1257,32500,3927467
PNEU1,1258,32525,3927576
PNEU1,1259,32550,3927515
PNEU1,1260,32576,3927861
PNEU1,1261,32601,3927982
PNEU1,1262,32626,3928264
PNEU1,1263,32651,3928108
PNEU1,1264,32676,3927817
PNEU1,1265,32702,3927789
PNEU1,1266,32727,3927893
PNEU1,1267,32752,3927263
PNEU1,1268,32777,3927314
PNEU1,1269,32802,3927399
PNEU1,1270,32828,3927963
PNEU1,1271,32853,3928297
PNEU1,1272,32878,3928037
PNEU1,1273,32903,3927532
PNEU1,1274,32928,3926968
PNEU1,1275,32954,3927394
PNEU1,1276,32979,3927505
PNEU1,1277,33004,3927364
PNEU1,1278,33029,3927273
PNEU1,1279,33054,3927387
PNEU1,1280,33080,3927690
PNEU1,1281,33105,3927205
PNEU1,1282,33130,3927176
PNEU1,1283,33155,3927265
PNEU1,1284,33180,3927566
PNEU1,1285,33205,3927410
PNEU1,1286,33231,3927386
PNEU1,1287,33256,3927633
PNEU1,1288,33281,3927478
PNEU1,1289,33306,3927663
PNEU1,1290,33331,3927979
PNEU1,1291,33357,3927726
PNEU1,1292,33382,3927090
PNEU1,1293,33407,3927296
PNEU1,1294,33432,3927413
PNEU1,1295,33457,3926966
PNEU1,1296,33483,3927471
PNEU1,1297,33508,3928027
PNEU1,1298,33533,3928157
PNEU1,1299,33558,3927532
PNEU1,1300,33583,3927441
PNEU1,1301,33609,3927740
PNEU1,1302,33634,3927812
PNEU1,1303,33659,3927550
PNEU1,1304,33684,3927422
PNEU1,1305,33709,3927653
PNEU1,1306,33735,3927769
PNEU1,1307,33760,3927614
PNEU1,1308,33785,3927226
PNEU1,1309,33810,3927413
PNEU1,1310,33835,3927369
PNEU1,1311,33861,3927679
PNEU1,1312,33886,3926940
PNEU1,1313,33911,3926807
PNEU1,1314,33936,3927172
PNEU1,1315,33961,3928072
PNEU1,1316,33987,3927936
PNEU1,1317,34012,3927315
PNEU1,1318,34037,3927674
PNEU1,1319,34062,3927266
PNEU1,1320,34087,3927431
PNEU1,1321,34113,3927572
PNEU1,1322,34138,3926940
PNEU1,1323,34163,3927463
PNEU1,1324,34188,3927774
PNEU1,1325,34213,3927619
PNEU1,1326,34239,3927756
PNEU1,1327,34264,3927477
PNEU1,1328,34289,3927195
PNEU1,1329,34314,3927222
PNEU1,1330,34339,3927436
PNEU1,1331,34365,3927686
PNEU1,1332,34390,3927739
PNEU1,1333,34415,3927848
PNEU1,1334,34440,3927560
PNEU1,1335,34465,3927195
PNEU1,1336,34491,3926903
PNEU1,1337,34516,3927270
PNEU1,1338,34541,3927879
PNEU1,1339,34566,3927927
PNEU1,1340,34591,3927359
PNEU1,1341,34616,3927247
PNEU1,1342,34642,3927630
PNEU1,1343,34667,3927330
PNEU1,1344,34692,3927442
PNEU1,1345,34717,3927565
PNEU1,1346,34742,3927148
PNEU1,1347,34768,3927477
PNEU1,1348,34793,3927676
PNEU1,1349,34818,3927846
PNEU1,1350,34843,3927519
PNEU1,1351,34868,3927304
PNEU1,1352,34894,3927261
PNEU1,1353,34919,3927195
PNEU1,1354,34944,3927768
PNEU1,1355,34969,3927422
PNEU1,1356,34994,3927477
PNEU1,1357,35020,3927462
PNEU1,1358,35045,3927548
PNEU1,1359,35070,3927970
PNEU1,1360,35095,3928333
PNEU1,1361,35120,3927990
PNEU1,1362,35146,3927889
PNEU1,1363,35171,3927769
PNEU1,1364,35196,3927371
PNEU1,1365,35221,3927233
PNEU1,1366,35246,3927473
PNEU1,1367,35272,3927902
PNEU1,1368,35297,3927348
PNEU1,1369,35322,3927052
PNEU1,1370,35347,3927520
PNEU1,1371,35372,3927192
PNEU1,1372,35398,3926946
PNEU1,1373,35423,3927318
PNEU1,1374,35448,3927760
PNEU1,1375,35473,3927385
PNEU1,1376,35498,3927581
PNEU1,1377,35524,3927419
PNEU1,1378,35549,3927234
PNEU1,1379,35574,3927641
PNEU1,1380,35599,3927434
PNEU1,1381,35624,3927791
PNEU1,1382,35650,3927802
PNEU1,1383,35675,3927170
PNEU1,1384,35700,3927172
PNEU1,1385,35725,3927586
PNEU1,1386,35750,3927670
PNEU1,1387,35776,3927623
PNEU1,1388,35801,3927206
PNEU1,1389,35826,3927230
PNEU1,1390,35851,3927715
PNEU1,1391,35876,3927345
PNEU1,1392,35902,3927168
PNEU1,1393,35927,3927444
PNEU1,1394,35952,3927827
PNEU1,1395,35977,3927532
PNEU1,1396,36002,3927064
PNEU1,1397,36027,3927241
PNEU1,1398,36053,3927382
PNEU1,1399,36078,3927973
PNEU1,1400,36103,3927892
PNEU1,1401,36128,3927127
PNEU1,1402,36153,3927201
PNEU1,1403,36179,3927376
PNEU1,1404,36204,3927164
PNEU1,1405,36229,3927260
PNEU1,1406,36254,3927180
PNEU1,1407,36279,3927094
PNEU1,1408,36305,3927347
PNEU1,1409,36330,3927556
PNEU1,1410,36355,3927781
PNEU1,1411,36380,3927555
PNEU1,1412,36405,3927549
PNEU1,1413,36431,3927710
PNEU1,1414,36456,3927208
PNEU1,1415,36481,3927499
PNEU1,1416,36506,3927703
PNEU1,1417,36531,3927255
PNEU1,1418,36557,3927493
PNEU1,1419,36582,3927821
PNEU1,1420,36607,3927967
PNEU1,1421,36632,3928105
PNEU1,1422,36657,3927668
PNEU1,1423,36683,3927592
PNEU1,1424,36708,3927269
PNEU1,1425,36733,3927012
PNEU1,1426,36758,3927250
PNEU1,1427,36783,3927854
PNEU1,1428,36809,3927530
PNEU1,1429,36834,3927130
PNEU1,1430,36859,3927208
PNEU1,1431,36884,3927248
PNEU1,1432,36909,3927101
PNEU1,1433,36935,3927400
PNEU1,1434,36960,3927450
PNEU1,1435,36985,3927591
PNEU1,1436,37010,3927307
PNEU1,1437,37035,3927132
PNEU1,1438,37061,3927297
PNEU1,1439,37086,3926907
PNEU1,1440,37111,3927138
PNEU1,1441,37136,3928011
PNEU1,1442,37161,3928196
PNEU1,1443,37187,3927510
PNEU1,1444,37212,3927331
PNEU1,1445,37237,3927362
PNEU1,1446,37262,3927413
PNEU1,1447,37287,3927274
PNEU1,1448,37313,3927329
PNEU1,1449,37338,3927174
PNEU1,1450,37363,3927151
PNEU1,1451,37388,3927567
PNEU1,1452,37413,3927293
PNEU1,1453,37438,3927045
PNEU1,1454,37464,3927651
PNEU1,1455,37489,3927856
PNEU1,1456,37514,3927759
PNEU1,1457,37539,3927563
PNEU1,1458,37564,3927825
PNEU1,1459,37590,3927545
PNEU1,1460,37615,3927761
PNEU1,1461,37640,3927432
PNEU1,1462,37665,3926813
PNEU1,1463,37690,3927414
PNEU1,1464,37716,3927552
PNEU1,1465,37741,3927377
PNEU1,1466,37766,3927272
PNEU1,1467,37791,3927833
PNEU1,1468,37816,3927802
PNEU1,1469,37842,3927569
PNEU1,1470,37867,3927404
PNEU1,1471,37892,3927143
PNEU1,1472,37917,3927267
PNEU1,1473,37942,3928032
PNEU1,1474,37968,3927860
PNEU1,1475,37993,3927648
PNEU1,1476,38018,3927528
PNEU1,1477,38043,3927339
PNEU1,1478,38068,3927190
PNEU1,1479,38094,3927220
PNEU1,1480,38119,3927013
PNEU1,1481,38144,3926630
PNEU1,1482,38169,3927034
PNEU1,1483,38194,3927332
PNEU1,1484,38220,3927622
PNEU1,1485,38245,3927636
PNEU1,1486,38270,3927258
PNEU1,1487,38295,3927511
PNEU1,1488,38320,3927546
PNEU1,1489,38346,3927407
PNEU1,1490,38371,3927468
PNEU1,1491,38396,3927793
PNEU1,1492,38421,3927841
PNEU1,1493,38446,3927818
PNEU1,1494,38472,3927773
PNEU1,1495,38497,3927647
PNEU1,1496,38522,3927147
PNEU1,1497,38547,3927226
PNEU1,1498,38572,3927286
PNEU1,1499,38597,3927811
PNEU1,1500,38623,3927772
PNEU1,1501,38648,3927412
PNEU1,1502,38673,3928028
PNEU1,1503,38698,3928161
PNEU1,1504,38723,3927785
PNEU1,1505,38749,3927917
PNEU1,1506,38774,3927531
PNEU1,1507,38799,3927567
PNEU1,1508,38824,3928011
PNEU1,1509,38849,3927462
PNEU1,1510,38875,3926909
PNEU1,1511,38900,3926613
PNEU1,1512,38925,3927452
PNEU1,1513,38950,3927589
PNEU1,1514,38975,3927173
PNEU1,1515,39001,3927692
PNEU1,1516,39026,3927653
PNEU1,1517,39051,3927365
PNEU1,1518,39076,3927497
PNEU1,1519,39101,3927849
PNEU1,1520,39127,3927744
PNEU1,1521,39152,3927877
PNEU1,1522,39177,3927367
PNEU1,1523,39202,3927067
PNEU1,1524,39227,3927314
PNEU1,1525,39253,3927281
PNEU1,1526,39278,3927240
PNEU1,1527,39303,3927326
PNEU1,1528,39328,3926991
PNEU1,1529,39353,3927176
PNEU1,1530,39379,3927891
PNEU1,1531,39404,3928090
PNEU1,1532,39429,3927796
PNEU1,1533,39454,3927328
PNEU1,1534,39479,3926825
PNEU1,1535,39505,3926814
PNEU1,1536,39530,3927212
PNEU1,1537,39555,3927604
PNEU1,1538,39580,3927204
PNEU1,1539,39605,3927079
PNEU1,1540,39631,3927439
PNEU1,1541,39656,3927470
PNEU1,1542,39681,3927675
PNEU1,1543,39706,3927833
PNEU1,1544,39731,3927378
PNEU1,1545,39757,3927359
PNEU1,1546,39782,3927732
PNEU1,1547,39807,3927582
PNEU1,1548,39832,3927154
PNEU1,1549,39857,3927282
PNEU1,1550,39883,3927533
PNEU1,1551,39908,3927909
PNEU1,1552,39933,3927261
PNEU1,1553,39958,3927264
PNEU1,1554,39983,3928080
PNEU1,1555,40009,3928393
PNEU1,1556,40034,3927992
PNEU1,1557,40059,3928177
PNEU1,1558,40084,3927746
PNEU1,1559,40109,3927727
PNEU1,1560,40134,3928049
PNEU1,1561,40160,3928059
PNEU1,1562,40185,3927987
PNEU1,1563,40210,3928014
PNEU1,1564,40235,3927823
PNEU1,1565,40260,3927964
PNEU1,1566,40286,3927955
PNEU1,1567,40311,3927530
PNEU1,1568,40336,3927667
PNEU1,1569,40361,3927902
PNEU1,1570,40386,3927517
PNEU1,1571,40412,3927194
PNEU1,1572,40437,3927526
PNEU1,1573,40462,3927761
PNEU1,1574,40487,3927184
PNEU1,1575,40512,3927324
PNEU1,1576,40538,3927873
PNEU1,1577,40563,3927641
PNEU1,1578,40588,3927448
PNEU1,1579,40613,3927001
PNEU1,1580,40638,3927497
PNEU1,1581,40664,3927537
PNEU1,1582,40689,3927445
PNEU1,1583,40714,3927678
PNEU1,1584,40739,3927699
PNEU1,1585,40764,3927670
PNEU1,1586,40790,3927973
PNEU1,1587,40815,3927808
PNEU1,1588,40840,3927357
PNEU1,1589,40865,3927270
PNEU1,1590,40890,3927338
PNEU1,1591,40916,3927642
PNEU1,1592,40941,3927896
PNEU1,1593,40966,3927622
PNEU1,1594,40991,3927570
PNEU1,1595,41016,3927355
PNEU1,1596,41042,3927424
PNEU1,1597,41067,3927518
PNEU1,1598,41092,3927192
PNEU1,1599,41117,3927732
PNEU1,1600,41142,3928072
PNEU1,1601,41168,3927542
PNEU1,1602,41193,3927219
PNEU1,1603,41218,3927071
PNEU1,1604,41243,3927577
PNEU1,1605,41268,3927457
PNEU1,1606,41294,3927274
PNEU1,1607,41319,3927467
PNEU1,1608,41344,3927732
PNEU1,1609,41369,3927174
PNEU1,1610,41394,3927059
PNEU1,1611,41420,3927375
PNEU1,1612,41445,3927563
PNEU1,1613,41470,3927191
PNEU1,1614,41495,3926528
PNEU1,1615,41520,3926749
PNEU1,1616,41546,3927505
PNEU1,1617,41571,3928166
PNEU1,1618,41596,3927640
PNEU1,1619,41621,3927592
PNEU1,1620,41646,3927288
PNEU1,1621,41672,3927449
PNEU1,1622,41697,3927908
PNEU1,1623,41722,3927815
PNEU1,1624,41747,3927625
PNEU1,1625,41772,3927887
PNEU1,1626,41798,3927740
PNEU1,1627,41823,3927636
PNEU1,1628,41848,3927299
PNEU1,1629,41873,3926887
PNEU1,1630,41898,3927255
PNEU1,1631,41923,3928042
PNEU1,1632,41949,3927945
PNEU1,1633,41974,3927510
PNEU1,1634,41999,3927342
PNEU1,1635,42024,3926870
PNEU1,1636,42049,3927157
PNEU1,1637,42075,3927292
PNEU1,1638,42100,3927529
PNEU1,1639,42125,3927311
PNEU1,1640,42150,3926945
PNEU1,1641,42175,3927451
PNEU1,1642,42201,3927836
PNEU1,1643,42226,3928202
PNEU1,1644,42251,3927436
PNEU1,1645,42276,3927284
PNEU1,1646,42301,3927393
PNEU1,1647,42327,3927576
PNEU1,1648,42352,3927402
PNEU1,1649,42377,3927587
PNEU1,1650,42402,3927772
PNEU1,1651,42427,3927605
PNEU1,1652,42453,3927748
PNEU1,1653,42478,3927475
PNEU1,1654,42503,3927360
PNEU1,1655,42528,3927290
PNEU1,1656,42553,3927730
PNEU1,1657,42579,3928004
PNEU1,1658,42604,3927774
PNEU1,1659,42629,3927709
PNEU1,1660,42654,3927585
PNEU1,1661,42679,3928111
PNEU1,1662,42705,3927598
PNEU1,1663,42730,3927349
PNEU1,1664,42755,3927548
PNEU1,1665,42780,3927294
PNEU1,1666,42805,3927247
PNEU1,1667,42831,3927551
PNEU1,1668,42856,3927541
PNEU1,1669,42881,3927157
PNEU1,1670,42906,3927404
PNEU1,1671,42931,3927623
PNEU1,1672,42957,3927640
PNEU1,1673,42982,3927355
PNEU1,1674,43007,3926869
PNEU1,1675,43032,3927294
PNEU1,1676,43057,3927641
PNEU1,1677,43083,3927690
PNEU1,1678,43108,3927900
PNEU1,1679,43133,3927981
PNEU1,1680,43158,3927647
PNEU1,1681,43183,3927136
PNEU1,1682,43209,3927556
PNEU1,1683,43234,3927315
PNEU1,1684,43259,3927545
PNEU1,1685,43284,3927674
PNEU1,1686,43309,3927634
PNEU1,1687,43335,3927480
PNEU1,1688,43360,3927789
PNEU1,1689,43385,3928117
PNEU1,1690,43410,3927722
PNEU1,1691,43435,3927409
PNEU1,1692,43461,3927686
PNEU1,1693,43486,3927384
PNEU1,1694,43511,3927113
PNEU1,1695,43536,3927513
PNEU1,1696,43561,3927278
PNEU1,1697,43587,3927885
PNEU1,1698,43612,3927784
PNEU1,1699,43637,3927349
PNEU1,1700,43662,3927561
PNEU1,1701,43687,3927300
PNEU1,1702,43713,3927453
PNEU1,1703,43738,3927804
PNEU1,1704,43763,3927764
PNEU1,1705,43788,3927050
PNEU1,1706,43813,3927218
PNEU1,1707,43839,3927412
PNEU1,1708,43864,3927408
PNEU1,1709,43889,3927850
PNEU1,1710,43914,3927274
PNEU1,1711,43939,3927618
PNEU1,1712,43964,3928026
PNEU1,1713,43990,3927857
PNEU1,1714,44015,3927647
PNEU1,1715,44040,3927199
PNEU1,1716,44065,3927469
PNEU1,1717,44090,3927761
PNEU1,1718,44116,3927390
PNEU1,1719,44141,3926907
PNEU1,1720,44166,3927391
PNEU1,1721,44191,3927167
PNEU1,1722,44216,3927249
PNEU1,1723,44242,3927409
PNEU1,1724,44267,3927780
PNEU1,1725,44292,3927291
PNEU1,1726,44317,3927709
PNEU1,1727,44342,3927731
PNEU1,1728,44368,3927552
PNEU1,1729,44393,3927771
PNEU1,1730,44418,3927568
PNEU1,1731,44443,3927282
PNEU1,1732,44468,3927359
PNEU1,1733,44494,3927212
PNEU1,1734,44519,3927176
PNEU1,1735,44544,3927398
PNEU1,1736,44569,3927593
PNEU1,1737,44594,3927377
PNEU1,1738,44620,3926863
PNEU1,1739,44645,3927220
PNEU1,1740,44670,3927472
PNEU1,1741,44695,3927586
PNEU1,1742,44720,3927658
PNEU1,1743,44746,3926926
PNEU1,1744,44771,3927077
PNEU1,1745,44796,3927160
PNEU1,1746,44821,3927330
PNEU1,1747,44846,3927224
PNEU1,1748,44872,3927166
PNEU1,1749,44897,3927354
PNEU1,1750,44922,3927581
PNEU1,1751,44947,3927331
PNEU1,1752,44972,3927285
PNEU1,1753,44998,3927441
PNEU1,1754,45023,3927164
PNEU1,1755,45048,3927457
PNEU1,1756,45073,3927604
PNEU1,1757,45098,3927769
PNEU1,1758,45124,3927831
PNEU1,1759,45149,3927617
PNEU1,1760,45174,3927308
PNEU1,1761,45199,3927660
PNEU1,1762,45224,3927789
PNEU1,1763,45250,3927819
PNEU1,1764,45275,3927618
PNEU1,1765,45300,3927656
PNEU1,1766,45325,3927852
PNEU1,1767,45350,3927655
PNEU1,1768,45376,3927390
PNEU1,1769,45401,3927067
PNEU1,1770,45426,3927064
PNEU1,1771,45451,3927176
PNEU1,1772,45476,3927184
PNEU1,1773,45502,3927510
PNEU1,1774,45527,3927711
PNEU1,1775,45552,3927354
PNEU1,1776,45577,3927094
PNEU1,1777,45602,3927265
PNEU1,1778,45628,3927377
PNEU1,1779,45653,3927512
PNEU1,1780,45678,3927490
PNEU1,1781,45703,3927735
PNEU1,1782,45728,3927687
PNEU1,1783,45754,3927463
PNEU1,1784,45779,3927503
PNEU1,1785,45804,3927654
PNEU1,1786,45829,3928364
PNEU1,1787,45854,3927776
PNEU1,1788,45879,3927457
PNEU1,1789,45905,3927545
PNEU1,1790,45930,3927486
PNEU1,1791,45955,3927440
PNEU1,1792,45980,3927415
PNEU1,1793,46005,3927583
PNEU1,1794,46031,3927589
PNEU1,1795,46056,3927200
PNEU1,1796,46081,3927077
PNEU1,1797,46106,3927319
PNEU1,1798,46131,3927522
PNEU1,1799,46157,3928003
PNEU1,1800,46182,3927815
PNEU1,1801,46207,3927465
PNEU1,1802,46232,3927160
PNEU1,1803,46257,3926849
PNEU1,1804,46283,3926843
PNEU1,1805,46308,3927163
PNEU1,1806,46333,3927298
PNEU1,1807,46358,3927744
PNEU1,1808,46383,3927296
PNEU1,1809,46409,3927555
PNEU1,1810,46434,3927572
PNEU1,1811,46459,3927214
PNEU1,1812,46484,3927373
PNEU1,1813,46509,3927176
PNEU1,1814,46535,3927092
PNEU1,1815,46560,3927058
PNEU1,1816,46585,3927332
PNEU1,1817,46610,3928010
PNEU1,1818,46635,3927440
PNEU1,1819,46661,3927290
PNEU1,1820,46686,3927772
PNEU1,1821,46711,3927893
PNEU1,1822,46736,3927261
PNEU1,1823,46761,3927004
PNEU1,1824,46787,3927089
PNEU1,1825,46812,3927589
PNEU1,1826,46837,3927279
PNEU1,1827,46862,3927544
PNEU1,1828,46887,3927488
PNEU1,1829,46913,3927522
PNEU1,1830,46938,3927645
PNEU1,1831,46963,3927511
PNEU1,1832,46988,3927366
PNEU1,1833,47013,3927833
PNEU1,1834,47039,3927744
PNEU1,1835,47064,3927453
PNEU1,1836,47089,3927545
PNEU1,1837,47114,3927720
PNEU1,1838,47139,3927449
PNEU1,1839,47165,3927200
PNEU1,1840,47190,3927274
PNEU1,1841,47215,3927534
PNEU1,1842,47240,3927755
PNEU1,1843,47265,3927500
PNEU1,1844,47291,3927707
PNEU1,1845,47316,3927898
PNEU1,1846,47341,3928013
PNEU1,1847,47366,3928408
PNEU1,1848,47391,3928369
PNEU1,1849,47417,3927556
PNEU1,1850,47442,3927720
PNEU1,1851,47467,3927578
PNEU1,1852,47492,3927526
PNEU1,1853,47517,3927316
PNEU1,1854,47543,3927311
PNEU1,1855,47568,3927818
PNEU1,1856,47593,3927774
PNEU1,1857,47618,3927791
PNEU1,1858,47643,3927889
PNEU1,1859,47669,3927671
PNEU1,1860,47694,3927556
PNEU1,1861,47719,3927528
PNEU1,1862,47744,3927292
PNEU1,1863,47769,3927196
PNEU1,1864,47795,3927314
PNEU1,1865,47820,3927194
PNEU1,1866,47845,3927479
PNEU1,1867,47870,3927650
PNEU1,1868,47895,3927415
PNEU1,1869,47921,3927411
PNEU1,1870,47946,3927343
PNEU1,1871,47971,3927480
PNEU1,1872,47996,3927699
PNEU1,1873,48021,3927766
PNEU1,1874,48047,3927550
PNEU1,1875,48072,3927544
PNEU1,1876,48097,3927826
PNEU1,1877,48122,3927975
PNEU1,1878,48147,3927940
PNEU1,1879,48173,3927895
PNEU1,1880,48198,3928090
PNEU1,1881,48223,3927464
PNEU1,1882,48248,3927301
PNEU1,1883,48273,3926994
PNEU1,1884,48298,3927604
PNEU1,1885,48324,3928367
PNEU1,1886,48349,3928104
PNEU1,1887,48374,3927815
PNEU1,1888,48399,3927282
PNEU1,1889,48424,3927232
PNEU1,1890,48450,3927166
PNEU1,1891,48475,3927217
PNEU1,1892,48500,3927681
PNEU1,1893,48525,3927371
PNEU1,1894,48550,3927703
PNEU1,1895,48576,3927575
PNEU1,1896,48601,3927767
PNEU1,1897,48626,3928071
PNEU1,1898,48651,3928184
PNEU1,1899,48676,3927887
PNEU1,1900,48702,3927608
PNEU1,1901,48727,3927786
PNEU1,1902,48752,3927657
PNEU1,1903,48777,3927675
PNEU1,1904,48802,3927596
PNEU1,1905,48828,3927546
PNEU1,1906,48853,3927561
PNEU1,1907,48878,3927411
PNEU1,1908,48903,3927343
PNEU1,1909,48928,3927182
PNEU1,1910,48954,3927719
PNEU1,1911,48979,3927830
PNEU1,1912,49004,3927189
PNEU1,1913,49029,3927103
PNEU1,1914,49054,3927529
PNEU1,1915,49080,3927763
PNEU1,1916,49105,3927393
PNEU1,1917,49130,3927408
PNEU1,1918,49155,3927396
PNEU1,1919,49180,3927185
PNEU1,1920,49206,3927314
PNEU1,1921,49231,3927244
PNEU1,1922,49256,3927115
PNEU1,1923,49281,3927075
PNEU1,1924,49306,3927271
PNEU1,1925,49332,3927234
PNEU1,1926,49357,3927496
PNEU1,1927,49382,3927923
PNEU1,1928,49407,3927585
PNEU1,1929,49432,3927473
PNEU1,1930,49458,3927552
PNEU1,1931,49483,3927452
PNEU1,1932,49508,3927426
PNEU1,1933,49533,3927902
PNEU1,1934,49558,3927350
PNEU1,1935,49584,3927127
PNEU1,1936,49609,3927288
PNEU1,1937,49634,3927146
PNEU1,1938,49659,3927413
PNEU1,1939,49684,3927686
PNEU1,1940,49709,3927542
PNEU1,1941,49735,3927476
PNEU1,1942,49760,3927631
PNEU1,1943,49785,3927761
PNEU1,1944,49810,3927543
PNEU1,1945,49835,3927244
PNEU1,1946,49861,3927939
PNEU1,1947,49886,3928112
PNEU1,1948,49911,3927793
PNEU1,1949,49936,3927663
PNEU1,1950,49961,3927118
PNEU1,1951,49987,3927518
PNEU1,1952,50012,3927849
PNEU1,1953,50037,3927293
PNEU1,1954,50062,3927445
PNEU1,1955,50087,3927632
PNEU1,1956,50113,3927254
PNEU1,1957,50138,3927686
PNEU1,1958,50163,3928097
PNEU1,1959,50188,3927641
PNEU1,1960,50213,3927432
PNEU1,1961,50239,3927857
PNEU1,1962,50264,3927578
PNEU1,1963,50289,3927869
PNEU1,1964,50314,3927863
PNEU1,1965,50339,3927661
PNEU1,1966,50365,3927720
PNEU1,1967,50390,3927700
PNEU1,1968,50415,3927636
PNEU1,1969,50440,3927708
PNEU1,1970,50465,3927469
PNEU1,1971,50491,3927622
PNEU1,1972,50516,3927501
PNEU1,1973,50541,3927445
PNEU1,1974,50566,3927141
PNEU1,1975,50591,3926866
PNEU1,1976,50617,3927149
PNEU1,1977,50642,3927246
PNEU1,1978,50667,3927262
PNEU1,1979,50692,3927538
PNEU1,1980,50717,3927396
PNEU1,1981,50743,3927714
PNEU1,1982,50768,3927653
PNEU1,1983,50793,3927250
PNEU1,1984,50818,3927362
PNEU1,1985,50843,3927704
PNEU1,1986,50869,3927768
PNEU1,1987,50894,3927375
PNEU1,1988,50919,3927189
PNEU1,1989,50944,3927811
PNEU1,1990,50969,3927854
PNEU1,1991,50995,3927664
PNEU1,1992,51020,3927892
PNEU1,1993,51045,3927799
PNEU1,1994,51070,3927400
PNEU1,1995,51095,3927551
PNEU1,1996,51121,3927859
PNEU1,1997,51146,3927464
PNEU1,1998,51171,3927391
PNEU1,1999,51196,3927329
PNEU1,2000,51221,3927403
PNEU1,2001,51246,3927409
PNEU1,2002,51272,3927683
PNEU1,2003,51297,3927912
PNEU1,2004,51322,3927869
PNEU1,2005,51347,3927915
PNEU1,2006,51372,3927819
PNEU1,2007,51398,3927667
PNEU1,2008,51423,3927614
PNEU1,2009,51448,3927553
PNEU1,2010,51473,3927663
PNEU1,2011,51498,3927749
PNEU1,2012,51524,3927328
PNEU1,2013,51549,3927108
PNEU1,2014,51574,3927570
PNEU1,2015,51599,3927665
PNEU1,2016,51624,3927664
PNEU1,2017,51650,3927788
PNEU1,2018,51675,3927575
PNEU1,2019,51700,3927854
PNEU1,2020,51725,3927806
PNEU1,2021,51750,3927573
PNEU1,2022,51776,3927718
PNEU1,2023,51801,3927689
PNEU1,2024,51826,3927139
PNEU1,2025,51851,3927333
PNEU1,2026,51876,3927078
PNEU1,2027,51902,3927250
PNEU1,2028,51927,3927134
PNEU1,2029,51952,3927128
PNEU1,2030,51977,3926948
PNEU1,2031,52002,3927343
PNEU1,2032,52028,3927669
PNEU1,2033,52053,3927529
PNEU1,2034,52078,3927476
PNEU1,2035,52103,3927560
PNEU1,2036,52128,3927682
PNEU1,2037,52154,3927838
PNEU1,2038,52179,3927717
PNEU1,2039,52204,3927751
PNEU1,2040,52229,3927693
PNEU1,2041,52254,3927389
PNEU1,2042,52280,3927326
PNEU1,2043,52305,3927984
PNEU1,2044,52330,3927922
PNEU1,2045,52355,3927647
PNEU1,2046,52380,3927784
PNEU1,2047,52406,3927412
PNEU1,2048,52431,3927414
PNEU1,2049,52456,3927570
PNEU1,2050,52481,3926911
PNEU1,2051,52506,3926898
PNEU1,2052,52532,3927318
PNEU1,2053,52557,3927407
PNEU1,2054,52582,3927664
PNEU1,2055,52607,3927529
PNEU1,2056,52632,3927733
PNEU1,2057,52658,3927526
PNEU1,2058,52683,3927358
PNEU1,2059,52708,3927775
PNEU1,2060,52733,3927570
PNEU1,2061,52758,3927135
PNEU1,2062,52784,3927129
PNEU1,2063,52809,3927097
PNEU1,2064,52834,3927191
PNEU1,2065,52859,3927546
PNEU1,2066,52884,3927549
PNEU1,2067,52909,3927451
PNEU1,2068,52935,3927945
PNEU1,2069,52960,3927687
PNEU1,2070,52985,3927947
PNEU1,2071,53010,3927836
PNEU1,2072,53035,3927448
PNEU1,2073,53061,3927572
PNEU1,2074,53086,3927593
PNEU1,2075,53111,3927683
PNEU1,2076,53136,3927776
PNEU1,2077,53161,3927868
PNEU1,2078,53187,3927676
PNEU1,2079,53212,3927878
PNEU1,2080,53237,3928039
PNEU1,2081,53262,3928203
PNEU1,2082,53287,3927740
PNEU1,2083,53313,3927750
PNEU1,2084,53338,3927569
PNEU1,2085,53363,3927440
PNEU1,2086,53388,3927930
PNEU1,2087,53413,3927446
PNEU1,2088,53439,3927223
PNEU1,2089,53464,3927860
PNEU1,2090,53489,3928164
PNEU1,2091,53514,3927258
PNEU1,2092,53539,3926765
PNEU1,2093,53565,3927280
PNEU1,2094,53590,3928032
PNEU1,2095,53615,3927921
PNEU1,2096,53640,3927698
PNEU1,2097,53665,3927623
PNEU1,2098,53691,3927545
PNEU1,2099,53716,3927595
PNEU1,2100,53741,3927287
PNEU1,2101,53766,3927066
PNEU1,2102,53791,3927292
PNEU1,2103,53817,3927409
PNEU1,2104,53842,3927623
PNEU1,2105,53867,3927956
