# PneutouchAi Live; PNEU1,seq,ms,raw; baud=115200; nominal_sps=40
# PNEF1; version=1; features=12; units_x1000; classes=tail/back/legs/head; gesture=press_release_1s
# PNEM1,READY,60,368,521064
# PNEM2,HEAD_LEGS,32,128,input5=positive_peak_kcounts
# PNEL1,READY
# PNEL1,UNKNOWN,758
PNEU1,0,1061,3949772
PNEU1,1,1086,3950121
PNEU1,2,1111,3950709
PNEU1,3,1136,3950150
PNEU1,4,1161,3949662
PNEU1,5,1186,3949702
PNEU1,6,1212,3949489
PNEU1,7,1237,3949697
PNEU1,8,1262,3950058
PNEU1,9,1287,3949443
PNEU1,10,1312,3949944
PNEU1,11,1338,3949797
PNEU1,12,1363,3949648
PNEU1,13,1388,3949514
PNEU1,14,1413,3949724
PNEU1,15,1438,3949660
PNEU1,16,1463,3949697
PNEU1,17,1489,3949945
PNEU1,18,1514,3949959
PNEU1,19,1539,3949732
PNEU1,20,1564,3949475
PNEU1,21,1589,3949747
PNEU1,22,1615,3949718
PNEU1,23,1640,3949659
PNEU1,24,1665,3949542
PNEU1,25,1690,3949895
PNEU1,26,1715,3950409
PNEU1,27,1740,3949464
PNEU1,28,1766,3949279
PNEU1,29,1791,3949747
PNEU1,30,1816,3949973
PNEU1,31,1841,3949792
PNEU1,32,1866,3949795
PNEU1,33,1892,3949924
PNEU1,34,1917,3950057
PNEU1,35,1942,3950084
PNEU1,36,1967,3950073
PNEU1,37,1992,3950077
PNEU1,38,2017,3949648
PNEU1,39,2043,3949729
PNEU1,40,2068,3949467
PNEU1,41,2093,3949842
PNEU1,42,2118,3950272
PNEU1,43,2143,3950438
PNEU1,44,2169,3950057
PNEU1,45,2194,3949962
PNEU1,46,2219,3950220
PNEU1,47,2244,3950178
PNEU1,48,2269,3950140
PNEU1,49,2294,3950082
PNEU1,50,2320,3949398
PNEU1,51,2345,3949633
PNEU1,52,2370,3949500
PNEU1,53,2395,3949408
PNEU1,54,2420,3949112
PNEU1,55,2445,3949027
PNEU1,56,2471,3949079
PNEU1,57,2496,3949627
PNEU1,58,2521,3950019
PNEU1,59,2546,3949578
PNEU1,60,2571,3949479
PNEU1,61,2597,3949732
PNEU1,62,2622,3949559
PNEU1,63,2647,3949822
PNEU1,64,2672,3950297
PNEU1,65,2697,3949835
PNEU1,66,2722,3949405
PNEU1,67,2748,3949417
PNEU1,68,2773,3949716
PNEU1,69,2798,3950573
PNEU1,70,2823,3950845
PNEU1,71,2848,3950491
PNEU1,72,2874,3950483
PNEU1,73,2899,3950404
PNEU1,74,2924,3949850
PNEU1,75,2949,3949997
PNEU1,76,2974,3949950
PNEU1,77,2999,3949720
PNEU1,78,3025,3949742
PNEU1,79,3050,3949725
PNEU1,80,3075,3949754
PNEU1,81,3100,3949719
PNEU1,82,3125,3949970
PNEU1,83,3151,3950102
PNEU1,84,3176,3949857
PNEU1,85,3201,3950068
PNEU1,86,3226,3950431
PNEU1,87,3251,3950285
PNEU1,88,3276,3949325
PNEU1,89,3302,3949569
PNEU1,90,3327,3949900
PNEU1,91,3352,3949628
PNEU1,92,3377,3949838
PNEU1,93,3402,3949993
PNEU1,94,3428,3949974
PNEU1,95,3453,3949605
PNEU1,96,3478,3949552
PNEU1,97,3503,3950085
PNEU1,98,3528,3950171
PNEU1,99,3553,3949719
PNEU1,100,3579,3949737
PNEU1,101,3604,3949832
PNEU1,102,3629,3949517
PNEU1,103,3654,3949563
PNEU1,104,3679,3949234
PNEU1,105,3705,3949391
PNEU1,106,3730,3949666
PNEU1,107,3755,3949156
PNEU1,108,3780,3948794
PNEU1,109,3805,3949095
PNEU1,110,3830,3949841
PNEU1,111,3856,3949953
PNEU1,112,3881,3950050
PNEU1,113,3906,3949859
PNEU1,114,3931,3950149
PNEU1,115,3956,3949820
PNEU1,116,3982,3949467
PNEU1,117,4007,3949211
PNEU1,118,4032,3948793
PNEU1,119,4057,3949716
PNEU1,120,4082,3949993
PNEU1,121,4107,3949587
PNEU1,122,4133,3949277
PNEU1,123,4158,3949854
PNEU1,124,4183,3949915
PNEU1,125,4208,3949651
PNEU1,126,4233,3948956
PNEU1,127,4259,3949518
PNEU1,128,4284,3949800
PNEU1,129,4309,3949841
PNEU1,130,4334,3949591
PNEU1,131,4359,3949896
PNEU1,132,4384,3949467
PNEU1,133,4410,3949505
PNEU1,134,4435,3949978
PNEU1,135,4460,3949934
PNEU1,136,4485,3949525
PNEU1,137,4510,3949798
PNEU1,138,4536,3949752
PNEU1,139,4561,3949662
PNEU1,140,4586,3949792
PNEU1,141,4611,3950032
PNEU1,142,4636,3950194
PNEU1,143,4661,3949866
PNEU1,144,4687,3949431
PNEU1,145,4712,3949169
PNEU1,146,4737,3949175
PNEU1,147,4762,3949487
PNEU1,148,4787,3949496
PNEU1,149,4813,3949583
PNEU1,150,4838,3950246
PNEU1,151,4863,3950407
PNEU1,152,4888,3950075
PNEU1,153,4913,3949998
PNEU1,154,4938,3950188
PNEU1,155,4964,3949882
PNEU1,156,4989,3949737
PNEU1,157,5014,3949497
PNEU1,158,5039,3949260
PNEU1,159,5064,3949299
PNEU1,160,5090,3949847
PNEU1,161,5115,3949965
PNEU1,162,5140,3949999
PNEU1,163,5165,3949805
PNEU1,164,5190,3949569
PNEU1,165,5215,3949639
PNEU1,166,5241,3949937
PNEU1,167,5266,3950044
PNEU1,168,5291,3949381
PNEU1,169,5316,3949554
PNEU1,170,5341,3950215
PNEU1,171,5367,3949792
PNEU1,172,5392,3949588
PNEU1,173,5417,3949039
PNEU1,174,5442,3949083
PNEU1,175,5467,3950014
PNEU1,176,5492,3949711
PNEU1,177,5518,3949375
PNEU1,178,5543,3949418
PNEU1,179,5568,3949823
PNEU1,180,5593,3949687
PNEU1,181,5618,3949170
PNEU1,182,5643,3949481
PNEU1,183,5669,3949868
PNEU1,184,5694,3950118
PNEU1,185,5719,3949467
PNEU1,186,5744,3949525
PNEU1,187,5769,3949365
PNEU1,188,5795,3949937
PNEU1,189,5820,3949815
PNEU1,190,5845,3949841
PNEU1,191,5870,3949996
PNEU1,192,5895,3949574
PNEU1,193,5920,3949679
PNEU1,194,5946,3949760
PNEU1,195,5971,3949770
PNEU1,196,5996,3949916
PNEU1,197,6021,3949697
PNEU1,198,6046,3949462
PNEU1,199,6072,3949608
PNEU1,200,6097,3950180
PNEU1,201,6122,3950543
PNEU1,202,6147,3950355
PNEU1,203,6172,3950090
PNEU1,204,6197,3949956
PNEU1,205,6223,3949755
PNEU1,206,6248,3949984
PNEU1,207,6273,3950156
PNEU1,208,6298,3950025
PNEU1,209,6323,3950192
PNEU1,210,6349,3950200
PNEU1,211,6374,3949773
PNEU1,212,6399,3950045
PNEU1,213,6424,3949862
PNEU1,214,6449,3949416
PNEU1,215,6474,3949703
PNEU1,216,6500,3950139
PNEU1,217,6525,3950129
PNEU1,218,6550,3949823
PNEU1,219,6575,3949380
PNEU1,220,6600,3949345
PNEU1,221,6626,3949905
PNEU1,222,6651,3949604
PNEU1,223,6676,3949614
PNEU1,224,6701,3949559
PNEU1,225,6726,3949058
PNEU1,226,6751,3949542
PNEU1,227,6777,3948936
PNEU1,228,6802,3949268
PNEU1,229,6827,3950284
PNEU1,230,6852,3949997
PNEU1,231,6877,3949644
PNEU1,232,6902,3949774
PNEU1,233,6928,3949693
PNEU1,234,6953,3949620
PNEU1,235,6978,3949952
PNEU1,236,7003,3949723
PNEU1,237,7028,3949197
PNEU1,238,7054,3949985
PNEU1,239,7079,3949562
PNEU1,240,7104,3949251
PNEU1,241,7129,3949647
PNEU1,242,7154,3949788
PNEU1,243,7179,3949915
PNEU1,244,7205,3950389
PNEU1,245,7230,3950287
PNEU1,246,7255,3950003
PNEU1,247,7280,3950317
PNEU1,248,7305,3950254
PNEU1,249,7331,3949853
PNEU1,250,7356,3949900
PNEU1,251,7381,3949551
PNEU1,252,7406,3949348
PNEU1,253,7431,3949173
PNEU1,254,7456,3949298
PNEU1,255,7482,3949539
PNEU1,256,7507,3949675
PNEU1,257,7532,3949847
PNEU1,258,7557,3949847
PNEU1,259,7582,3949683
PNEU1,260,7608,3949956
PNEU1,261,7633,3950085
PNEU1,262,7658,3949272
PNEU1,263,7683,3949441
PNEU1,264,7708,3949804
PNEU1,265,7733,3949485
PNEU1,266,7759,3949816
PNEU1,267,7784,3949594
PNEU1,268,7809,3949290
PNEU1,269,7834,3949593
PNEU1,270,7859,3949835
PNEU1,271,7885,3949527
PNEU1,272,7910,3949548
PNEU1,273,7935,3949616
PNEU1,274,7960,3949448
PNEU1,275,7985,3949078
PNEU1,276,8010,3949358
PNEU1,277,8036,3949591
PNEU1,278,8061,3949161
PNEU1,279,8086,3949252
PNEU1,280,8111,3949456
PNEU1,281,8136,3949480
PNEU1,282,8162,3949827
PNEU1,283,8187,3949571
PNEU1,284,8212,3949165
PNEU1,285,8237,3949861
PNEU1,286,8262,3949840
PNEU1,287,8288,3949923
PNEU1,288,8313,3949799
PNEU1,289,8338,3949374
PNEU1,290,8363,3949146
PNEU1,291,8388,3949603
PNEU1,292,8413,3949772
PNEU1,293,8439,3949563
PNEU1,294,8464,3949490
PNEU1,295,8489,3949492
PNEU1,296,8514,3949301
PNEU1,297,8539,3949745
PNEU1,298,8565,3949934
PNEU1,299,8590,3949846
PNEU1,300,8615,3950241
PNEU1,301,8640,3949858
PNEU1,302,8665,3949380
PNEU1,303,8690,3949689
PNEU1,304,8716,3949492
PNEU1,305,8741,3949333
PNEU1,306,8766,3949021
PNEU1,307,8791,3948959
PNEU1,308,8816,3949136
PNEU1,309,8841,3949286
PNEU1,310,8867,3949754
PNEU1,311,8892,3949427
PNEU1,312,8917,3949545
PNEU1,313,8942,3948753
PNEU1,314,8967,3948867
PNEU1,315,8993,3949217
PNEU1,316,9018,3949202
PNEU1,317,9043,3949148
PNEU1,318,9068,3949945
PNEU1,319,9093,3949940
PNEU1,320,9118,3949392
PNEU1,321,9144,3949651
PNEU1,322,9169,3949632
PNEU1,323,9194,3949587
PNEU1,324,9219,3949411
PNEU1,325,9244,3949262
PNEU1,326,9270,3949169
PNEU1,327,9295,3949443
PNEU1,328,9320,3949372
PNEU1,329,9345,3949423
PNEU1,330,9370,3949355
PNEU1,331,9395,3949468
PNEU1,332,9421,3949256
PNEU1,333,9446,3949769
PNEU1,334,9471,3949868
PNEU1,335,9496,3949950
PNEU1,336,9521,3949444
PNEU1,337,9546,3949259
PNEU1,338,9572,3949749
PNEU1,339,9597,3949748
PNEU1,340,9622,3949566
PNEU1,341,9647,3950020
PNEU1,342,9672,3950110
PNEU1,343,9698,3949498
PNEU1,344,9723,3949243
PNEU1,345,9748,3949569
PNEU1,346,9773,3949435
PNEU1,347,9798,3949548
PNEU1,348,9823,3949658
PNEU1,349,9849,3949676
PNEU1,350,9874,3949189
PNEU1,351,9899,3949116
PNEU1,352,9924,3948821
PNEU1,353,9949,3949061
PNEU1,354,9974,3949106
PNEU1,355,10000,3949156
PNEU1,356,10025,3948930
PNEU1,357,10050,3949463
PNEU1,358,10075,3949138
PNEU1,359,10100,3949596
PNEU1,360,10126,3949798
PNEU1,361,10151,3949748
PNEU1,362,10176,3949567
PNEU1,363,10201,3949259
PNEU1,364,10226,3949874
PNEU1,365,10251,3949817
PNEU1,366,10277,3949074
PNEU1,367,10302,3949750
PNEU1,368,10327,3949758
PNEU1,369,10352,3949252
PNEU1,370,10377,3949321
PNEU1,371,10402,3949488
PNEU1,372,10428,3949237
PNEU1,373,10453,3949161
PNEU1,374,10478,3949484
PNEU1,375,10503,3949849
PNEU1,376,10528,3949507
