TX PAI1,MODE,1*1f24
RX PNEU1,2348,60183,3948908
RX PNEU1,2349,60208,3949014
RX PNEU1,2350,60233,3949454
RX PNEU1,2351,60258,3949740
RX PNEU1,2352,60284,3949486
RX PNEU1,2353,60309,3949277
RX PNEU1,2354,60334,3948804
RX PNEU1,2355,60359,3948382
RX PNEU1,2356,60384,3949156
RX PNEU1,2357,60409,3949397
RX PNEU1,2358,60435,3949443
RX # PAI1,MODE,1
TX PAI1,LIVEINIT,1*0cea
RX # PNEL1,UNKNOWN,60459
RX # PAI1,LIVEINIT,1
TX PAI1,LIVEPREDICT,2,43279b31438da9ba438dd23a4397d7dd41005da73fd85fe542f9adb7430c92d043043bd44312c129400ed09a3f8a075b48738c40*312d
RX # PAI1,LIVEPREDICT,2,4,4,1,4712,0000,0000,3d96,3f70
TX PAI1,LIVEPREDICT,3,437cf34343661fea4394862c439e71c94093c5063f68e63342e41b2843053854430b0b844317760e4010ceb03f8a6cd348563a20*0319
RX # PAI1,LIVEPREDICT,3,4,3,1,4680,0000,0000,3ea1,3f31
TX PAI1,LIVEPREDICT,4,4370883c44054a504399d3ca43b9ce88409b6ab8400ddc9b42bf4d60430abcd84307a4e84310c60c400768813f53028d482771e0*11b3
RX # PAI1,LIVEPREDICT,4,4,4,1,4689,0000,0000,3e54,3f4c
TX PAI1,LIVEPREDICT,5,4321b6ba43773b14436ed9c743842ceb41045a1b3fc3b047430a39104311b9c043020e984312434d3ff219a03f85f3a44883f740*e574
RX # PAI1,LIVEPREDICT,5,4,4,1,4746,0000,0000,3d12,3f78
TX PAI1,LIVEPREDICT,6,4303235b438ba2f04355d9c3436e1d3e4110158940084b8542dbf7d04313bd804301a6d043138b033ff333ee3f96b232488f8a50*3b6c
RX # PAI1,LIVEPREDICT,6,4,4,1,4719,0000,0000,3d80,3f75
TX PAI1,LIVEPREDICT,7,42f60f1f4352f686434e9bd0435c924d410c5c803fdb7c6c42b45150431123d842f54f914308dffd3fe566c43f8e5ab7488f9490*eb93
RX # PAI1,LIVEPREDICT,7,4,4,1,4766,0000,0000,3e32,3f56
TX PAI1,LIVEPREDICT,8,431a6fb543495f5b43479ec4435995a940e9d2eb3fa6e6d04309c6a0430c7ae842f548f1430ff5213fd86f143f8f323a48924390*02ab
RX # PAI1,LIVEPREDICT,8,4,3,1,4672,0000,0000,3e16,3f5e
TX PAI1,LIVEPREDICT,9,432854a8437936ef4365f99d437d435240effee13fbd813842e375b0431df378430169e8431396a74006502a3f9c8a9b48710520*e79c
RX # PAI1,LIVEPREDICT,9,4,4,1,4730,0000,0000,3e08,3f5e
TX PAI1,LIVEPREDICT,10,435106944395204a438a1f2143966cdc40b8de163fb6a3a442cf98204304b8e042f57f204306b6fe400c6f493f7b890f4846e100*5c23
RX # PAI1,LIVEPREDICT,10,4,4,1,4718,0000,0000,3e8e,3f39
TX PAI1,LIVEPREDICT,11,435d65f843624bdd434d5c23436c994040f43d493f82d4ee42ffa8a8431242a042edb7e84307e46040066d833f9a6b494873c7e0*bced
RX # PAI1,LIVEPREDICT,11,4,4,1,4666,0000,0000,3d8f,3f6f
TX PAI1,LIVEPREDICT,12,431df30e437ad5344355a5c8436f6c7e410501c43fcb457a42ddf3684311497042f3a7e04308437d4006c1183f9962c3488b5ec0*2b00
RX # PAI1,LIVEPREDICT,12,4,4,1,4730,0000,0000,3c30,3f7c
TX PAI1,LIVEPREDICT,13,4343e3f5439f53bf43810e814396e1124102e5013fd0379542cc2af8430b999442f8142043077a87401e37dd3f8e118c486f3e40*0668
RX # PAI1,LIVEPREDICT,13,4,4,1,4721,0000,0000,bd08,3f84
TX PAI1,LIVEPREDICT,14,433602e443af0c6a438938cd4398b5a540e01fef3ff634f042afe1804306ac6842ef7a504303fde7401e088d3f8897e84869bb40*4339
RX # PAI1,LIVEPREDICT,14,4,4,1,4717,0000,0000,3d94,3f71
TX PAI1,LIVEPREDICT,15,432aa3de444252314397d3ff43c7650340d025954091c37342cd1721431a20584302ca884312d5083fd332e33f1b865048045380*fc94
RX # PAI1,LIVEPREDICT,15,4,4,1,4741,0000,0000,3e86,3f38
TX PAI1,LIVEPREDICT,16,434e51b5438acd2c436c9a994389d63d40d25c553fac396b42ebe0c9430a30ec4301e588431097453ff7de673f8201d7485d01e0*b7e3
RX # PAI1,LIVEPREDICT,16,4,4,1,4675,0000,0000,3e4e,3f4c
TX PAI1,LIVEPREDICT,17,42cf1bd6430dde79435cc09e436058e24143b1393faf5c0543766030432140f04332bfd8435797563fb7088f3fafe3cc49491df0*0184
RX # PAI1,LIVEPREDICT,17,2,2,0,3737,3d8e,3f54,3e23,bd70
TX PAI1,LIVEPREDICT,18,4389ef9543b827d043ea6fc643d1c7f340c3ac263faae3ed4327b02043278d58431fe6d843337e76400a9dbd3f6d34ff492eca48*bde9
RX # PAI1,LIVEPREDICT,18,4,4,1,4741,0000,0000,bf8a,4008
TX PAI1,LIVEPREDICT,19,43257c8c434fe7f8432f6afc434c57f9410b2ef53fa0cf8343616980432487c0431207f0433526c93f71e19f3f566dc849d94e30*669f
RX # PAI1,LIVEPREDICT,19,2,2,0,3682,bea3,3f08,3eaa,3edf
TX PAI1,LIVEPREDICT,20,42c93d14433a0559433b8c13433a59744147b3123feca428436c94684315bf1842fbaaa0432771563f59dea73f43c3d949b03e98*a41e
RX # PAI1,LIVEPREDICT,20,2,2,0,3713,3e26,3f43,bd32,3def
TX PAI1,LIVEPREDICT,21,42a646ae43430ea143343204433d38c84152ff48401627e04352cc884318c7d84304f1f8432ac04b3f726b1c3f5ac14849997f80*15ff
RX # PAI1,LIVEPREDICT,21,2,2,0,3729,3e27,3f37,bd8f,3e44
TX PAI1,LIVEPREDICT,22,429ddb5643349ad24315319c431ec9fb417539134012720a43960184430437c843ae9f1a43a93fd73d151cbc3d9eef6749bd61ec*f759
RX # PAI1,LIVEPREDICT,22,2,2,0,3793,bde1,3f9f,be04,3bf8
TX PAI1,LIVEPREDICT,23,42f4d5fa438a594c4377f75c438d8aee41147f1a4010a84743c37ae0431c9d18434d7350438002313f9b18573f8c43dd490e0f58*4936
RX # PAI1,LIVEPREDICT,23,2,2,0,3712,be68,3f55,3e02,3e93
TX PAI1,LIVEPREDICT,24,43b089e2432da57a43349292438bb5e740fa14103efbce55439af6e4432933284341c4b0436341303f94d3a53f72154749b07b70*be4b
RX # PAI1,LIVEPREDICT,24,2,2,0,3725,becf,3f33,3ee6,3e80
TX PAI1,LIVEPREDICT,25,43d81e504330014243062c104353e6264140ff4d3ed07bf043577c8843226dc84318db58433779113f7376793f52cd6c49c1a558*ff43
RX # PAI1,LIVEPREDICT,25,2,2,0,3697,be59,3f43,3e86,3e4d
TX PAI1,LIVEPREDICT,26,429e2151435e6ab04331bbea43342b7c416a9b684034099543c1e568431b4d08430b8138434a5e673f3573853f4bcedb49da1f54*4aae
RX # PAI1,LIVEPREDICT,26,2,2,0,3794,3d1c,3f83,be38,3e0f
TX PAI1,LIVEPREDICT,27,428d5cb043428b4c431e7bae43286ac241746675403027b5435ebc70431d08804314ca90433178ad3f57256c3f62b67949c0de7c*0e3a
RX # PAI1,LIVEPREDICT,27,2,2,0,3719,3db9,3f50,bded,3e60
TX PAI1,LIVEPREDICT,28,428f3b9a43498273430efa5c431d3ed74159b6df4034143a43be305443155a2842ffa690434806793f2df8833f5d4d0149cf38b0*912d
RX # PAI1,LIVEPREDICT,28,2,2,0,3740,3da3,3f55,bd4e,3e1d
TX PAI1,LIVEPREDICT,29,4331afdd43343bb1432f2f79434c22b940d7e1323f81d58e435d87a0431f38ec430f9bf04337921a3fa736f13f965e824853fcc0*4282
RX # PAI1,LIVEPREDICT,29,3,3,1,4683,0000,0000,3f10,3ee8
TX PAI1,LIVEPREDICT,30,4335be7a4339a564435131ed435fab5e40b160173f82bf8643289a80430de9f042e122c0430c77033ffae0663f9d8d11480cb9c0*7e4b
RX # PAI1,LIVEPREDICT,30,3,3,1,4741,0000,0000,3f6d,3da0
TX PAI1,LIVEPREDICT,31,435ed52943970aaf43a23d3243a7f82340da511a3fad85ff428d5f9843055c1042e7ab9042fd0485400f726a3f58142f47e71900*2003
RX # PAI1,LIVEPREDICT,31,3,4,1,4682,0000,0000,3f3d,3e85
TX PAI1,LIVEPREDICT,32,433005f24388f4db43a1d560439ef34e40d15be03fc72ee142aa5fa84306397442e9ddb743003d56400eab043f6634ce47f4f340*d752
RX # PAI1,LIVEPREDICT,32,3,4,1,4721,0000,0000,3f47,3e49
TX PAI1,LIVEPREDICT,33,436793e9435efc744345764e43795cba4116adfa3f76809742e0ba2843185768430469fc43142903404269933fe705d747cba2c0*e3e4
RX # PAI1,LIVEPREDICT,33,3,4,1,4717,0000,0000,3f78,3d02
TX PAI1,LIVEPREDICT,34,4327188e43a9509743a5af3143a797f340dfc1974001b3214301f2d4430626b0430502644315c2294007c8333f72aa1e47f03780*4982
RX # PAI1,LIVEPREDICT,34,3,4,1,4717,0000,0000,3f4f,3e4d
TX PAI1,LIVEPREDICT,35,433a44b243032020431fd924433ff3ed4119a57d3f3436bb4394ad9c43176db042fc2ba94328e99640067b883fecae4947dee800*2435
RX # PAI1,LIVEPREDICT,35,2,2,0,3801,3e16,3ee4,3ec2,3cbc
TX PAI1,LIVEPREDICT,36,430da63c4392e646435144bd4378c62e41002eeb4004be8742a0afb04306dd2442e61e4f42fe641a3ff01d3e3f75891c480fe900*75e5
RX # PAI1,LIVEPREDICT,36,3,4,1,4712,0000,0000,3f3f,3e83
TX PAI1,LIVEPREDICT,37,432039f8437961af43858a8943810fd740cc16703fc7392b42a0a8c04304eae042eec620430155dd3fd472233f54e56748145000*cbcf
RX # PAI1,LIVEPREDICT,37,3,4,1,4726,0000,0000,3f42,3e79
TX PAI1,LIVEPREDICT,38,430e72d4432cf3284357625c435dabff410597ba3f9b685442ec4d98430df4e442d7234842ff2fa2403bfe753fd86a9e47f2e240*5a7e
RX # PAI1,LIVEPREDICT,38,1,1,0,3728,3ebf,3d0c,3eaf,3e7f
TX PAI1,LIVEPREDICT,39,43859584433d4090435b822d437fed394100aa753f35575442b3a0c0431922d842e8c6b0430598474054e7a33fde464647fa3dc0*5a4a
RX # PAI1,LIVEPREDICT,39,3,3,1,4775,0000,0000,3f3b,3e7c
TX PAI1,LIVEPREDICT,40,431d4ef943c680df438064194393aed340dbbc364021851242befac0430b144c4303dc9c430f106d400137b53f7a5a4c48001ec0*5ada
RX # PAI1,LIVEPREDICT,40,3,4,1,4710,0000,0000,3f3d,3e87
TX PAI1,LIVEPREDICT,41,436e8980436ab48d439006154395c7b040a6d3413f7be33d42c08350430117dc43030d04430c6066401f79b13f95769447d640c0*4cf4
RX # PAI1,LIVEPREDICT,41,3,3,1,4692,0000,0000,3f86,bd3c
TX PAI1,LIVEPREDICT,42,434c72c24381f5484388cec14397127940be5c053fa2ba2542bcf13843094b04430b44b84314ff8b4006560d3f847df0480295e0*0650
RX # PAI1,LIVEPREDICT,42,3,4,1,4667,0000,0000,3f4f,3e44
TX PAI1,LIVEPREDICT,43,435c7d01436478d84397df0043a3454b40a0456d3f84a2824319ff104319cc404313dacc432773a34002d88f3f86325647f0d380*af14
RX # PAI1,LIVEPREDICT,43,3,3,1,4669,0000,0000,3f5e,3e07
TX PAI1,LIVEPREDICT,44,4351715243128098433db33a4345f1f541022e703f33118d42a46ab4430cc99c42e45a2843000dd6405147e64007632647eac4c0*28a8
RX # PAI1,LIVEPREDICT,44,3,3,1,4788,0000,0000,3f90,bdde
TX PAI1,LIVEPREDICT,45,43035914433c562c4379f308435c7149411413d53fb7893b42b609144307cb3842dec54342fe4398403d584d3fda6530480cac80*0947
RX # PAI1,LIVEPREDICT,45,1,1,0,3799,3ee7,3d8c,3e96,3e42
TX PAI1,LIVEPREDICT,46,42e816324358488e4388cf914387992a410d77d83fee9183429c30b042eba51042c2c68842dc19ba405220283faa8930492730e0*fddf
RX # PAI1,LIVEPREDICT,46,1,1,0,3742,3f63,bd88,3d37,3e03
TX PAI1,LIVEPREDICT,47,42f96eb4434bbeae434e5b9e43559a06411053273fd11c04429758e442f6ea6742c5875c42dc3bac402c3afd3fb193d549400ee0*6872
RX # PAI1,LIVEPREDICT,47,1,1,0,3785,3f2a,bdf7,3e4e,3e7e
TX PAI1,LIVEPREDICT,48,42d21b8443603b82434c7f264359079441310d6a40089ae842a208d842f70bb842cb518442e49bcd402cb38a3fb5ea5249718c28*91de
RX # PAI1,LIVEPREDICT,48,1,1,0,3823,3f3d,3cae,3c20,3e68
TX PAI1,LIVEPREDICT,49,43028886434fd78a437f9d994377391d41040c863fcbceed42863ea042f49e1142af8b7442c7edae405a5f273fb098ad49047848*1526
RX # PAI1,LIVEPREDICT,49,1,1,0,3747,3f49,be4c,3e33,3e72
TX PAI1,LIVEPREDICT,50,42ea7f204379ab8c43808a0c4385ef10412b4718400848504298174042f8eba142cecc8942e4ab91406a736a3fc824ae4946f620*c161
RX # PAI1,LIVEPREDICT,50,1,1,0,3772,3f4a,3cca,bd03,3e5b
TX PAI1,LIVEPREDICT,51,42fcd3d6433a02d9436024cb435cba8941076cdc3fbc586042a4373842f3f40f42d6aad842ed9c5b402588d53fb231f649722a10*90d4
RX # PAI1,LIVEPREDICT,51,1,1,0,3789,3f28,bd98,3e83,3e25
TX PAI1,LIVEPREDICT,52,42d56f83437081b1433c604643563307413a562040103c1d428e1d4842fb7c7f42c949d142df0ad84038a8de3fc0487c49621540*c02f
RX # PAI1,LIVEPREDICT,52,1,1,0,3799,3f35,bd04,3c60,3ea0
TX PAI1,LIVEPREDICT,53,42cced2e4319d5b943600803435ab26b411fc3b63fc02cc542c61f1c42f95bd842b7f8c042dd1525401f96793fa1542349446380*0571
RX # PAI1,LIVEPREDICT,53,1,1,0,3757,3f5f,3db0,3d68,bc20
TX PAI1,LIVEPREDICT,54,42e67d9d432ce1db437dd7584379fd1f410f43b63fc0040d429e365442f8fa9042c056d042da96ed4055aa883fbad44249354290*c5b0
RX # PAI1,LIVEPREDICT,54,1,1,0,3804,3f57,bd62,3e09,3d92
TX PAI1,LIVEPREDICT,55,4310217943484ee34384b676438106be40f246583fb1e3e242869dbc42efe00842bd821042d4a0db405fe4d93fb87b84491427d8*4bbb
RX # PAI1,LIVEPREDICT,55,1,1,0,3788,3f46,be67,3e7a,3e41
TX PAI1,LIVEPREDICT,56,43161c864323f12f4384597a437eae4540fc7e413f8bcb1f428596304300781842b66a6c42cfed55406260763fb8d1b148dfb070*15c9
RX # PAI1,LIVEPREDICT,56,1,1,0,3717,3f3c,be24,3e90,3e02
TX PAI1,LIVEPREDICT,57,42e063154349f4ef4362b9bd436eb94741248f3a3fe668dd427b3f8842f4d27842bcbd3842d346df4048e0ee3fb1c86e490dfea0*60ea
RX # PAI1,LIVEPREDICT,57,1,1,0,3786,3f5c,bdb1,3d64,3e30
TX PAI1,LIVEPREDICT,58,43213432434f8b4343963658439b478d410bbfad3fa4cb94427c04e842fbc13042b5a37042cc65b84093123f3fc197bc48d04720*8ba6
RX # PAI1,LIVEPREDICT,58,1,1,0,3776,3f5e,bdfa,3dd0,3e0d
TX PAI1,LIVEPREDICT,59,42dfd0b8433f26044374d3864374783841183a7b3fdaa2be4290c46042fd55e942c12b4442d9e5cd403ece953faa115749465cf8*6a58
RX # PAI1,LIVEPREDICT,59,1,1,0,3758,3f44,bd0a,3dc5,3e28
TX PAI1,LIVEPREDICT,60,430b83694332551e438f2f24438c92aa40f422b23fa39d994283f5b442fba09842b7b62042ce6301406dd21e3fae950b490f53c0*5917
RX # PAI1,LIVEPREDICT,60,1,1,0,3716,3f4d,be36,3e62,3e11
TX PAI1,LIVEPREDICT,61,42ce535c4318bb9b434a60d04345d195411678b23fbd811e4272e94042f081c042b73e7042cc48394022758a3fa7c46b497ffbb8*280b
RX # PAI1,LIVEPREDICT,61,1,1,0,3739,3f5a,be23,3e5a,3dc2
TX PAI1,MODE,0*0f05
RX # PAI1,MODE,0
